running develop
Removing /home/denis/DENIS/RollerBot23/guardros_ws/install/rb23_keyboard_teleop/lib/python3.10/site-packages/rb23-keyboard-teleop.egg-link (link to .)
running egg_info
writing ../../build/rb23_keyboard_teleop/rb23_keyboard_teleop.egg-info/PKG-INFO
writing dependency_links to ../../build/rb23_keyboard_teleop/rb23_keyboard_teleop.egg-info/dependency_links.txt
writing entry points to ../../build/rb23_keyboard_teleop/rb23_keyboard_teleop.egg-info/entry_points.txt
writing requirements to ../../build/rb23_keyboard_teleop/rb23_keyboard_teleop.egg-info/requires.txt
writing top-level names to ../../build/rb23_keyboard_teleop/rb23_keyboard_teleop.egg-info/top_level.txt
reading manifest file '../../build/rb23_keyboard_teleop/rb23_keyboard_teleop.egg-info/SOURCES.txt'
writing manifest file '../../build/rb23_keyboard_teleop/rb23_keyboard_teleop.egg-info/SOURCES.txt'
running build
running build_py
creating /home/denis/DENIS/RollerBot23/guardros_ws/build/rb23_keyboard_teleop/build
creating /home/denis/DENIS/RollerBot23/guardros_ws/build/rb23_keyboard_teleop/build/lib
creating /home/denis/DENIS/RollerBot23/guardros_ws/build/rb23_keyboard_teleop/build/lib/rb23_keyboard_teleop
copying rb23_keyboard_teleop/__init__.py -> /home/denis/DENIS/RollerBot23/guardros_ws/build/rb23_keyboard_teleop/build/lib/rb23_keyboard_teleop
copying rb23_keyboard_teleop/keyboard_teleop_node.py -> /home/denis/DENIS/RollerBot23/guardros_ws/build/rb23_keyboard_teleop/build/lib/rb23_keyboard_teleop
running install
running install_lib
creating /home/denis/DENIS/RollerBot23/guardros_ws/install/rb23_keyboard_teleop/lib/python3.10/site-packages/rb23_keyboard_teleop
copying /home/denis/DENIS/RollerBot23/guardros_ws/build/rb23_keyboard_teleop/build/lib/rb23_keyboard_teleop/__init__.py -> /home/denis/DENIS/RollerBot23/guardros_ws/install/rb23_keyboard_teleop/lib/python3.10/site-packages/rb23_keyboard_teleop
copying /home/denis/DENIS/RollerBot23/guardros_ws/build/rb23_keyboard_teleop/build/lib/rb23_keyboard_teleop/keyboard_teleop_node.py -> /home/denis/DENIS/RollerBot23/guardros_ws/install/rb23_keyboard_teleop/lib/python3.10/site-packages/rb23_keyboard_teleop
byte-compiling /home/denis/DENIS/RollerBot23/guardros_ws/install/rb23_keyboard_teleop/lib/python3.10/site-packages/rb23_keyboard_teleop/__init__.py to __init__.cpython-310.pyc
byte-compiling /home/denis/DENIS/RollerBot23/guardros_ws/install/rb23_keyboard_teleop/lib/python3.10/site-packages/rb23_keyboard_teleop/keyboard_teleop_node.py to keyboard_teleop_node.cpython-310.pyc
running install_data
copying resource/rb23_keyboard_teleop -> /home/denis/DENIS/RollerBot23/guardros_ws/install/rb23_keyboard_teleop/share/ament_index/resource_index/packages
copying package.xml -> /home/denis/DENIS/RollerBot23/guardros_ws/install/rb23_keyboard_teleop/share/rb23_keyboard_teleop
running install_egg_info
Copying ../../build/rb23_keyboard_teleop/rb23_keyboard_teleop.egg-info to /home/denis/DENIS/RollerBot23/guardros_ws/install/rb23_keyboard_teleop/lib/python3.10/site-packages/rb23_keyboard_teleop-0.0.0-py3.10.egg-info
running install_scripts
Installing keyboard_teleop_node script to /home/denis/DENIS/RollerBot23/guardros_ws/install/rb23_keyboard_teleop/lib/rb23_keyboard_teleop
writing list of installed files to '/home/denis/DENIS/RollerBot23/guardros_ws/build/rb23_keyboard_teleop/install.log'
