[1.334s] Invoking command in '/home/denis/DENIS/RollerBot23/guardros_ws/build/rb23_keyboard_teleop': PYTHONPATH=/home/denis/DENIS/RollerBot23/guardros_ws/build/rb23_keyboard_teleop/prefix_override:/usr/lib/python3/dist-packages/colcon_core/task/python/colcon_distutils_commands:/home/denis/DENIS/RollerBot23/guardros_ws/install/rb23_keyboard_teleop/lib/python3.10/site-packages:${PYTHONPATH} /usr/bin/python3 -W ignore:setup.py install is deprecated -W ignore:easy_install command is deprecated setup.py develop --uninstall --editable --build-directory /home/denis/DENIS/RollerBot23/guardros_ws/build/rb23_keyboard_teleop/build
[1.658s] running develop
[1.901s] Removing /home/denis/DENIS/RollerBot23/guardros_ws/install/rb23_keyboard_teleop/lib/python3.10/site-packages/rb23-keyboard-teleop.egg-link (link to .)
[1.952s] Invoked command in '/home/denis/DENIS/RollerBot23/guardros_ws/build/rb23_keyboard_teleop' returned '0': PYTHONPATH=/home/denis/DENIS/RollerBot23/guardros_ws/build/rb23_keyboard_teleop/prefix_override:/usr/lib/python3/dist-packages/colcon_core/task/python/colcon_distutils_commands:/home/denis/DENIS/RollerBot23/guardros_ws/install/rb23_keyboard_teleop/lib/python3.10/site-packages:${PYTHONPATH} /usr/bin/python3 -W ignore:setup.py install is deprecated -W ignore:easy_install command is deprecated setup.py develop --uninstall --editable --build-directory /home/denis/DENIS/RollerBot23/guardros_ws/build/rb23_keyboard_teleop/build
[1.954s] Invoking command in '/home/denis/DENIS/RollerBot23/guardros_ws/src/rb23_keyboard_teleop': PYTHONPATH=/home/denis/DENIS/RollerBot23/guardros_ws/build/rb23_keyboard_teleop/prefix_override:/usr/lib/python3/dist-packages/colcon_core/task/python/colcon_distutils_commands:/home/denis/DENIS/RollerBot23/guardros_ws/install/rb23_keyboard_teleop/lib/python3.10/site-packages:${PYTHONPATH} /usr/bin/python3 -W ignore:setup.py install is deprecated -W ignore:easy_install command is deprecated setup.py egg_info --egg-base ../../build/rb23_keyboard_teleop build --build-base /home/denis/DENIS/RollerBot23/guardros_ws/build/rb23_keyboard_teleop/build install --record /home/denis/DENIS/RollerBot23/guardros_ws/build/rb23_keyboard_teleop/install.log --single-version-externally-managed install_data --force
[2.343s] running egg_info
[2.343s] writing ../../build/rb23_keyboard_teleop/rb23_keyboard_teleop.egg-info/PKG-INFO
[2.344s] writing dependency_links to ../../build/rb23_keyboard_teleop/rb23_keyboard_teleop.egg-info/dependency_links.txt
[2.344s] writing entry points to ../../build/rb23_keyboard_teleop/rb23_keyboard_teleop.egg-info/entry_points.txt
[2.344s] writing requirements to ../../build/rb23_keyboard_teleop/rb23_keyboard_teleop.egg-info/requires.txt
[2.345s] writing top-level names to ../../build/rb23_keyboard_teleop/rb23_keyboard_teleop.egg-info/top_level.txt
[2.345s] reading manifest file '../../build/rb23_keyboard_teleop/rb23_keyboard_teleop.egg-info/SOURCES.txt'
[2.345s] writing manifest file '../../build/rb23_keyboard_teleop/rb23_keyboard_teleop.egg-info/SOURCES.txt'
[2.361s] running build
[2.361s] running build_py
[2.362s] creating /home/denis/DENIS/RollerBot23/guardros_ws/build/rb23_keyboard_teleop/build
[2.362s] creating /home/denis/DENIS/RollerBot23/guardros_ws/build/rb23_keyboard_teleop/build/lib
[2.362s] creating /home/denis/DENIS/RollerBot23/guardros_ws/build/rb23_keyboard_teleop/build/lib/rb23_keyboard_teleop
[2.362s] copying rb23_keyboard_teleop/__init__.py -> /home/denis/DENIS/RollerBot23/guardros_ws/build/rb23_keyboard_teleop/build/lib/rb23_keyboard_teleop
[2.362s] copying rb23_keyboard_teleop/keyboard_teleop_node.py -> /home/denis/DENIS/RollerBot23/guardros_ws/build/rb23_keyboard_teleop/build/lib/rb23_keyboard_teleop
[2.363s] running install
[2.363s] running install_lib
[2.363s] creating /home/denis/DENIS/RollerBot23/guardros_ws/install/rb23_keyboard_teleop/lib/python3.10/site-packages/rb23_keyboard_teleop
[2.363s] copying /home/denis/DENIS/RollerBot23/guardros_ws/build/rb23_keyboard_teleop/build/lib/rb23_keyboard_teleop/__init__.py -> /home/denis/DENIS/RollerBot23/guardros_ws/install/rb23_keyboard_teleop/lib/python3.10/site-packages/rb23_keyboard_teleop
[2.363s] copying /home/denis/DENIS/RollerBot23/guardros_ws/build/rb23_keyboard_teleop/build/lib/rb23_keyboard_teleop/keyboard_teleop_node.py -> /home/denis/DENIS/RollerBot23/guardros_ws/install/rb23_keyboard_teleop/lib/python3.10/site-packages/rb23_keyboard_teleop
[2.367s] byte-compiling /home/denis/DENIS/RollerBot23/guardros_ws/install/rb23_keyboard_teleop/lib/python3.10/site-packages/rb23_keyboard_teleop/__init__.py to __init__.cpython-310.pyc
[2.367s] byte-compiling /home/denis/DENIS/RollerBot23/guardros_ws/install/rb23_keyboard_teleop/lib/python3.10/site-packages/rb23_keyboard_teleop/keyboard_teleop_node.py to keyboard_teleop_node.cpython-310.pyc
[2.367s] running install_data
[2.368s] copying resource/rb23_keyboard_teleop -> /home/denis/DENIS/RollerBot23/guardros_ws/install/rb23_keyboard_teleop/share/ament_index/resource_index/packages
[2.368s] copying package.xml -> /home/denis/DENIS/RollerBot23/guardros_ws/install/rb23_keyboard_teleop/share/rb23_keyboard_teleop
[2.368s] running install_egg_info
[2.371s] Copying ../../build/rb23_keyboard_teleop/rb23_keyboard_teleop.egg-info to /home/denis/DENIS/RollerBot23/guardros_ws/install/rb23_keyboard_teleop/lib/python3.10/site-packages/rb23_keyboard_teleop-0.0.0-py3.10.egg-info
[2.371s] running install_scripts
[2.398s] Installing keyboard_teleop_node script to /home/denis/DENIS/RollerBot23/guardros_ws/install/rb23_keyboard_teleop/lib/rb23_keyboard_teleop
[2.399s] writing list of installed files to '/home/denis/DENIS/RollerBot23/guardros_ws/build/rb23_keyboard_teleop/install.log'
[2.442s] Invoked command in '/home/denis/DENIS/RollerBot23/guardros_ws/src/rb23_keyboard_teleop' returned '0': PYTHONPATH=/home/denis/DENIS/RollerBot23/guardros_ws/build/rb23_keyboard_teleop/prefix_override:/usr/lib/python3/dist-packages/colcon_core/task/python/colcon_distutils_commands:/home/denis/DENIS/RollerBot23/guardros_ws/install/rb23_keyboard_teleop/lib/python3.10/site-packages:${PYTHONPATH} /usr/bin/python3 -W ignore:setup.py install is deprecated -W ignore:easy_install command is deprecated setup.py egg_info --egg-base ../../build/rb23_keyboard_teleop build --build-base /home/denis/DENIS/RollerBot23/guardros_ws/build/rb23_keyboard_teleop/build install --record /home/denis/DENIS/RollerBot23/guardros_ws/build/rb23_keyboard_teleop/install.log --single-version-externally-managed install_data --force
