[1.302s] Invoking command in '/home/denis/DENIS/RollerBot23/guardros_ws/build/rb23_audio': AMENT_PREFIX_PATH=/home/denis/DENIS/RollerBot23/guardros_ws/install/guardros_msgs:${AMENT_PREFIX_PATH} CMAKE_PREFIX_PATH=/home/denis/DENIS/RollerBot23/guardros_ws/install/guardros_msgs LD_LIBRARY_PATH=/home/denis/DENIS/RollerBot23/guardros_ws/install/guardros_msgs/lib:${LD_LIBRARY_PATH} PYTHONPATH=/home/denis/DENIS/RollerBot23/guardros_ws/build/rb23_audio/prefix_override:/usr/lib/python3/dist-packages/colcon_core/task/python/colcon_distutils_commands:/home/denis/DENIS/RollerBot23/guardros_ws/install/rb23_audio/lib/python3.10/site-packages:/home/denis/DENIS/RollerBot23/guardros_ws/install/guardros_msgs/local/lib/python3.10/dist-packages:${PYTHONPATH} /usr/bin/python3 -W ignore:setup.py install is deprecated -W ignore:easy_install command is deprecated setup.py develop --editable --build-directory /home/denis/DENIS/RollerBot23/guardros_ws/build/rb23_audio/build --no-deps symlink_data
[1.656s] running develop
[1.839s] running egg_info
[1.839s] creating rb23_audio.egg-info
[1.840s] writing rb23_audio.egg-info/PKG-INFO
[1.840s] writing dependency_links to rb23_audio.egg-info/dependency_links.txt
[1.840s] writing entry points to rb23_audio.egg-info/entry_points.txt
[1.840s] writing requirements to rb23_audio.egg-info/requires.txt
[1.840s] writing top-level names to rb23_audio.egg-info/top_level.txt
[1.840s] writing manifest file 'rb23_audio.egg-info/SOURCES.txt'
[1.842s] reading manifest file 'rb23_audio.egg-info/SOURCES.txt'
[1.843s] writing manifest file 'rb23_audio.egg-info/SOURCES.txt'
[1.844s] running build_ext
[1.844s] Creating /home/denis/DENIS/RollerBot23/guardros_ws/install/rb23_audio/lib/python3.10/site-packages/rb23-audio.egg-link (link to .)
[1.845s] Installing rb23_audio_node script to /home/denis/DENIS/RollerBot23/guardros_ws/install/rb23_audio/lib/rb23_audio
[1.845s] 
[1.845s] Installed /home/denis/DENIS/RollerBot23/guardros_ws/build/rb23_audio
[1.845s] running symlink_data
[1.846s] creating /home/denis/DENIS/RollerBot23/guardros_ws/install/rb23_audio/share/ament_index
[1.846s] creating /home/denis/DENIS/RollerBot23/guardros_ws/install/rb23_audio/share/ament_index/resource_index
[1.846s] creating /home/denis/DENIS/RollerBot23/guardros_ws/install/rb23_audio/share/ament_index/resource_index/packages
[1.846s] symbolically linking /home/denis/DENIS/RollerBot23/guardros_ws/build/rb23_audio/resource/rb23_audio -> /home/denis/DENIS/RollerBot23/guardros_ws/install/rb23_audio/share/ament_index/resource_index/packages
[1.846s] symbolically linking /home/denis/DENIS/RollerBot23/guardros_ws/build/rb23_audio/package.xml -> /home/denis/DENIS/RollerBot23/guardros_ws/install/rb23_audio/share/rb23_audio
[1.883s] Invoked command in '/home/denis/DENIS/RollerBot23/guardros_ws/build/rb23_audio' returned '0': AMENT_PREFIX_PATH=/home/denis/DENIS/RollerBot23/guardros_ws/install/guardros_msgs:${AMENT_PREFIX_PATH} CMAKE_PREFIX_PATH=/home/denis/DENIS/RollerBot23/guardros_ws/install/guardros_msgs LD_LIBRARY_PATH=/home/denis/DENIS/RollerBot23/guardros_ws/install/guardros_msgs/lib:${LD_LIBRARY_PATH} PYTHONPATH=/home/denis/DENIS/RollerBot23/guardros_ws/build/rb23_audio/prefix_override:/usr/lib/python3/dist-packages/colcon_core/task/python/colcon_distutils_commands:/home/denis/DENIS/RollerBot23/guardros_ws/install/rb23_audio/lib/python3.10/site-packages:/home/denis/DENIS/RollerBot23/guardros_ws/install/guardros_msgs/local/lib/python3.10/dist-packages:${PYTHONPATH} /usr/bin/python3 -W ignore:setup.py install is deprecated -W ignore:easy_install command is deprecated setup.py develop --editable --build-directory /home/denis/DENIS/RollerBot23/guardros_ws/build/rb23_audio/build --no-deps symlink_data
