[1.381s] Invoking command in '/home/denis/DENIS/RollerBot23/guardros_ws/src/rb23_audio': AMENT_PREFIX_PATH=/home/denis/DENIS/RollerBot23/guardros_ws/install/guardros_msgs:${AMENT_PREFIX_PATH} CMAKE_PREFIX_PATH=/home/denis/DENIS/RollerBot23/guardros_ws/install/guardros_msgs LD_LIBRARY_PATH=/home/denis/DENIS/RollerBot23/guardros_ws/install/guardros_msgs/lib:${LD_LIBRARY_PATH} PYTHONPATH=/home/denis/DENIS/RollerBot23/guardros_ws/build/rb23_audio/prefix_override:/usr/lib/python3/dist-packages/colcon_core/task/python/colcon_distutils_commands:/home/denis/DENIS/RollerBot23/guardros_ws/install/rb23_audio/lib/python3.10/site-packages:/home/denis/DENIS/RollerBot23/guardros_ws/install/guardros_msgs/local/lib/python3.10/dist-packages:${PYTHONPATH} /usr/bin/python3 -W ignore:setup.py install is deprecated -W ignore:easy_install command is deprecated setup.py egg_info --egg-base ../../build/rb23_audio build --build-base /home/denis/DENIS/RollerBot23/guardros_ws/build/rb23_audio/build install --record /home/denis/DENIS/RollerBot23/guardros_ws/build/rb23_audio/install.log --single-version-externally-managed install_data
[1.759s] running egg_info
[1.760s] writing ../../build/rb23_audio/rb23_audio.egg-info/PKG-INFO
[1.760s] writing dependency_links to ../../build/rb23_audio/rb23_audio.egg-info/dependency_links.txt
[1.761s] writing entry points to ../../build/rb23_audio/rb23_audio.egg-info/entry_points.txt
[1.761s] writing requirements to ../../build/rb23_audio/rb23_audio.egg-info/requires.txt
[1.761s] writing top-level names to ../../build/rb23_audio/rb23_audio.egg-info/top_level.txt
[1.763s] reading manifest file '../../build/rb23_audio/rb23_audio.egg-info/SOURCES.txt'
[1.764s] writing manifest file '../../build/rb23_audio/rb23_audio.egg-info/SOURCES.txt'
[1.764s] running build
[1.764s] running build_py
[1.764s] running install
[1.765s] running install_lib
[1.767s] running install_data
[1.767s] running install_egg_info
[1.770s] removing '/home/denis/DENIS/RollerBot23/guardros_ws/install/rb23_audio/lib/python3.10/site-packages/rb23_audio-0.0.0-py3.10.egg-info' (and everything under it)
[1.770s] Copying ../../build/rb23_audio/rb23_audio.egg-info to /home/denis/DENIS/RollerBot23/guardros_ws/install/rb23_audio/lib/python3.10/site-packages/rb23_audio-0.0.0-py3.10.egg-info
[1.772s] running install_scripts
[1.794s] Installing rb23_audio_node script to /home/denis/DENIS/RollerBot23/guardros_ws/install/rb23_audio/lib/rb23_audio
[1.794s] writing list of installed files to '/home/denis/DENIS/RollerBot23/guardros_ws/build/rb23_audio/install.log'
[1.830s] Invoked command in '/home/denis/DENIS/RollerBot23/guardros_ws/src/rb23_audio' returned '0': AMENT_PREFIX_PATH=/home/denis/DENIS/RollerBot23/guardros_ws/install/guardros_msgs:${AMENT_PREFIX_PATH} CMAKE_PREFIX_PATH=/home/denis/DENIS/RollerBot23/guardros_ws/install/guardros_msgs LD_LIBRARY_PATH=/home/denis/DENIS/RollerBot23/guardros_ws/install/guardros_msgs/lib:${LD_LIBRARY_PATH} PYTHONPATH=/home/denis/DENIS/RollerBot23/guardros_ws/build/rb23_audio/prefix_override:/usr/lib/python3/dist-packages/colcon_core/task/python/colcon_distutils_commands:/home/denis/DENIS/RollerBot23/guardros_ws/install/rb23_audio/lib/python3.10/site-packages:/home/denis/DENIS/RollerBot23/guardros_ws/install/guardros_msgs/local/lib/python3.10/dist-packages:${PYTHONPATH} /usr/bin/python3 -W ignore:setup.py install is deprecated -W ignore:easy_install command is deprecated setup.py egg_info --egg-base ../../build/rb23_audio build --build-base /home/denis/DENIS/RollerBot23/guardros_ws/build/rb23_audio/build install --record /home/denis/DENIS/RollerBot23/guardros_ws/build/rb23_audio/install.log --single-version-externally-managed install_data
