[1.351s] Invoking command in '/home/denis/DENIS/RollerBot23/guardros_ws/build/rb23_keyboard_teleop': PYTHONPATH=/home/denis/DENIS/RollerBot23/guardros_ws/build/rb23_keyboard_teleop/prefix_override:/usr/lib/python3/dist-packages/colcon_core/task/python/colcon_distutils_commands:/home/denis/DENIS/RollerBot23/guardros_ws/install/rb23_keyboard_teleop/lib/python3.10/site-packages:${PYTHONPATH} /usr/bin/python3 -W ignore:setup.py install is deprecated -W ignore:easy_install command is deprecated setup.py develop --uninstall --editable --build-directory /home/denis/DENIS/RollerBot23/guardros_ws/build/rb23_keyboard_teleop/build
[1.813s] running develop
[2.111s] Removing /home/denis/DENIS/RollerBot23/guardros_ws/install/rb23_keyboard_teleop/lib/python3.10/site-packages/rb23-keyboard-teleop.egg-link (link to .)
[3.075s] Invoked command in '/home/denis/DENIS/RollerBot23/guardros_ws/build/rb23_keyboard_teleop' returned '0': PYTHONPATH=/home/denis/DENIS/RollerBot23/guardros_ws/build/rb23_keyboard_teleop/prefix_override:/usr/lib/python3/dist-packages/colcon_core/task/python/colcon_distutils_commands:/home/denis/DENIS/RollerBot23/guardros_ws/install/rb23_keyboard_teleop/lib/python3.10/site-packages:${PYTHONPATH} /usr/bin/python3 -W ignore:setup.py install is deprecated -W ignore:easy_install command is deprecated setup.py develop --uninstall --editable --build-directory /home/denis/DENIS/RollerBot23/guardros_ws/build/rb23_keyboard_teleop/build
[3.078s] Invoking command in '/home/denis/DENIS/RollerBot23/guardros_ws/src/rb23_keyboard_teleop': PYTHONPATH=/home/denis/DENIS/RollerBot23/guardros_ws/build/rb23_keyboard_teleop/prefix_override:/usr/lib/python3/dist-packages/colcon_core/task/python/colcon_distutils_commands:/home/denis/DENIS/RollerBot23/guardros_ws/install/rb23_keyboard_teleop/lib/python3.10/site-packages:${PYTHONPATH} /usr/bin/python3 -W ignore:setup.py install is deprecated -W ignore:easy_install command is deprecated setup.py egg_info --egg-base ../../build/rb23_keyboard_teleop build --build-base /home/denis/DENIS/RollerBot23/guardros_ws/build/rb23_keyboard_teleop/build install --record /home/denis/DENIS/RollerBot23/guardros_ws/build/rb23_keyboard_teleop/install.log --single-version-externally-managed install_data --force
[3.406s] running egg_info
[3.407s] writing ../../build/rb23_keyboard_teleop/rb23_keyboard_teleop.egg-info/PKG-INFO
[3.408s] writing dependency_links to ../../build/rb23_keyboard_teleop/rb23_keyboard_teleop.egg-info/dependency_links.txt
[3.408s] writing entry points to ../../build/rb23_keyboard_teleop/rb23_keyboard_teleop.egg-info/entry_points.txt
[3.408s] writing requirements to ../../build/rb23_keyboard_teleop/rb23_keyboard_teleop.egg-info/requires.txt
[3.408s] writing top-level names to ../../build/rb23_keyboard_teleop/rb23_keyboard_teleop.egg-info/top_level.txt
[3.411s] reading manifest file '../../build/rb23_keyboard_teleop/rb23_keyboard_teleop.egg-info/SOURCES.txt'
[3.451s] writing manifest file '../../build/rb23_keyboard_teleop/rb23_keyboard_teleop.egg-info/SOURCES.txt'
[3.451s] running build
[3.451s] running build_py
[3.451s] copying rb23_keyboard_teleop/keyboard_teleop_node_bkp.py -> /home/denis/DENIS/RollerBot23/guardros_ws/build/rb23_keyboard_teleop/build/lib/rb23_keyboard_teleop
[3.451s] copying rb23_keyboard_teleop/keyboard_teleop_node.py -> /home/denis/DENIS/RollerBot23/guardros_ws/build/rb23_keyboard_teleop/build/lib/rb23_keyboard_teleop
[3.451s] running install
[3.452s] running install_lib
[3.453s] creating /home/denis/DENIS/RollerBot23/guardros_ws/install/rb23_keyboard_teleop/lib/python3.10/site-packages/rb23_keyboard_teleop
[3.453s] copying /home/denis/DENIS/RollerBot23/guardros_ws/build/rb23_keyboard_teleop/build/lib/rb23_keyboard_teleop/__init__.py -> /home/denis/DENIS/RollerBot23/guardros_ws/install/rb23_keyboard_teleop/lib/python3.10/site-packages/rb23_keyboard_teleop
[3.453s] copying /home/denis/DENIS/RollerBot23/guardros_ws/build/rb23_keyboard_teleop/build/lib/rb23_keyboard_teleop/keyboard_teleop_node_bkp.py -> /home/denis/DENIS/RollerBot23/guardros_ws/install/rb23_keyboard_teleop/lib/python3.10/site-packages/rb23_keyboard_teleop
[3.453s] copying /home/denis/DENIS/RollerBot23/guardros_ws/build/rb23_keyboard_teleop/build/lib/rb23_keyboard_teleop/keyboard_teleop_node.py -> /home/denis/DENIS/RollerBot23/guardros_ws/install/rb23_keyboard_teleop/lib/python3.10/site-packages/rb23_keyboard_teleop
[3.453s] byte-compiling /home/denis/DENIS/RollerBot23/guardros_ws/install/rb23_keyboard_teleop/lib/python3.10/site-packages/rb23_keyboard_teleop/__init__.py to __init__.cpython-310.pyc
[3.454s] byte-compiling /home/denis/DENIS/RollerBot23/guardros_ws/install/rb23_keyboard_teleop/lib/python3.10/site-packages/rb23_keyboard_teleop/keyboard_teleop_node_bkp.py to keyboard_teleop_node_bkp.cpython-310.pyc
[3.456s] byte-compiling /home/denis/DENIS/RollerBot23/guardros_ws/install/rb23_keyboard_teleop/lib/python3.10/site-packages/rb23_keyboard_teleop/keyboard_teleop_node.py to keyboard_teleop_node.cpython-310.pyc
[3.459s] running install_data
[3.459s] copying resource/rb23_keyboard_teleop -> /home/denis/DENIS/RollerBot23/guardros_ws/install/rb23_keyboard_teleop/share/ament_index/resource_index/packages
[3.459s] copying package.xml -> /home/denis/DENIS/RollerBot23/guardros_ws/install/rb23_keyboard_teleop/share/rb23_keyboard_teleop
[3.460s] running install_egg_info
[3.463s] Copying ../../build/rb23_keyboard_teleop/rb23_keyboard_teleop.egg-info to /home/denis/DENIS/RollerBot23/guardros_ws/install/rb23_keyboard_teleop/lib/python3.10/site-packages/rb23_keyboard_teleop-0.0.0-py3.10.egg-info
[3.464s] running install_scripts
[3.489s] Installing keyboard_teleop_node script to /home/denis/DENIS/RollerBot23/guardros_ws/install/rb23_keyboard_teleop/lib/rb23_keyboard_teleop
[3.490s] writing list of installed files to '/home/denis/DENIS/RollerBot23/guardros_ws/build/rb23_keyboard_teleop/install.log'
[3.541s] Invoked command in '/home/denis/DENIS/RollerBot23/guardros_ws/src/rb23_keyboard_teleop' returned '0': PYTHONPATH=/home/denis/DENIS/RollerBot23/guardros_ws/build/rb23_keyboard_teleop/prefix_override:/usr/lib/python3/dist-packages/colcon_core/task/python/colcon_distutils_commands:/home/denis/DENIS/RollerBot23/guardros_ws/install/rb23_keyboard_teleop/lib/python3.10/site-packages:${PYTHONPATH} /usr/bin/python3 -W ignore:setup.py install is deprecated -W ignore:easy_install command is deprecated setup.py egg_info --egg-base ../../build/rb23_keyboard_teleop build --build-base /home/denis/DENIS/RollerBot23/guardros_ws/build/rb23_keyboard_teleop/build install --record /home/denis/DENIS/RollerBot23/guardros_ws/build/rb23_keyboard_teleop/install.log --single-version-externally-managed install_data --force
