[0.237s] DEBUG:colcon:Command line arguments: ['/usr/bin/colcon', 'build', '--symlink-install']
[0.237s] DEBUG:colcon:Parsed command line arguments: Namespace(log_base=None, log_level=None, verb_name='build', build_base='build', install_base='install', merge_install=False, symlink_install=True, test_result_base=None, continue_on_error=False, executor='parallel', parallel_workers=8, event_handlers=None, ignore_user_meta=False, metas=['./colcon.meta'], base_paths=['.'], packages_ignore=None, packages_ignore_regex=None, paths=None, packages_up_to=None, packages_up_to_regex=None, packages_above=None, packages_above_and_dependencies=None, packages_above_depth=None, packages_select_by_dep=None, packages_skip_by_dep=None, packages_skip_up_to=None, packages_select_build_failed=False, packages_skip_build_finished=False, packages_select_test_failures=False, packages_skip_test_passed=False, packages_select=None, packages_skip=None, packages_select_regex=None, packages_skip_regex=None, packages_start=None, packages_end=None, allow_overriding=[], cmake_args=None, cmake_target=None, cmake_target_skip_unavailable=False, cmake_clean_cache=False, cmake_clean_first=False, cmake_force_configure=False, ament_cmake_args=None, catkin_cmake_args=None, catkin_skip_building_tests=False, verb_parser=<colcon_defaults.argument_parser.defaults.DefaultArgumentsDecorator object at 0x7fb4f6f2fdf0>, verb_extension=<colcon_core.verb.build.BuildVerb object at 0x7fb4f6f2f8e0>, main=<bound method BuildVerb.main of <colcon_core.verb.build.BuildVerb object at 0x7fb4f6f2f8e0>>)
[0.539s] Level 1:colcon.colcon_core.package_discovery:discover_packages(colcon_meta) check parameters
[0.539s] Level 1:colcon.colcon_core.package_discovery:discover_packages(recursive) check parameters
[0.539s] Level 1:colcon.colcon_core.package_discovery:discover_packages(ignore) check parameters
[0.539s] Level 1:colcon.colcon_core.package_discovery:discover_packages(path) check parameters
[0.539s] Level 1:colcon.colcon_core.package_discovery:discover_packages(colcon_meta) discover
[0.539s] Level 1:colcon.colcon_core.package_discovery:discover_packages(recursive) discover
[0.539s] INFO:colcon.colcon_core.package_discovery:Crawling recursively for packages in '/home/denis/DENIS/RollerBot23/guardros_ws'
[0.540s] Level 1:colcon.colcon_core.package_identification:_identify(.) by extensions ['ignore', 'ignore_ament_install']
[0.540s] Level 1:colcon.colcon_core.package_identification:_identify(.) by extension 'ignore'
[0.540s] Level 1:colcon.colcon_core.package_identification:_identify(.) by extension 'ignore_ament_install'
[0.540s] Level 1:colcon.colcon_core.package_identification:_identify(.) by extensions ['colcon_pkg']
[0.540s] Level 1:colcon.colcon_core.package_identification:_identify(.) by extension 'colcon_pkg'
[0.540s] Level 1:colcon.colcon_core.package_identification:_identify(.) by extensions ['colcon_meta']
[0.540s] Level 1:colcon.colcon_core.package_identification:_identify(.) by extension 'colcon_meta'
[0.540s] Level 1:colcon.colcon_core.package_identification:_identify(.) by extensions ['ros']
[0.540s] Level 1:colcon.colcon_core.package_identification:_identify(.) by extension 'ros'
[0.555s] Level 1:colcon.colcon_core.package_identification:_identify(.) by extensions ['cmake', 'python']
[0.556s] Level 1:colcon.colcon_core.package_identification:_identify(.) by extension 'cmake'
[0.556s] Level 1:colcon.colcon_core.package_identification:_identify(.) by extension 'python'
[0.556s] Level 1:colcon.colcon_core.package_identification:_identify(.) by extensions ['python_setup_py']
[0.556s] Level 1:colcon.colcon_core.package_identification:_identify(.) by extension 'python_setup_py'
[0.556s] Level 1:colcon.colcon_core.package_identification:_identify(build) by extensions ['ignore', 'ignore_ament_install']
[0.556s] Level 1:colcon.colcon_core.package_identification:_identify(build) by extension 'ignore'
[0.556s] Level 1:colcon.colcon_core.package_identification:_identify(build) ignored
[0.556s] Level 1:colcon.colcon_core.package_identification:_identify(install) by extensions ['ignore', 'ignore_ament_install']
[0.556s] Level 1:colcon.colcon_core.package_identification:_identify(install) by extension 'ignore'
[0.556s] Level 1:colcon.colcon_core.package_identification:_identify(install) ignored
[0.556s] Level 1:colcon.colcon_core.package_identification:_identify(log) by extensions ['ignore', 'ignore_ament_install']
[0.556s] Level 1:colcon.colcon_core.package_identification:_identify(log) by extension 'ignore'
[0.556s] Level 1:colcon.colcon_core.package_identification:_identify(log) ignored
[0.557s] Level 1:colcon.colcon_core.package_identification:_identify(scripts) by extensions ['ignore', 'ignore_ament_install']
[0.557s] Level 1:colcon.colcon_core.package_identification:_identify(scripts) by extension 'ignore'
[0.557s] Level 1:colcon.colcon_core.package_identification:_identify(scripts) by extension 'ignore_ament_install'
[0.557s] Level 1:colcon.colcon_core.package_identification:_identify(scripts) by extensions ['colcon_pkg']
[0.557s] Level 1:colcon.colcon_core.package_identification:_identify(scripts) by extension 'colcon_pkg'
[0.557s] Level 1:colcon.colcon_core.package_identification:_identify(scripts) by extensions ['colcon_meta']
[0.557s] Level 1:colcon.colcon_core.package_identification:_identify(scripts) by extension 'colcon_meta'
[0.557s] Level 1:colcon.colcon_core.package_identification:_identify(scripts) by extensions ['ros']
[0.557s] Level 1:colcon.colcon_core.package_identification:_identify(scripts) by extension 'ros'
[0.557s] Level 1:colcon.colcon_core.package_identification:_identify(scripts) by extensions ['cmake', 'python']
[0.557s] Level 1:colcon.colcon_core.package_identification:_identify(scripts) by extension 'cmake'
[0.557s] Level 1:colcon.colcon_core.package_identification:_identify(scripts) by extension 'python'
[0.557s] Level 1:colcon.colcon_core.package_identification:_identify(scripts) by extensions ['python_setup_py']
[0.557s] Level 1:colcon.colcon_core.package_identification:_identify(scripts) by extension 'python_setup_py'
[0.557s] Level 1:colcon.colcon_core.package_identification:_identify(src) by extensions ['ignore', 'ignore_ament_install']
[0.557s] Level 1:colcon.colcon_core.package_identification:_identify(src) by extension 'ignore'
[0.558s] Level 1:colcon.colcon_core.package_identification:_identify(src) by extension 'ignore_ament_install'
[0.558s] Level 1:colcon.colcon_core.package_identification:_identify(src) by extensions ['colcon_pkg']
[0.558s] Level 1:colcon.colcon_core.package_identification:_identify(src) by extension 'colcon_pkg'
[0.558s] Level 1:colcon.colcon_core.package_identification:_identify(src) by extensions ['colcon_meta']
[0.558s] Level 1:colcon.colcon_core.package_identification:_identify(src) by extension 'colcon_meta'
[0.558s] Level 1:colcon.colcon_core.package_identification:_identify(src) by extensions ['ros']
[0.558s] Level 1:colcon.colcon_core.package_identification:_identify(src) by extension 'ros'
[0.558s] Level 1:colcon.colcon_core.package_identification:_identify(src) by extensions ['cmake', 'python']
[0.558s] Level 1:colcon.colcon_core.package_identification:_identify(src) by extension 'cmake'
[0.558s] Level 1:colcon.colcon_core.package_identification:_identify(src) by extension 'python'
[0.558s] Level 1:colcon.colcon_core.package_identification:_identify(src) by extensions ['python_setup_py']
[0.558s] Level 1:colcon.colcon_core.package_identification:_identify(src) by extension 'python_setup_py'
[0.558s] Level 1:colcon.colcon_core.package_identification:_identify(src/guardros_msgs) by extensions ['ignore', 'ignore_ament_install']
[0.558s] Level 1:colcon.colcon_core.package_identification:_identify(src/guardros_msgs) by extension 'ignore'
[0.559s] Level 1:colcon.colcon_core.package_identification:_identify(src/guardros_msgs) by extension 'ignore_ament_install'
[0.559s] Level 1:colcon.colcon_core.package_identification:_identify(src/guardros_msgs) by extensions ['colcon_pkg']
[0.559s] Level 1:colcon.colcon_core.package_identification:_identify(src/guardros_msgs) by extension 'colcon_pkg'
[0.559s] Level 1:colcon.colcon_core.package_identification:_identify(src/guardros_msgs) by extensions ['colcon_meta']
[0.559s] Level 1:colcon.colcon_core.package_identification:_identify(src/guardros_msgs) by extension 'colcon_meta'
[0.559s] Level 1:colcon.colcon_core.package_identification:_identify(src/guardros_msgs) by extensions ['ros']
[0.559s] Level 1:colcon.colcon_core.package_identification:_identify(src/guardros_msgs) by extension 'ros'
[0.564s] DEBUG:colcon.colcon_core.package_identification:Package 'src/guardros_msgs' with type 'ros.ament_cmake' and name 'guardros_msgs'
[0.564s] Level 1:colcon.colcon_core.package_identification:_identify(src/rb23_keyboard_teleop) by extensions ['ignore', 'ignore_ament_install']
[0.564s] Level 1:colcon.colcon_core.package_identification:_identify(src/rb23_keyboard_teleop) by extension 'ignore'
[0.564s] Level 1:colcon.colcon_core.package_identification:_identify(src/rb23_keyboard_teleop) by extension 'ignore_ament_install'
[0.564s] Level 1:colcon.colcon_core.package_identification:_identify(src/rb23_keyboard_teleop) by extensions ['colcon_pkg']
[0.564s] Level 1:colcon.colcon_core.package_identification:_identify(src/rb23_keyboard_teleop) by extension 'colcon_pkg'
[0.564s] Level 1:colcon.colcon_core.package_identification:_identify(src/rb23_keyboard_teleop) by extensions ['colcon_meta']
[0.564s] Level 1:colcon.colcon_core.package_identification:_identify(src/rb23_keyboard_teleop) by extension 'colcon_meta'
[0.564s] Level 1:colcon.colcon_core.package_identification:_identify(src/rb23_keyboard_teleop) by extensions ['ros']
[0.564s] Level 1:colcon.colcon_core.package_identification:_identify(src/rb23_keyboard_teleop) by extension 'ros'
[0.566s] DEBUG:colcon.colcon_core.package_identification:Package 'src/rb23_keyboard_teleop' with type 'ros.ament_python' and name 'rb23_keyboard_teleop'
[0.566s] Level 1:colcon.colcon_core.package_identification:_identify(src/rb23_ros_driver) by extensions ['ignore', 'ignore_ament_install']
[0.567s] Level 1:colcon.colcon_core.package_identification:_identify(src/rb23_ros_driver) by extension 'ignore'
[0.567s] Level 1:colcon.colcon_core.package_identification:_identify(src/rb23_ros_driver) by extension 'ignore_ament_install'
[0.567s] Level 1:colcon.colcon_core.package_identification:_identify(src/rb23_ros_driver) by extensions ['colcon_pkg']
[0.567s] Level 1:colcon.colcon_core.package_identification:_identify(src/rb23_ros_driver) by extension 'colcon_pkg'
[0.567s] Level 1:colcon.colcon_core.package_identification:_identify(src/rb23_ros_driver) by extensions ['colcon_meta']
[0.567s] Level 1:colcon.colcon_core.package_identification:_identify(src/rb23_ros_driver) by extension 'colcon_meta'
[0.567s] Level 1:colcon.colcon_core.package_identification:_identify(src/rb23_ros_driver) by extensions ['ros']
[0.567s] Level 1:colcon.colcon_core.package_identification:_identify(src/rb23_ros_driver) by extension 'ros'
[0.569s] DEBUG:colcon.colcon_core.package_identification:Package 'src/rb23_ros_driver' with type 'ros.ament_python' and name 'rb23_ros_driver'
[0.569s] Level 1:colcon.colcon_core.package_identification:_identify(src/rb23_telemetry_viewer) by extensions ['ignore', 'ignore_ament_install']
[0.569s] Level 1:colcon.colcon_core.package_identification:_identify(src/rb23_telemetry_viewer) by extension 'ignore'
[0.569s] Level 1:colcon.colcon_core.package_identification:_identify(src/rb23_telemetry_viewer) by extension 'ignore_ament_install'
[0.569s] Level 1:colcon.colcon_core.package_identification:_identify(src/rb23_telemetry_viewer) by extensions ['colcon_pkg']
[0.569s] Level 1:colcon.colcon_core.package_identification:_identify(src/rb23_telemetry_viewer) by extension 'colcon_pkg'
[0.569s] Level 1:colcon.colcon_core.package_identification:_identify(src/rb23_telemetry_viewer) by extensions ['colcon_meta']
[0.569s] Level 1:colcon.colcon_core.package_identification:_identify(src/rb23_telemetry_viewer) by extension 'colcon_meta'
[0.569s] Level 1:colcon.colcon_core.package_identification:_identify(src/rb23_telemetry_viewer) by extensions ['ros']
[0.569s] Level 1:colcon.colcon_core.package_identification:_identify(src/rb23_telemetry_viewer) by extension 'ros'
[0.570s] DEBUG:colcon.colcon_core.package_identification:Package 'src/rb23_telemetry_viewer' with type 'ros.ament_python' and name 'rb23_telemetry_viewer'
[0.571s] Level 1:colcon.colcon_core.package_identification:_identify(src/rb23_video_viewer) by extensions ['ignore', 'ignore_ament_install']
[0.571s] Level 1:colcon.colcon_core.package_identification:_identify(src/rb23_video_viewer) by extension 'ignore'
[0.571s] Level 1:colcon.colcon_core.package_identification:_identify(src/rb23_video_viewer) by extension 'ignore_ament_install'
[0.571s] Level 1:colcon.colcon_core.package_identification:_identify(src/rb23_video_viewer) by extensions ['colcon_pkg']
[0.571s] Level 1:colcon.colcon_core.package_identification:_identify(src/rb23_video_viewer) by extension 'colcon_pkg'
[0.571s] Level 1:colcon.colcon_core.package_identification:_identify(src/rb23_video_viewer) by extensions ['colcon_meta']
[0.571s] Level 1:colcon.colcon_core.package_identification:_identify(src/rb23_video_viewer) by extension 'colcon_meta'
[0.571s] Level 1:colcon.colcon_core.package_identification:_identify(src/rb23_video_viewer) by extensions ['ros']
[0.571s] Level 1:colcon.colcon_core.package_identification:_identify(src/rb23_video_viewer) by extension 'ros'
[0.572s] DEBUG:colcon.colcon_core.package_identification:Package 'src/rb23_video_viewer' with type 'ros.ament_python' and name 'rb23_video_viewer'
[0.572s] Level 1:colcon.colcon_core.package_discovery:discover_packages(recursive) using defaults
[0.573s] Level 1:colcon.colcon_core.package_discovery:discover_packages(ignore) discover
[0.573s] Level 1:colcon.colcon_core.package_discovery:discover_packages(ignore) using defaults
[0.573s] Level 1:colcon.colcon_core.package_discovery:discover_packages(path) discover
[0.573s] Level 1:colcon.colcon_core.package_discovery:discover_packages(path) using defaults
[0.602s] Level 1:colcon.colcon_core.package_discovery:discover_packages(prefix_path) check parameters
[0.602s] Level 1:colcon.colcon_core.package_discovery:discover_packages(prefix_path) discover
[0.606s] DEBUG:colcon.colcon_installed_package_information.package_discovery:Found 315 installed packages in /opt/ros/humble
[0.617s] Level 1:colcon.colcon_core.package_discovery:discover_packages(prefix_path) using defaults
[0.663s] Level 5:colcon.colcon_core.verb:set package 'guardros_msgs' build argument 'cmake_args' from command line to 'None'
[0.663s] Level 5:colcon.colcon_core.verb:set package 'guardros_msgs' build argument 'cmake_target' from command line to 'None'
[0.663s] Level 5:colcon.colcon_core.verb:set package 'guardros_msgs' build argument 'cmake_target_skip_unavailable' from command line to 'False'
[0.663s] Level 5:colcon.colcon_core.verb:set package 'guardros_msgs' build argument 'cmake_clean_cache' from command line to 'False'
[0.663s] Level 5:colcon.colcon_core.verb:set package 'guardros_msgs' build argument 'cmake_clean_first' from command line to 'False'
[0.663s] Level 5:colcon.colcon_core.verb:set package 'guardros_msgs' build argument 'cmake_force_configure' from command line to 'False'
[0.663s] Level 5:colcon.colcon_core.verb:set package 'guardros_msgs' build argument 'ament_cmake_args' from command line to 'None'
[0.663s] Level 5:colcon.colcon_core.verb:set package 'guardros_msgs' build argument 'catkin_cmake_args' from command line to 'None'
[0.663s] Level 5:colcon.colcon_core.verb:set package 'guardros_msgs' build argument 'catkin_skip_building_tests' from command line to 'False'
[0.663s] DEBUG:colcon.colcon_core.verb:Building package 'guardros_msgs' with the following arguments: {'ament_cmake_args': None, 'build_base': '/home/denis/DENIS/RollerBot23/guardros_ws/build/guardros_msgs', 'catkin_cmake_args': None, 'catkin_skip_building_tests': False, 'cmake_args': None, 'cmake_clean_cache': False, 'cmake_clean_first': False, 'cmake_force_configure': False, 'cmake_target': None, 'cmake_target_skip_unavailable': False, 'install_base': '/home/denis/DENIS/RollerBot23/guardros_ws/install/guardros_msgs', 'merge_install': False, 'path': '/home/denis/DENIS/RollerBot23/guardros_ws/src/guardros_msgs', 'symlink_install': True, 'test_result_base': None}
[0.663s] Level 5:colcon.colcon_core.verb:set package 'rb23_keyboard_teleop' build argument 'cmake_args' from command line to 'None'
[0.663s] Level 5:colcon.colcon_core.verb:set package 'rb23_keyboard_teleop' build argument 'cmake_target' from command line to 'None'
[0.663s] Level 5:colcon.colcon_core.verb:set package 'rb23_keyboard_teleop' build argument 'cmake_target_skip_unavailable' from command line to 'False'
[0.663s] Level 5:colcon.colcon_core.verb:set package 'rb23_keyboard_teleop' build argument 'cmake_clean_cache' from command line to 'False'
[0.663s] Level 5:colcon.colcon_core.verb:set package 'rb23_keyboard_teleop' build argument 'cmake_clean_first' from command line to 'False'
[0.663s] Level 5:colcon.colcon_core.verb:set package 'rb23_keyboard_teleop' build argument 'cmake_force_configure' from command line to 'False'
[0.663s] Level 5:colcon.colcon_core.verb:set package 'rb23_keyboard_teleop' build argument 'ament_cmake_args' from command line to 'None'
[0.663s] Level 5:colcon.colcon_core.verb:set package 'rb23_keyboard_teleop' build argument 'catkin_cmake_args' from command line to 'None'
[0.663s] Level 5:colcon.colcon_core.verb:set package 'rb23_keyboard_teleop' build argument 'catkin_skip_building_tests' from command line to 'False'
[0.664s] DEBUG:colcon.colcon_core.verb:Building package 'rb23_keyboard_teleop' with the following arguments: {'ament_cmake_args': None, 'build_base': '/home/denis/DENIS/RollerBot23/guardros_ws/build/rb23_keyboard_teleop', 'catkin_cmake_args': None, 'catkin_skip_building_tests': False, 'cmake_args': None, 'cmake_clean_cache': False, 'cmake_clean_first': False, 'cmake_force_configure': False, 'cmake_target': None, 'cmake_target_skip_unavailable': False, 'install_base': '/home/denis/DENIS/RollerBot23/guardros_ws/install/rb23_keyboard_teleop', 'merge_install': False, 'path': '/home/denis/DENIS/RollerBot23/guardros_ws/src/rb23_keyboard_teleop', 'symlink_install': True, 'test_result_base': None}
[0.664s] Level 5:colcon.colcon_core.verb:set package 'rb23_ros_driver' build argument 'cmake_args' from command line to 'None'
[0.664s] Level 5:colcon.colcon_core.verb:set package 'rb23_ros_driver' build argument 'cmake_target' from command line to 'None'
[0.664s] Level 5:colcon.colcon_core.verb:set package 'rb23_ros_driver' build argument 'cmake_target_skip_unavailable' from command line to 'False'
[0.664s] Level 5:colcon.colcon_core.verb:set package 'rb23_ros_driver' build argument 'cmake_clean_cache' from command line to 'False'
[0.664s] Level 5:colcon.colcon_core.verb:set package 'rb23_ros_driver' build argument 'cmake_clean_first' from command line to 'False'
[0.664s] Level 5:colcon.colcon_core.verb:set package 'rb23_ros_driver' build argument 'cmake_force_configure' from command line to 'False'
[0.664s] Level 5:colcon.colcon_core.verb:set package 'rb23_ros_driver' build argument 'ament_cmake_args' from command line to 'None'
[0.664s] Level 5:colcon.colcon_core.verb:set package 'rb23_ros_driver' build argument 'catkin_cmake_args' from command line to 'None'
[0.664s] Level 5:colcon.colcon_core.verb:set package 'rb23_ros_driver' build argument 'catkin_skip_building_tests' from command line to 'False'
[0.664s] DEBUG:colcon.colcon_core.verb:Building package 'rb23_ros_driver' with the following arguments: {'ament_cmake_args': None, 'build_base': '/home/denis/DENIS/RollerBot23/guardros_ws/build/rb23_ros_driver', 'catkin_cmake_args': None, 'catkin_skip_building_tests': False, 'cmake_args': None, 'cmake_clean_cache': False, 'cmake_clean_first': False, 'cmake_force_configure': False, 'cmake_target': None, 'cmake_target_skip_unavailable': False, 'install_base': '/home/denis/DENIS/RollerBot23/guardros_ws/install/rb23_ros_driver', 'merge_install': False, 'path': '/home/denis/DENIS/RollerBot23/guardros_ws/src/rb23_ros_driver', 'symlink_install': True, 'test_result_base': None}
[0.664s] Level 5:colcon.colcon_core.verb:set package 'rb23_video_viewer' build argument 'cmake_args' from command line to 'None'
[0.665s] Level 5:colcon.colcon_core.verb:set package 'rb23_video_viewer' build argument 'cmake_target' from command line to 'None'
[0.665s] Level 5:colcon.colcon_core.verb:set package 'rb23_video_viewer' build argument 'cmake_target_skip_unavailable' from command line to 'False'
[0.665s] Level 5:colcon.colcon_core.verb:set package 'rb23_video_viewer' build argument 'cmake_clean_cache' from command line to 'False'
[0.665s] Level 5:colcon.colcon_core.verb:set package 'rb23_video_viewer' build argument 'cmake_clean_first' from command line to 'False'
[0.665s] Level 5:colcon.colcon_core.verb:set package 'rb23_video_viewer' build argument 'cmake_force_configure' from command line to 'False'
[0.665s] Level 5:colcon.colcon_core.verb:set package 'rb23_video_viewer' build argument 'ament_cmake_args' from command line to 'None'
[0.665s] Level 5:colcon.colcon_core.verb:set package 'rb23_video_viewer' build argument 'catkin_cmake_args' from command line to 'None'
[0.665s] Level 5:colcon.colcon_core.verb:set package 'rb23_video_viewer' build argument 'catkin_skip_building_tests' from command line to 'False'
[0.665s] DEBUG:colcon.colcon_core.verb:Building package 'rb23_video_viewer' with the following arguments: {'ament_cmake_args': None, 'build_base': '/home/denis/DENIS/RollerBot23/guardros_ws/build/rb23_video_viewer', 'catkin_cmake_args': None, 'catkin_skip_building_tests': False, 'cmake_args': None, 'cmake_clean_cache': False, 'cmake_clean_first': False, 'cmake_force_configure': False, 'cmake_target': None, 'cmake_target_skip_unavailable': False, 'install_base': '/home/denis/DENIS/RollerBot23/guardros_ws/install/rb23_video_viewer', 'merge_install': False, 'path': '/home/denis/DENIS/RollerBot23/guardros_ws/src/rb23_video_viewer', 'symlink_install': True, 'test_result_base': None}
[0.665s] Level 5:colcon.colcon_core.verb:set package 'rb23_telemetry_viewer' build argument 'cmake_args' from command line to 'None'
[0.665s] Level 5:colcon.colcon_core.verb:set package 'rb23_telemetry_viewer' build argument 'cmake_target' from command line to 'None'
[0.665s] Level 5:colcon.colcon_core.verb:set package 'rb23_telemetry_viewer' build argument 'cmake_target_skip_unavailable' from command line to 'False'
[0.665s] Level 5:colcon.colcon_core.verb:set package 'rb23_telemetry_viewer' build argument 'cmake_clean_cache' from command line to 'False'
[0.665s] Level 5:colcon.colcon_core.verb:set package 'rb23_telemetry_viewer' build argument 'cmake_clean_first' from command line to 'False'
[0.665s] Level 5:colcon.colcon_core.verb:set package 'rb23_telemetry_viewer' build argument 'cmake_force_configure' from command line to 'False'
[0.665s] Level 5:colcon.colcon_core.verb:set package 'rb23_telemetry_viewer' build argument 'ament_cmake_args' from command line to 'None'
[0.665s] Level 5:colcon.colcon_core.verb:set package 'rb23_telemetry_viewer' build argument 'catkin_cmake_args' from command line to 'None'
[0.665s] Level 5:colcon.colcon_core.verb:set package 'rb23_telemetry_viewer' build argument 'catkin_skip_building_tests' from command line to 'False'
[0.665s] DEBUG:colcon.colcon_core.verb:Building package 'rb23_telemetry_viewer' with the following arguments: {'ament_cmake_args': None, 'build_base': '/home/denis/DENIS/RollerBot23/guardros_ws/build/rb23_telemetry_viewer', 'catkin_cmake_args': None, 'catkin_skip_building_tests': False, 'cmake_args': None, 'cmake_clean_cache': False, 'cmake_clean_first': False, 'cmake_force_configure': False, 'cmake_target': None, 'cmake_target_skip_unavailable': False, 'install_base': '/home/denis/DENIS/RollerBot23/guardros_ws/install/rb23_telemetry_viewer', 'merge_install': False, 'path': '/home/denis/DENIS/RollerBot23/guardros_ws/src/rb23_telemetry_viewer', 'symlink_install': True, 'test_result_base': None}
[0.666s] INFO:colcon.colcon_core.executor:Executing jobs using 'parallel' executor
[0.667s] DEBUG:colcon.colcon_parallel_executor.executor.parallel:run_until_complete
[0.667s] INFO:colcon.colcon_ros.task.ament_cmake.build:Building ROS package in '/home/denis/DENIS/RollerBot23/guardros_ws/src/guardros_msgs' with build type 'ament_cmake'
[0.667s] INFO:colcon.colcon_cmake.task.cmake.build:Building CMake package in '/home/denis/DENIS/RollerBot23/guardros_ws/src/guardros_msgs'
[0.671s] INFO:colcon.colcon_core.plugin_system:Skipping extension 'colcon_core.shell.bat': Not used on non-Windows systems
[0.671s] INFO:colcon.colcon_core.shell:Skip shell extension 'powershell' for command environment: Not usable outside of PowerShell
[0.671s] DEBUG:colcon.colcon_core.shell:Skip shell extension 'dsv' for command environment
[0.674s] INFO:colcon.colcon_ros.task.ament_python.build:Building ROS package in '/home/denis/DENIS/RollerBot23/guardros_ws/src/rb23_keyboard_teleop' with build type 'ament_python'
[0.674s] Level 1:colcon.colcon_core.shell:create_environment_hook('rb23_keyboard_teleop', 'ament_prefix_path')
[0.675s] INFO:colcon.colcon_core.shell:Creating environment hook '/home/denis/DENIS/RollerBot23/guardros_ws/install/rb23_keyboard_teleop/share/rb23_keyboard_teleop/hook/ament_prefix_path.ps1'
[0.676s] INFO:colcon.colcon_core.shell:Creating environment descriptor '/home/denis/DENIS/RollerBot23/guardros_ws/install/rb23_keyboard_teleop/share/rb23_keyboard_teleop/hook/ament_prefix_path.dsv'
[0.676s] INFO:colcon.colcon_core.shell:Creating environment hook '/home/denis/DENIS/RollerBot23/guardros_ws/install/rb23_keyboard_teleop/share/rb23_keyboard_teleop/hook/ament_prefix_path.sh'
[0.678s] INFO:colcon.colcon_core.shell:Skip shell extension 'powershell' for command environment: Not usable outside of PowerShell
[0.678s] DEBUG:colcon.colcon_core.shell:Skip shell extension 'dsv' for command environment
[0.682s] INFO:colcon.colcon_ros.task.ament_python.build:Building ROS package in '/home/denis/DENIS/RollerBot23/guardros_ws/src/rb23_ros_driver' with build type 'ament_python'
[0.682s] Level 1:colcon.colcon_core.shell:create_environment_hook('rb23_ros_driver', 'ament_prefix_path')
[0.682s] INFO:colcon.colcon_core.shell:Creating environment hook '/home/denis/DENIS/RollerBot23/guardros_ws/install/rb23_ros_driver/share/rb23_ros_driver/hook/ament_prefix_path.ps1'
[0.683s] INFO:colcon.colcon_core.shell:Creating environment descriptor '/home/denis/DENIS/RollerBot23/guardros_ws/install/rb23_ros_driver/share/rb23_ros_driver/hook/ament_prefix_path.dsv'
[0.684s] INFO:colcon.colcon_core.shell:Creating environment hook '/home/denis/DENIS/RollerBot23/guardros_ws/install/rb23_ros_driver/share/rb23_ros_driver/hook/ament_prefix_path.sh'
[0.684s] INFO:colcon.colcon_core.shell:Skip shell extension 'powershell' for command environment: Not usable outside of PowerShell
[0.684s] DEBUG:colcon.colcon_core.shell:Skip shell extension 'dsv' for command environment
[0.687s] INFO:colcon.colcon_ros.task.ament_python.build:Building ROS package in '/home/denis/DENIS/RollerBot23/guardros_ws/src/rb23_video_viewer' with build type 'ament_python'
[0.687s] Level 1:colcon.colcon_core.shell:create_environment_hook('rb23_video_viewer', 'ament_prefix_path')
[0.687s] INFO:colcon.colcon_core.shell:Creating environment hook '/home/denis/DENIS/RollerBot23/guardros_ws/install/rb23_video_viewer/share/rb23_video_viewer/hook/ament_prefix_path.ps1'
[0.688s] INFO:colcon.colcon_core.shell:Creating environment descriptor '/home/denis/DENIS/RollerBot23/guardros_ws/install/rb23_video_viewer/share/rb23_video_viewer/hook/ament_prefix_path.dsv'
[0.689s] INFO:colcon.colcon_core.shell:Creating environment hook '/home/denis/DENIS/RollerBot23/guardros_ws/install/rb23_video_viewer/share/rb23_video_viewer/hook/ament_prefix_path.sh'
[0.689s] INFO:colcon.colcon_core.shell:Skip shell extension 'powershell' for command environment: Not usable outside of PowerShell
[0.690s] DEBUG:colcon.colcon_core.shell:Skip shell extension 'dsv' for command environment
[0.703s] DEBUG:colcon.colcon_core.event_handler.log_command:Invoking command in '/home/denis/DENIS/RollerBot23/guardros_ws/build/guardros_msgs': CMAKE_PREFIX_PATH=/opt/ros/humble /usr/bin/cmake --build /home/denis/DENIS/RollerBot23/guardros_ws/build/guardros_msgs -- -j8 -l8
[1.055s] INFO:colcon.colcon_core.task.python.build:Building Python package in '/home/denis/DENIS/RollerBot23/guardros_ws/src/rb23_keyboard_teleop'
[1.056s] INFO:colcon.colcon_core.shell:Skip shell extension 'powershell' for command environment: Not usable outside of PowerShell
[1.056s] DEBUG:colcon.colcon_core.shell:Skip shell extension 'dsv' for command environment
[1.365s] INFO:colcon.colcon_core.task.python.build:Building Python package in '/home/denis/DENIS/RollerBot23/guardros_ws/src/rb23_ros_driver'
[1.365s] INFO:colcon.colcon_core.shell:Skip shell extension 'powershell' for command environment: Not usable outside of PowerShell
[1.365s] DEBUG:colcon.colcon_core.shell:Skip shell extension 'dsv' for command environment
[1.668s] INFO:colcon.colcon_core.task.python.build:Building Python package in '/home/denis/DENIS/RollerBot23/guardros_ws/src/rb23_video_viewer'
[1.668s] INFO:colcon.colcon_core.shell:Skip shell extension 'powershell' for command environment: Not usable outside of PowerShell
[1.668s] DEBUG:colcon.colcon_core.shell:Skip shell extension 'dsv' for command environment
[1.680s] DEBUG:colcon.colcon_core.event_handler.log_command:Invoked command in '/home/denis/DENIS/RollerBot23/guardros_ws/build/guardros_msgs' returned '0': CMAKE_PREFIX_PATH=/opt/ros/humble /usr/bin/cmake --build /home/denis/DENIS/RollerBot23/guardros_ws/build/guardros_msgs -- -j8 -l8
[1.688s] DEBUG:colcon.colcon_core.event_handler.log_command:Invoking command in '/home/denis/DENIS/RollerBot23/guardros_ws/build/guardros_msgs': CMAKE_PREFIX_PATH=/opt/ros/humble /usr/bin/cmake --install /home/denis/DENIS/RollerBot23/guardros_ws/build/guardros_msgs
[1.805s] Level 1:colcon.colcon_core.environment:create_environment_scripts_only(guardros_msgs)
[1.806s] DEBUG:colcon.colcon_core.event_handler.log_command:Invoked command in '/home/denis/DENIS/RollerBot23/guardros_ws/build/guardros_msgs' returned '0': CMAKE_PREFIX_PATH=/opt/ros/humble /usr/bin/cmake --install /home/denis/DENIS/RollerBot23/guardros_ws/build/guardros_msgs
[1.810s] Level 1:colcon.colcon_core.environment:checking '/home/denis/DENIS/RollerBot23/guardros_ws/install/guardros_msgs' for CMake module files
[1.811s] Level 1:colcon.colcon_core.environment:checking '/home/denis/DENIS/RollerBot23/guardros_ws/install/guardros_msgs' for CMake config files
[1.814s] Level 1:colcon.colcon_core.shell:create_environment_hook('guardros_msgs', 'cmake_prefix_path')
[1.814s] INFO:colcon.colcon_core.shell:Creating environment hook '/home/denis/DENIS/RollerBot23/guardros_ws/install/guardros_msgs/share/guardros_msgs/hook/cmake_prefix_path.ps1'
[1.815s] INFO:colcon.colcon_core.shell:Creating environment descriptor '/home/denis/DENIS/RollerBot23/guardros_ws/install/guardros_msgs/share/guardros_msgs/hook/cmake_prefix_path.dsv'
[1.815s] INFO:colcon.colcon_core.shell:Creating environment hook '/home/denis/DENIS/RollerBot23/guardros_ws/install/guardros_msgs/share/guardros_msgs/hook/cmake_prefix_path.sh'
[1.816s] Level 1:colcon.colcon_core.environment:checking '/home/denis/DENIS/RollerBot23/guardros_ws/install/guardros_msgs/lib'
[1.817s] Level 1:colcon.colcon_core.shell:create_environment_hook('guardros_msgs', 'ld_library_path_lib')
[1.817s] INFO:colcon.colcon_core.shell:Creating environment hook '/home/denis/DENIS/RollerBot23/guardros_ws/install/guardros_msgs/share/guardros_msgs/hook/ld_library_path_lib.ps1'
[1.818s] INFO:colcon.colcon_core.shell:Creating environment descriptor '/home/denis/DENIS/RollerBot23/guardros_ws/install/guardros_msgs/share/guardros_msgs/hook/ld_library_path_lib.dsv'
[1.818s] INFO:colcon.colcon_core.shell:Creating environment hook '/home/denis/DENIS/RollerBot23/guardros_ws/install/guardros_msgs/share/guardros_msgs/hook/ld_library_path_lib.sh'
[1.819s] Level 1:colcon.colcon_core.environment:checking '/home/denis/DENIS/RollerBot23/guardros_ws/install/guardros_msgs/bin'
[1.819s] Level 1:colcon.colcon_core.environment:checking '/home/denis/DENIS/RollerBot23/guardros_ws/install/guardros_msgs/lib/pkgconfig/guardros_msgs.pc'
[1.819s] Level 1:colcon.colcon_core.environment:checking '/home/denis/DENIS/RollerBot23/guardros_ws/install/guardros_msgs/lib/python3.10/site-packages'
[1.819s] Level 1:colcon.colcon_core.environment:checking '/home/denis/DENIS/RollerBot23/guardros_ws/install/guardros_msgs/bin'
[1.820s] INFO:colcon.colcon_core.shell:Creating package script '/home/denis/DENIS/RollerBot23/guardros_ws/install/guardros_msgs/share/guardros_msgs/package.ps1'
[1.822s] INFO:colcon.colcon_core.shell:Creating package descriptor '/home/denis/DENIS/RollerBot23/guardros_ws/install/guardros_msgs/share/guardros_msgs/package.dsv'
[1.823s] INFO:colcon.colcon_core.shell:Creating package script '/home/denis/DENIS/RollerBot23/guardros_ws/install/guardros_msgs/share/guardros_msgs/package.sh'
[1.824s] INFO:colcon.colcon_core.shell:Creating package script '/home/denis/DENIS/RollerBot23/guardros_ws/install/guardros_msgs/share/guardros_msgs/package.bash'
[1.826s] INFO:colcon.colcon_core.shell:Creating package script '/home/denis/DENIS/RollerBot23/guardros_ws/install/guardros_msgs/share/guardros_msgs/package.zsh'
[1.827s] Level 1:colcon.colcon_core.environment:create_file_with_runtime_dependencies(/home/denis/DENIS/RollerBot23/guardros_ws/install/guardros_msgs/share/colcon-core/packages/guardros_msgs)
[1.827s] Level 1:colcon.colcon_core.environment:create_environment_scripts_only(guardros_msgs)
[1.828s] Level 1:colcon.colcon_core.environment:checking '/home/denis/DENIS/RollerBot23/guardros_ws/install/guardros_msgs' for CMake module files
[1.828s] Level 1:colcon.colcon_core.environment:checking '/home/denis/DENIS/RollerBot23/guardros_ws/install/guardros_msgs' for CMake config files
[1.830s] Level 1:colcon.colcon_core.shell:create_environment_hook('guardros_msgs', 'cmake_prefix_path')
[1.830s] INFO:colcon.colcon_core.shell:Creating environment hook '/home/denis/DENIS/RollerBot23/guardros_ws/install/guardros_msgs/share/guardros_msgs/hook/cmake_prefix_path.ps1'
[1.830s] INFO:colcon.colcon_core.shell:Creating environment descriptor '/home/denis/DENIS/RollerBot23/guardros_ws/install/guardros_msgs/share/guardros_msgs/hook/cmake_prefix_path.dsv'
[1.831s] INFO:colcon.colcon_core.shell:Creating environment hook '/home/denis/DENIS/RollerBot23/guardros_ws/install/guardros_msgs/share/guardros_msgs/hook/cmake_prefix_path.sh'
[1.831s] Level 1:colcon.colcon_core.environment:checking '/home/denis/DENIS/RollerBot23/guardros_ws/install/guardros_msgs/lib'
[1.831s] Level 1:colcon.colcon_core.shell:create_environment_hook('guardros_msgs', 'ld_library_path_lib')
[1.831s] INFO:colcon.colcon_core.shell:Creating environment hook '/home/denis/DENIS/RollerBot23/guardros_ws/install/guardros_msgs/share/guardros_msgs/hook/ld_library_path_lib.ps1'
[1.832s] INFO:colcon.colcon_core.shell:Creating environment descriptor '/home/denis/DENIS/RollerBot23/guardros_ws/install/guardros_msgs/share/guardros_msgs/hook/ld_library_path_lib.dsv'
[1.832s] INFO:colcon.colcon_core.shell:Creating environment hook '/home/denis/DENIS/RollerBot23/guardros_ws/install/guardros_msgs/share/guardros_msgs/hook/ld_library_path_lib.sh'
[1.833s] Level 1:colcon.colcon_core.environment:checking '/home/denis/DENIS/RollerBot23/guardros_ws/install/guardros_msgs/bin'
[1.833s] Level 1:colcon.colcon_core.environment:checking '/home/denis/DENIS/RollerBot23/guardros_ws/install/guardros_msgs/lib/pkgconfig/guardros_msgs.pc'
[1.833s] Level 1:colcon.colcon_core.environment:checking '/home/denis/DENIS/RollerBot23/guardros_ws/install/guardros_msgs/lib/python3.10/site-packages'
[1.833s] Level 1:colcon.colcon_core.environment:checking '/home/denis/DENIS/RollerBot23/guardros_ws/install/guardros_msgs/bin'
[1.834s] INFO:colcon.colcon_core.shell:Creating package script '/home/denis/DENIS/RollerBot23/guardros_ws/install/guardros_msgs/share/guardros_msgs/package.ps1'
[1.834s] INFO:colcon.colcon_core.shell:Creating package descriptor '/home/denis/DENIS/RollerBot23/guardros_ws/install/guardros_msgs/share/guardros_msgs/package.dsv'
[1.835s] INFO:colcon.colcon_core.shell:Creating package script '/home/denis/DENIS/RollerBot23/guardros_ws/install/guardros_msgs/share/guardros_msgs/package.sh'
[1.835s] INFO:colcon.colcon_core.shell:Creating package script '/home/denis/DENIS/RollerBot23/guardros_ws/install/guardros_msgs/share/guardros_msgs/package.bash'
[1.836s] INFO:colcon.colcon_core.shell:Creating package script '/home/denis/DENIS/RollerBot23/guardros_ws/install/guardros_msgs/share/guardros_msgs/package.zsh'
[1.836s] Level 1:colcon.colcon_core.environment:create_file_with_runtime_dependencies(/home/denis/DENIS/RollerBot23/guardros_ws/install/guardros_msgs/share/colcon-core/packages/guardros_msgs)
[1.836s] INFO:colcon.colcon_ros.task.ament_python.build:Building ROS package in '/home/denis/DENIS/RollerBot23/guardros_ws/src/rb23_telemetry_viewer' with build type 'ament_python'
[1.836s] Level 1:colcon.colcon_core.shell:create_environment_hook('rb23_telemetry_viewer', 'ament_prefix_path')
[1.837s] INFO:colcon.colcon_core.shell:Creating environment hook '/home/denis/DENIS/RollerBot23/guardros_ws/install/rb23_telemetry_viewer/share/rb23_telemetry_viewer/hook/ament_prefix_path.ps1'
[1.838s] INFO:colcon.colcon_core.shell:Creating environment descriptor '/home/denis/DENIS/RollerBot23/guardros_ws/install/rb23_telemetry_viewer/share/rb23_telemetry_viewer/hook/ament_prefix_path.dsv'
[1.838s] INFO:colcon.colcon_core.shell:Creating environment hook '/home/denis/DENIS/RollerBot23/guardros_ws/install/rb23_telemetry_viewer/share/rb23_telemetry_viewer/hook/ament_prefix_path.sh'
[1.838s] INFO:colcon.colcon_core.shell:Skip shell extension 'powershell' for command environment: Not usable outside of PowerShell
[1.839s] DEBUG:colcon.colcon_core.shell:Skip shell extension 'dsv' for command environment
[2.217s] INFO:colcon.colcon_core.task.python.build:Building Python package in '/home/denis/DENIS/RollerBot23/guardros_ws/src/rb23_telemetry_viewer'
[2.217s] INFO:colcon.colcon_core.shell:Skip shell extension 'powershell' for command environment: Not usable outside of PowerShell
[2.217s] DEBUG:colcon.colcon_core.shell:Skip shell extension 'dsv' for command environment
[2.225s] DEBUG:colcon.colcon_core.event_handler.log_command:Invoking command in '/home/denis/DENIS/RollerBot23/guardros_ws/build/rb23_keyboard_teleop': PYTHONPATH=/home/denis/DENIS/RollerBot23/guardros_ws/build/rb23_keyboard_teleop/prefix_override:/usr/lib/python3/dist-packages/colcon_core/task/python/colcon_distutils_commands:/home/denis/DENIS/RollerBot23/guardros_ws/install/rb23_keyboard_teleop/lib/python3.10/site-packages:${PYTHONPATH} /usr/bin/python3 -W ignore:setup.py install is deprecated -W ignore:easy_install command is deprecated setup.py develop --editable --build-directory /home/denis/DENIS/RollerBot23/guardros_ws/build/rb23_keyboard_teleop/build --no-deps symlink_data
[2.232s] DEBUG:colcon.colcon_core.event_handler.log_command:Invoking command in '/home/denis/DENIS/RollerBot23/guardros_ws/build/rb23_video_viewer': PYTHONPATH=/home/denis/DENIS/RollerBot23/guardros_ws/build/rb23_video_viewer/prefix_override:/usr/lib/python3/dist-packages/colcon_core/task/python/colcon_distutils_commands:/home/denis/DENIS/RollerBot23/guardros_ws/install/rb23_video_viewer/lib/python3.10/site-packages:${PYTHONPATH} /usr/bin/python3 -W ignore:setup.py install is deprecated -W ignore:easy_install command is deprecated setup.py develop --editable --build-directory /home/denis/DENIS/RollerBot23/guardros_ws/build/rb23_video_viewer/build --no-deps symlink_data
[2.233s] DEBUG:colcon.colcon_core.event_handler.log_command:Invoking command in '/home/denis/DENIS/RollerBot23/guardros_ws/build/rb23_ros_driver': PYTHONPATH=/home/denis/DENIS/RollerBot23/guardros_ws/build/rb23_ros_driver/prefix_override:/usr/lib/python3/dist-packages/colcon_core/task/python/colcon_distutils_commands:/home/denis/DENIS/RollerBot23/guardros_ws/install/rb23_ros_driver/lib/python3.10/site-packages:${PYTHONPATH} /usr/bin/python3 -W ignore:setup.py install is deprecated -W ignore:easy_install command is deprecated setup.py develop --editable --build-directory /home/denis/DENIS/RollerBot23/guardros_ws/build/rb23_ros_driver/build --no-deps symlink_data
[2.777s] DEBUG:colcon.colcon_core.event_handler.log_command:Invoking command in '/home/denis/DENIS/RollerBot23/guardros_ws/build/rb23_telemetry_viewer': AMENT_PREFIX_PATH=/home/denis/DENIS/RollerBot23/guardros_ws/install/guardros_msgs:${AMENT_PREFIX_PATH} CMAKE_PREFIX_PATH=/home/denis/DENIS/RollerBot23/guardros_ws/install/guardros_msgs LD_LIBRARY_PATH=/home/denis/DENIS/RollerBot23/guardros_ws/install/guardros_msgs/lib:${LD_LIBRARY_PATH} PYTHONPATH=/home/denis/DENIS/RollerBot23/guardros_ws/build/rb23_telemetry_viewer/prefix_override:/usr/lib/python3/dist-packages/colcon_core/task/python/colcon_distutils_commands:/home/denis/DENIS/RollerBot23/guardros_ws/install/rb23_telemetry_viewer/lib/python3.10/site-packages:/home/denis/DENIS/RollerBot23/guardros_ws/install/guardros_msgs/local/lib/python3.10/dist-packages:${PYTHONPATH} /usr/bin/python3 -W ignore:setup.py install is deprecated -W ignore:easy_install command is deprecated setup.py develop --editable --build-directory /home/denis/DENIS/RollerBot23/guardros_ws/build/rb23_telemetry_viewer/build --no-deps symlink_data
[2.968s] Level 1:colcon.colcon_core.shell:create_environment_hook('rb23_video_viewer', 'pythonpath_develop')
[2.968s] INFO:colcon.colcon_core.shell:Creating environment hook '/home/denis/DENIS/RollerBot23/guardros_ws/build/rb23_video_viewer/share/rb23_video_viewer/hook/pythonpath_develop.ps1'
[2.969s] DEBUG:colcon.colcon_core.event_handler.log_command:Invoked command in '/home/denis/DENIS/RollerBot23/guardros_ws/build/rb23_video_viewer' returned '0': PYTHONPATH=/home/denis/DENIS/RollerBot23/guardros_ws/build/rb23_video_viewer/prefix_override:/usr/lib/python3/dist-packages/colcon_core/task/python/colcon_distutils_commands:/home/denis/DENIS/RollerBot23/guardros_ws/install/rb23_video_viewer/lib/python3.10/site-packages:${PYTHONPATH} /usr/bin/python3 -W ignore:setup.py install is deprecated -W ignore:easy_install command is deprecated setup.py develop --editable --build-directory /home/denis/DENIS/RollerBot23/guardros_ws/build/rb23_video_viewer/build --no-deps symlink_data
[2.970s] INFO:colcon.colcon_core.shell:Creating environment descriptor '/home/denis/DENIS/RollerBot23/guardros_ws/build/rb23_video_viewer/share/rb23_video_viewer/hook/pythonpath_develop.dsv'
[2.970s] INFO:colcon.colcon_core.shell:Creating environment hook '/home/denis/DENIS/RollerBot23/guardros_ws/build/rb23_video_viewer/share/rb23_video_viewer/hook/pythonpath_develop.sh'
[2.971s] Level 1:colcon.colcon_core.environment:checking '/home/denis/DENIS/RollerBot23/guardros_ws/install/rb23_video_viewer' for CMake module files
[2.972s] Level 1:colcon.colcon_core.environment:checking '/home/denis/DENIS/RollerBot23/guardros_ws/install/rb23_video_viewer' for CMake config files
[2.973s] Level 1:colcon.colcon_core.environment:checking '/home/denis/DENIS/RollerBot23/guardros_ws/install/rb23_video_viewer/lib'
[2.973s] Level 1:colcon.colcon_core.environment:checking '/home/denis/DENIS/RollerBot23/guardros_ws/install/rb23_video_viewer/bin'
[2.973s] Level 1:colcon.colcon_core.environment:checking '/home/denis/DENIS/RollerBot23/guardros_ws/install/rb23_video_viewer/lib/pkgconfig/rb23_video_viewer.pc'
[2.973s] Level 1:colcon.colcon_core.environment:checking '/home/denis/DENIS/RollerBot23/guardros_ws/install/rb23_video_viewer/lib/python3.10/site-packages'
[2.973s] Level 1:colcon.colcon_core.shell:create_environment_hook('rb23_video_viewer', 'pythonpath')
[2.974s] INFO:colcon.colcon_core.shell:Creating environment hook '/home/denis/DENIS/RollerBot23/guardros_ws/install/rb23_video_viewer/share/rb23_video_viewer/hook/pythonpath.ps1'
[2.974s] INFO:colcon.colcon_core.shell:Creating environment descriptor '/home/denis/DENIS/RollerBot23/guardros_ws/install/rb23_video_viewer/share/rb23_video_viewer/hook/pythonpath.dsv'
[2.975s] INFO:colcon.colcon_core.shell:Creating environment hook '/home/denis/DENIS/RollerBot23/guardros_ws/install/rb23_video_viewer/share/rb23_video_viewer/hook/pythonpath.sh'
[2.976s] Level 1:colcon.colcon_core.environment:checking '/home/denis/DENIS/RollerBot23/guardros_ws/install/rb23_video_viewer/bin'
[2.976s] Level 1:colcon.colcon_core.environment:create_environment_scripts_only(rb23_video_viewer)
[2.977s] INFO:colcon.colcon_core.shell:Creating package script '/home/denis/DENIS/RollerBot23/guardros_ws/install/rb23_video_viewer/share/rb23_video_viewer/package.ps1'
[2.978s] INFO:colcon.colcon_core.shell:Creating package descriptor '/home/denis/DENIS/RollerBot23/guardros_ws/install/rb23_video_viewer/share/rb23_video_viewer/package.dsv'
[2.979s] INFO:colcon.colcon_core.shell:Creating package script '/home/denis/DENIS/RollerBot23/guardros_ws/install/rb23_video_viewer/share/rb23_video_viewer/package.sh'
[2.979s] INFO:colcon.colcon_core.shell:Creating package script '/home/denis/DENIS/RollerBot23/guardros_ws/install/rb23_video_viewer/share/rb23_video_viewer/package.bash'
[2.980s] INFO:colcon.colcon_core.shell:Creating package script '/home/denis/DENIS/RollerBot23/guardros_ws/install/rb23_video_viewer/share/rb23_video_viewer/package.zsh'
[2.981s] Level 1:colcon.colcon_core.environment:create_file_with_runtime_dependencies(/home/denis/DENIS/RollerBot23/guardros_ws/install/rb23_video_viewer/share/colcon-core/packages/rb23_video_viewer)
[2.987s] Level 1:colcon.colcon_core.shell:create_environment_hook('rb23_keyboard_teleop', 'pythonpath_develop')
[2.988s] INFO:colcon.colcon_core.shell:Creating environment hook '/home/denis/DENIS/RollerBot23/guardros_ws/build/rb23_keyboard_teleop/share/rb23_keyboard_teleop/hook/pythonpath_develop.ps1'
[2.988s] DEBUG:colcon.colcon_core.event_handler.log_command:Invoked command in '/home/denis/DENIS/RollerBot23/guardros_ws/build/rb23_keyboard_teleop' returned '0': PYTHONPATH=/home/denis/DENIS/RollerBot23/guardros_ws/build/rb23_keyboard_teleop/prefix_override:/usr/lib/python3/dist-packages/colcon_core/task/python/colcon_distutils_commands:/home/denis/DENIS/RollerBot23/guardros_ws/install/rb23_keyboard_teleop/lib/python3.10/site-packages:${PYTHONPATH} /usr/bin/python3 -W ignore:setup.py install is deprecated -W ignore:easy_install command is deprecated setup.py develop --editable --build-directory /home/denis/DENIS/RollerBot23/guardros_ws/build/rb23_keyboard_teleop/build --no-deps symlink_data
[2.989s] INFO:colcon.colcon_core.shell:Creating environment descriptor '/home/denis/DENIS/RollerBot23/guardros_ws/build/rb23_keyboard_teleop/share/rb23_keyboard_teleop/hook/pythonpath_develop.dsv'
[2.989s] INFO:colcon.colcon_core.shell:Creating environment hook '/home/denis/DENIS/RollerBot23/guardros_ws/build/rb23_keyboard_teleop/share/rb23_keyboard_teleop/hook/pythonpath_develop.sh'
[2.990s] Level 1:colcon.colcon_core.environment:checking '/home/denis/DENIS/RollerBot23/guardros_ws/install/rb23_keyboard_teleop' for CMake module files
[2.990s] Level 1:colcon.colcon_core.environment:checking '/home/denis/DENIS/RollerBot23/guardros_ws/install/rb23_keyboard_teleop' for CMake config files
[2.991s] Level 1:colcon.colcon_core.environment:checking '/home/denis/DENIS/RollerBot23/guardros_ws/install/rb23_keyboard_teleop/lib'
[2.991s] Level 1:colcon.colcon_core.environment:checking '/home/denis/DENIS/RollerBot23/guardros_ws/install/rb23_keyboard_teleop/bin'
[2.991s] Level 1:colcon.colcon_core.environment:checking '/home/denis/DENIS/RollerBot23/guardros_ws/install/rb23_keyboard_teleop/lib/pkgconfig/rb23_keyboard_teleop.pc'
[2.991s] Level 1:colcon.colcon_core.environment:checking '/home/denis/DENIS/RollerBot23/guardros_ws/install/rb23_keyboard_teleop/lib/python3.10/site-packages'
[2.991s] Level 1:colcon.colcon_core.shell:create_environment_hook('rb23_keyboard_teleop', 'pythonpath')
[2.992s] INFO:colcon.colcon_core.shell:Creating environment hook '/home/denis/DENIS/RollerBot23/guardros_ws/install/rb23_keyboard_teleop/share/rb23_keyboard_teleop/hook/pythonpath.ps1'
[2.992s] INFO:colcon.colcon_core.shell:Creating environment descriptor '/home/denis/DENIS/RollerBot23/guardros_ws/install/rb23_keyboard_teleop/share/rb23_keyboard_teleop/hook/pythonpath.dsv'
[2.993s] INFO:colcon.colcon_core.shell:Creating environment hook '/home/denis/DENIS/RollerBot23/guardros_ws/install/rb23_keyboard_teleop/share/rb23_keyboard_teleop/hook/pythonpath.sh'
[2.993s] Level 1:colcon.colcon_core.environment:checking '/home/denis/DENIS/RollerBot23/guardros_ws/install/rb23_keyboard_teleop/bin'
[2.993s] Level 1:colcon.colcon_core.environment:create_environment_scripts_only(rb23_keyboard_teleop)
[2.994s] INFO:colcon.colcon_core.shell:Creating package script '/home/denis/DENIS/RollerBot23/guardros_ws/install/rb23_keyboard_teleop/share/rb23_keyboard_teleop/package.ps1'
[2.995s] INFO:colcon.colcon_core.shell:Creating package descriptor '/home/denis/DENIS/RollerBot23/guardros_ws/install/rb23_keyboard_teleop/share/rb23_keyboard_teleop/package.dsv'
[2.996s] INFO:colcon.colcon_core.shell:Creating package script '/home/denis/DENIS/RollerBot23/guardros_ws/install/rb23_keyboard_teleop/share/rb23_keyboard_teleop/package.sh'
[2.998s] INFO:colcon.colcon_core.shell:Creating package script '/home/denis/DENIS/RollerBot23/guardros_ws/install/rb23_keyboard_teleop/share/rb23_keyboard_teleop/package.bash'
[2.999s] INFO:colcon.colcon_core.shell:Creating package script '/home/denis/DENIS/RollerBot23/guardros_ws/install/rb23_keyboard_teleop/share/rb23_keyboard_teleop/package.zsh'
[2.999s] Level 1:colcon.colcon_core.environment:create_file_with_runtime_dependencies(/home/denis/DENIS/RollerBot23/guardros_ws/install/rb23_keyboard_teleop/share/colcon-core/packages/rb23_keyboard_teleop)
[3.038s] Level 1:colcon.colcon_core.shell:create_environment_hook('rb23_ros_driver', 'pythonpath_develop')
[3.039s] INFO:colcon.colcon_core.shell:Creating environment hook '/home/denis/DENIS/RollerBot23/guardros_ws/build/rb23_ros_driver/share/rb23_ros_driver/hook/pythonpath_develop.ps1'
[3.040s] DEBUG:colcon.colcon_core.event_handler.log_command:Invoked command in '/home/denis/DENIS/RollerBot23/guardros_ws/build/rb23_ros_driver' returned '0': PYTHONPATH=/home/denis/DENIS/RollerBot23/guardros_ws/build/rb23_ros_driver/prefix_override:/usr/lib/python3/dist-packages/colcon_core/task/python/colcon_distutils_commands:/home/denis/DENIS/RollerBot23/guardros_ws/install/rb23_ros_driver/lib/python3.10/site-packages:${PYTHONPATH} /usr/bin/python3 -W ignore:setup.py install is deprecated -W ignore:easy_install command is deprecated setup.py develop --editable --build-directory /home/denis/DENIS/RollerBot23/guardros_ws/build/rb23_ros_driver/build --no-deps symlink_data
[3.040s] INFO:colcon.colcon_core.shell:Creating environment descriptor '/home/denis/DENIS/RollerBot23/guardros_ws/build/rb23_ros_driver/share/rb23_ros_driver/hook/pythonpath_develop.dsv'
[3.040s] INFO:colcon.colcon_core.shell:Creating environment hook '/home/denis/DENIS/RollerBot23/guardros_ws/build/rb23_ros_driver/share/rb23_ros_driver/hook/pythonpath_develop.sh'
[3.041s] Level 1:colcon.colcon_core.environment:checking '/home/denis/DENIS/RollerBot23/guardros_ws/install/rb23_ros_driver' for CMake module files
[3.042s] Level 1:colcon.colcon_core.environment:checking '/home/denis/DENIS/RollerBot23/guardros_ws/install/rb23_ros_driver' for CMake config files
[3.042s] Level 1:colcon.colcon_core.environment:checking '/home/denis/DENIS/RollerBot23/guardros_ws/install/rb23_ros_driver/lib'
[3.042s] Level 1:colcon.colcon_core.environment:checking '/home/denis/DENIS/RollerBot23/guardros_ws/install/rb23_ros_driver/bin'
[3.043s] Level 1:colcon.colcon_core.environment:checking '/home/denis/DENIS/RollerBot23/guardros_ws/install/rb23_ros_driver/lib/pkgconfig/rb23_ros_driver.pc'
[3.043s] Level 1:colcon.colcon_core.environment:checking '/home/denis/DENIS/RollerBot23/guardros_ws/install/rb23_ros_driver/lib/python3.10/site-packages'
[3.043s] Level 1:colcon.colcon_core.shell:create_environment_hook('rb23_ros_driver', 'pythonpath')
[3.043s] INFO:colcon.colcon_core.shell:Creating environment hook '/home/denis/DENIS/RollerBot23/guardros_ws/install/rb23_ros_driver/share/rb23_ros_driver/hook/pythonpath.ps1'
[3.044s] INFO:colcon.colcon_core.shell:Creating environment descriptor '/home/denis/DENIS/RollerBot23/guardros_ws/install/rb23_ros_driver/share/rb23_ros_driver/hook/pythonpath.dsv'
[3.044s] INFO:colcon.colcon_core.shell:Creating environment hook '/home/denis/DENIS/RollerBot23/guardros_ws/install/rb23_ros_driver/share/rb23_ros_driver/hook/pythonpath.sh'
[3.045s] Level 1:colcon.colcon_core.environment:checking '/home/denis/DENIS/RollerBot23/guardros_ws/install/rb23_ros_driver/bin'
[3.045s] Level 1:colcon.colcon_core.environment:create_environment_scripts_only(rb23_ros_driver)
[3.046s] INFO:colcon.colcon_core.shell:Creating package script '/home/denis/DENIS/RollerBot23/guardros_ws/install/rb23_ros_driver/share/rb23_ros_driver/package.ps1'
[3.046s] INFO:colcon.colcon_core.shell:Creating package descriptor '/home/denis/DENIS/RollerBot23/guardros_ws/install/rb23_ros_driver/share/rb23_ros_driver/package.dsv'
[3.047s] INFO:colcon.colcon_core.shell:Creating package script '/home/denis/DENIS/RollerBot23/guardros_ws/install/rb23_ros_driver/share/rb23_ros_driver/package.sh'
[3.048s] INFO:colcon.colcon_core.shell:Creating package script '/home/denis/DENIS/RollerBot23/guardros_ws/install/rb23_ros_driver/share/rb23_ros_driver/package.bash'
[3.048s] INFO:colcon.colcon_core.shell:Creating package script '/home/denis/DENIS/RollerBot23/guardros_ws/install/rb23_ros_driver/share/rb23_ros_driver/package.zsh'
[3.049s] Level 1:colcon.colcon_core.environment:create_file_with_runtime_dependencies(/home/denis/DENIS/RollerBot23/guardros_ws/install/rb23_ros_driver/share/colcon-core/packages/rb23_ros_driver)
[3.402s] Level 1:colcon.colcon_core.shell:create_environment_hook('rb23_telemetry_viewer', 'pythonpath_develop')
[3.402s] INFO:colcon.colcon_core.shell:Creating environment hook '/home/denis/DENIS/RollerBot23/guardros_ws/build/rb23_telemetry_viewer/share/rb23_telemetry_viewer/hook/pythonpath_develop.ps1'
[3.403s] DEBUG:colcon.colcon_core.event_handler.log_command:Invoked command in '/home/denis/DENIS/RollerBot23/guardros_ws/build/rb23_telemetry_viewer' returned '0': AMENT_PREFIX_PATH=/home/denis/DENIS/RollerBot23/guardros_ws/install/guardros_msgs:${AMENT_PREFIX_PATH} CMAKE_PREFIX_PATH=/home/denis/DENIS/RollerBot23/guardros_ws/install/guardros_msgs LD_LIBRARY_PATH=/home/denis/DENIS/RollerBot23/guardros_ws/install/guardros_msgs/lib:${LD_LIBRARY_PATH} PYTHONPATH=/home/denis/DENIS/RollerBot23/guardros_ws/build/rb23_telemetry_viewer/prefix_override:/usr/lib/python3/dist-packages/colcon_core/task/python/colcon_distutils_commands:/home/denis/DENIS/RollerBot23/guardros_ws/install/rb23_telemetry_viewer/lib/python3.10/site-packages:/home/denis/DENIS/RollerBot23/guardros_ws/install/guardros_msgs/local/lib/python3.10/dist-packages:${PYTHONPATH} /usr/bin/python3 -W ignore:setup.py install is deprecated -W ignore:easy_install command is deprecated setup.py develop --editable --build-directory /home/denis/DENIS/RollerBot23/guardros_ws/build/rb23_telemetry_viewer/build --no-deps symlink_data
[3.403s] INFO:colcon.colcon_core.shell:Creating environment descriptor '/home/denis/DENIS/RollerBot23/guardros_ws/build/rb23_telemetry_viewer/share/rb23_telemetry_viewer/hook/pythonpath_develop.dsv'
[3.403s] INFO:colcon.colcon_core.shell:Creating environment hook '/home/denis/DENIS/RollerBot23/guardros_ws/build/rb23_telemetry_viewer/share/rb23_telemetry_viewer/hook/pythonpath_develop.sh'
[3.404s] Level 1:colcon.colcon_core.environment:checking '/home/denis/DENIS/RollerBot23/guardros_ws/install/rb23_telemetry_viewer' for CMake module files
[3.405s] Level 1:colcon.colcon_core.environment:checking '/home/denis/DENIS/RollerBot23/guardros_ws/install/rb23_telemetry_viewer' for CMake config files
[3.406s] Level 1:colcon.colcon_core.environment:checking '/home/denis/DENIS/RollerBot23/guardros_ws/install/rb23_telemetry_viewer/lib'
[3.406s] Level 1:colcon.colcon_core.environment:checking '/home/denis/DENIS/RollerBot23/guardros_ws/install/rb23_telemetry_viewer/bin'
[3.406s] Level 1:colcon.colcon_core.environment:checking '/home/denis/DENIS/RollerBot23/guardros_ws/install/rb23_telemetry_viewer/lib/pkgconfig/rb23_telemetry_viewer.pc'
[3.407s] Level 1:colcon.colcon_core.environment:checking '/home/denis/DENIS/RollerBot23/guardros_ws/install/rb23_telemetry_viewer/lib/python3.10/site-packages'
[3.407s] Level 1:colcon.colcon_core.shell:create_environment_hook('rb23_telemetry_viewer', 'pythonpath')
[3.407s] INFO:colcon.colcon_core.shell:Creating environment hook '/home/denis/DENIS/RollerBot23/guardros_ws/install/rb23_telemetry_viewer/share/rb23_telemetry_viewer/hook/pythonpath.ps1'
[3.408s] INFO:colcon.colcon_core.shell:Creating environment descriptor '/home/denis/DENIS/RollerBot23/guardros_ws/install/rb23_telemetry_viewer/share/rb23_telemetry_viewer/hook/pythonpath.dsv'
[3.408s] INFO:colcon.colcon_core.shell:Creating environment hook '/home/denis/DENIS/RollerBot23/guardros_ws/install/rb23_telemetry_viewer/share/rb23_telemetry_viewer/hook/pythonpath.sh'
[3.409s] Level 1:colcon.colcon_core.environment:checking '/home/denis/DENIS/RollerBot23/guardros_ws/install/rb23_telemetry_viewer/bin'
[3.409s] Level 1:colcon.colcon_core.environment:create_environment_scripts_only(rb23_telemetry_viewer)
[3.410s] INFO:colcon.colcon_core.shell:Creating package script '/home/denis/DENIS/RollerBot23/guardros_ws/install/rb23_telemetry_viewer/share/rb23_telemetry_viewer/package.ps1'
[3.410s] INFO:colcon.colcon_core.shell:Creating package descriptor '/home/denis/DENIS/RollerBot23/guardros_ws/install/rb23_telemetry_viewer/share/rb23_telemetry_viewer/package.dsv'
[3.411s] INFO:colcon.colcon_core.shell:Creating package script '/home/denis/DENIS/RollerBot23/guardros_ws/install/rb23_telemetry_viewer/share/rb23_telemetry_viewer/package.sh'
[3.412s] INFO:colcon.colcon_core.shell:Creating package script '/home/denis/DENIS/RollerBot23/guardros_ws/install/rb23_telemetry_viewer/share/rb23_telemetry_viewer/package.bash'
[3.412s] INFO:colcon.colcon_core.shell:Creating package script '/home/denis/DENIS/RollerBot23/guardros_ws/install/rb23_telemetry_viewer/share/rb23_telemetry_viewer/package.zsh'
[3.413s] Level 1:colcon.colcon_core.environment:create_file_with_runtime_dependencies(/home/denis/DENIS/RollerBot23/guardros_ws/install/rb23_telemetry_viewer/share/colcon-core/packages/rb23_telemetry_viewer)
[3.413s] DEBUG:colcon.colcon_parallel_executor.executor.parallel:closing loop
[3.413s] DEBUG:colcon.colcon_parallel_executor.executor.parallel:loop closed
[3.413s] DEBUG:colcon.colcon_parallel_executor.executor.parallel:run_until_complete finished with '0'
[3.413s] DEBUG:colcon.colcon_core.event_reactor:joining thread
[3.421s] INFO:colcon.colcon_core.plugin_system:Skipping extension 'colcon_notification.desktop_notification.terminal_notifier': Not used on non-Darwin systems
[3.421s] INFO:colcon.colcon_core.plugin_system:Skipping extension 'colcon_notification.desktop_notification.win32': Not used on non-Windows systems
[3.421s] INFO:colcon.colcon_notification.desktop_notification:Sending desktop notification using 'notify2'
[3.445s] DEBUG:colcon.colcon_core.event_reactor:joined thread
[3.445s] INFO:colcon.colcon_core.shell:Creating prefix script '/home/denis/DENIS/RollerBot23/guardros_ws/install/local_setup.ps1'
[3.447s] INFO:colcon.colcon_core.shell:Creating prefix util module '/home/denis/DENIS/RollerBot23/guardros_ws/install/_local_setup_util_ps1.py'
[3.449s] INFO:colcon.colcon_core.shell:Creating prefix chain script '/home/denis/DENIS/RollerBot23/guardros_ws/install/setup.ps1'
[3.450s] INFO:colcon.colcon_core.shell:Creating prefix script '/home/denis/DENIS/RollerBot23/guardros_ws/install/local_setup.sh'
[3.451s] INFO:colcon.colcon_core.shell:Creating prefix util module '/home/denis/DENIS/RollerBot23/guardros_ws/install/_local_setup_util_sh.py'
[3.452s] INFO:colcon.colcon_core.shell:Creating prefix chain script '/home/denis/DENIS/RollerBot23/guardros_ws/install/setup.sh'
[3.453s] INFO:colcon.colcon_core.shell:Creating prefix script '/home/denis/DENIS/RollerBot23/guardros_ws/install/local_setup.bash'
[3.454s] INFO:colcon.colcon_core.shell:Creating prefix chain script '/home/denis/DENIS/RollerBot23/guardros_ws/install/setup.bash'
[3.455s] INFO:colcon.colcon_core.shell:Creating prefix script '/home/denis/DENIS/RollerBot23/guardros_ws/install/local_setup.zsh'
[3.457s] INFO:colcon.colcon_core.shell:Creating prefix chain script '/home/denis/DENIS/RollerBot23/guardros_ws/install/setup.zsh'
