[0.108s] DEBUG:colcon:Command line arguments: ['/usr/bin/colcon', 'build', '--symlink-install']
[0.108s] DEBUG:colcon:Parsed command line arguments: Namespace(log_base=None, log_level=None, verb_name='build', build_base='build', install_base='install', merge_install=False, symlink_install=True, test_result_base=None, continue_on_error=False, executor='parallel', parallel_workers=8, event_handlers=None, ignore_user_meta=False, metas=['./colcon.meta'], base_paths=['.'], packages_ignore=None, packages_ignore_regex=None, paths=None, packages_up_to=None, packages_up_to_regex=None, packages_above=None, packages_above_and_dependencies=None, packages_above_depth=None, packages_select_by_dep=None, packages_skip_by_dep=None, packages_skip_up_to=None, packages_select_build_failed=False, packages_skip_build_finished=False, packages_select_test_failures=False, packages_skip_test_passed=False, packages_select=None, packages_skip=None, packages_select_regex=None, packages_skip_regex=None, packages_start=None, packages_end=None, allow_overriding=[], cmake_args=None, cmake_target=None, cmake_target_skip_unavailable=False, cmake_clean_cache=False, cmake_clean_first=False, cmake_force_configure=False, ament_cmake_args=None, catkin_cmake_args=None, catkin_skip_building_tests=False, verb_parser=<colcon_defaults.argument_parser.defaults.DefaultArgumentsDecorator object at 0x725baaac0e20>, verb_extension=<colcon_core.verb.build.BuildVerb object at 0x725baaac0910>, main=<bound method BuildVerb.main of <colcon_core.verb.build.BuildVerb object at 0x725baaac0910>>)
[0.355s] Level 1:colcon.colcon_core.package_discovery:discover_packages(colcon_meta) check parameters
[0.356s] Level 1:colcon.colcon_core.package_discovery:discover_packages(recursive) check parameters
[0.356s] Level 1:colcon.colcon_core.package_discovery:discover_packages(ignore) check parameters
[0.356s] Level 1:colcon.colcon_core.package_discovery:discover_packages(path) check parameters
[0.356s] Level 1:colcon.colcon_core.package_discovery:discover_packages(colcon_meta) discover
[0.356s] Level 1:colcon.colcon_core.package_discovery:discover_packages(recursive) discover
[0.356s] INFO:colcon.colcon_core.package_discovery:Crawling recursively for packages in '/home/denis/DENIS/RollerBot23/guardros_ws'
[0.356s] Level 1:colcon.colcon_core.package_identification:_identify(.) by extensions ['ignore', 'ignore_ament_install']
[0.356s] Level 1:colcon.colcon_core.package_identification:_identify(.) by extension 'ignore'
[0.356s] Level 1:colcon.colcon_core.package_identification:_identify(.) by extension 'ignore_ament_install'
[0.356s] Level 1:colcon.colcon_core.package_identification:_identify(.) by extensions ['colcon_pkg']
[0.356s] Level 1:colcon.colcon_core.package_identification:_identify(.) by extension 'colcon_pkg'
[0.356s] Level 1:colcon.colcon_core.package_identification:_identify(.) by extensions ['colcon_meta']
[0.356s] Level 1:colcon.colcon_core.package_identification:_identify(.) by extension 'colcon_meta'
[0.356s] Level 1:colcon.colcon_core.package_identification:_identify(.) by extensions ['ros']
[0.356s] Level 1:colcon.colcon_core.package_identification:_identify(.) by extension 'ros'
[0.368s] Level 1:colcon.colcon_core.package_identification:_identify(.) by extensions ['cmake', 'python']
[0.368s] Level 1:colcon.colcon_core.package_identification:_identify(.) by extension 'cmake'
[0.368s] Level 1:colcon.colcon_core.package_identification:_identify(.) by extension 'python'
[0.368s] Level 1:colcon.colcon_core.package_identification:_identify(.) by extensions ['python_setup_py']
[0.368s] Level 1:colcon.colcon_core.package_identification:_identify(.) by extension 'python_setup_py'
[0.369s] Level 1:colcon.colcon_core.package_identification:_identify(build) by extensions ['ignore', 'ignore_ament_install']
[0.369s] Level 1:colcon.colcon_core.package_identification:_identify(build) by extension 'ignore'
[0.369s] Level 1:colcon.colcon_core.package_identification:_identify(build) ignored
[0.369s] Level 1:colcon.colcon_core.package_identification:_identify(install) by extensions ['ignore', 'ignore_ament_install']
[0.369s] Level 1:colcon.colcon_core.package_identification:_identify(install) by extension 'ignore'
[0.369s] Level 1:colcon.colcon_core.package_identification:_identify(install) ignored
[0.369s] Level 1:colcon.colcon_core.package_identification:_identify(log) by extensions ['ignore', 'ignore_ament_install']
[0.369s] Level 1:colcon.colcon_core.package_identification:_identify(log) by extension 'ignore'
[0.369s] Level 1:colcon.colcon_core.package_identification:_identify(log) ignored
[0.369s] Level 1:colcon.colcon_core.package_identification:_identify(scripts) by extensions ['ignore', 'ignore_ament_install']
[0.369s] Level 1:colcon.colcon_core.package_identification:_identify(scripts) by extension 'ignore'
[0.369s] Level 1:colcon.colcon_core.package_identification:_identify(scripts) by extension 'ignore_ament_install'
[0.369s] Level 1:colcon.colcon_core.package_identification:_identify(scripts) by extensions ['colcon_pkg']
[0.369s] Level 1:colcon.colcon_core.package_identification:_identify(scripts) by extension 'colcon_pkg'
[0.370s] Level 1:colcon.colcon_core.package_identification:_identify(scripts) by extensions ['colcon_meta']
[0.370s] Level 1:colcon.colcon_core.package_identification:_identify(scripts) by extension 'colcon_meta'
[0.370s] Level 1:colcon.colcon_core.package_identification:_identify(scripts) by extensions ['ros']
[0.370s] Level 1:colcon.colcon_core.package_identification:_identify(scripts) by extension 'ros'
[0.370s] Level 1:colcon.colcon_core.package_identification:_identify(scripts) by extensions ['cmake', 'python']
[0.370s] Level 1:colcon.colcon_core.package_identification:_identify(scripts) by extension 'cmake'
[0.370s] Level 1:colcon.colcon_core.package_identification:_identify(scripts) by extension 'python'
[0.370s] Level 1:colcon.colcon_core.package_identification:_identify(scripts) by extensions ['python_setup_py']
[0.370s] Level 1:colcon.colcon_core.package_identification:_identify(scripts) by extension 'python_setup_py'
[0.370s] Level 1:colcon.colcon_core.package_identification:_identify(src) by extensions ['ignore', 'ignore_ament_install']
[0.370s] Level 1:colcon.colcon_core.package_identification:_identify(src) by extension 'ignore'
[0.370s] Level 1:colcon.colcon_core.package_identification:_identify(src) by extension 'ignore_ament_install'
[0.370s] Level 1:colcon.colcon_core.package_identification:_identify(src) by extensions ['colcon_pkg']
[0.370s] Level 1:colcon.colcon_core.package_identification:_identify(src) by extension 'colcon_pkg'
[0.370s] Level 1:colcon.colcon_core.package_identification:_identify(src) by extensions ['colcon_meta']
[0.370s] Level 1:colcon.colcon_core.package_identification:_identify(src) by extension 'colcon_meta'
[0.370s] Level 1:colcon.colcon_core.package_identification:_identify(src) by extensions ['ros']
[0.370s] Level 1:colcon.colcon_core.package_identification:_identify(src) by extension 'ros'
[0.370s] Level 1:colcon.colcon_core.package_identification:_identify(src) by extensions ['cmake', 'python']
[0.370s] Level 1:colcon.colcon_core.package_identification:_identify(src) by extension 'cmake'
[0.370s] Level 1:colcon.colcon_core.package_identification:_identify(src) by extension 'python'
[0.371s] Level 1:colcon.colcon_core.package_identification:_identify(src) by extensions ['python_setup_py']
[0.371s] Level 1:colcon.colcon_core.package_identification:_identify(src) by extension 'python_setup_py'
[0.371s] Level 1:colcon.colcon_core.package_identification:_identify(src/guardros_msgs) by extensions ['ignore', 'ignore_ament_install']
[0.371s] Level 1:colcon.colcon_core.package_identification:_identify(src/guardros_msgs) by extension 'ignore'
[0.371s] Level 1:colcon.colcon_core.package_identification:_identify(src/guardros_msgs) by extension 'ignore_ament_install'
[0.371s] Level 1:colcon.colcon_core.package_identification:_identify(src/guardros_msgs) by extensions ['colcon_pkg']
[0.371s] Level 1:colcon.colcon_core.package_identification:_identify(src/guardros_msgs) by extension 'colcon_pkg'
[0.371s] Level 1:colcon.colcon_core.package_identification:_identify(src/guardros_msgs) by extensions ['colcon_meta']
[0.371s] Level 1:colcon.colcon_core.package_identification:_identify(src/guardros_msgs) by extension 'colcon_meta'
[0.371s] Level 1:colcon.colcon_core.package_identification:_identify(src/guardros_msgs) by extensions ['ros']
[0.371s] Level 1:colcon.colcon_core.package_identification:_identify(src/guardros_msgs) by extension 'ros'
[0.373s] DEBUG:colcon.colcon_core.package_identification:Package 'src/guardros_msgs' with type 'ros.ament_cmake' and name 'guardros_msgs'
[0.374s] Level 1:colcon.colcon_core.package_identification:_identify(src/rb23_keyboard_teleop) by extensions ['ignore', 'ignore_ament_install']
[0.374s] Level 1:colcon.colcon_core.package_identification:_identify(src/rb23_keyboard_teleop) by extension 'ignore'
[0.374s] Level 1:colcon.colcon_core.package_identification:_identify(src/rb23_keyboard_teleop) by extension 'ignore_ament_install'
[0.374s] Level 1:colcon.colcon_core.package_identification:_identify(src/rb23_keyboard_teleop) by extensions ['colcon_pkg']
[0.374s] Level 1:colcon.colcon_core.package_identification:_identify(src/rb23_keyboard_teleop) by extension 'colcon_pkg'
[0.374s] Level 1:colcon.colcon_core.package_identification:_identify(src/rb23_keyboard_teleop) by extensions ['colcon_meta']
[0.374s] Level 1:colcon.colcon_core.package_identification:_identify(src/rb23_keyboard_teleop) by extension 'colcon_meta'
[0.374s] Level 1:colcon.colcon_core.package_identification:_identify(src/rb23_keyboard_teleop) by extensions ['ros']
[0.374s] Level 1:colcon.colcon_core.package_identification:_identify(src/rb23_keyboard_teleop) by extension 'ros'
[0.375s] DEBUG:colcon.colcon_core.package_identification:Package 'src/rb23_keyboard_teleop' with type 'ros.ament_python' and name 'rb23_keyboard_teleop'
[0.375s] Level 1:colcon.colcon_core.package_identification:_identify(src/rb23_ros_driver) by extensions ['ignore', 'ignore_ament_install']
[0.375s] Level 1:colcon.colcon_core.package_identification:_identify(src/rb23_ros_driver) by extension 'ignore'
[0.375s] Level 1:colcon.colcon_core.package_identification:_identify(src/rb23_ros_driver) by extension 'ignore_ament_install'
[0.375s] Level 1:colcon.colcon_core.package_identification:_identify(src/rb23_ros_driver) by extensions ['colcon_pkg']
[0.375s] Level 1:colcon.colcon_core.package_identification:_identify(src/rb23_ros_driver) by extension 'colcon_pkg'
[0.375s] Level 1:colcon.colcon_core.package_identification:_identify(src/rb23_ros_driver) by extensions ['colcon_meta']
[0.375s] Level 1:colcon.colcon_core.package_identification:_identify(src/rb23_ros_driver) by extension 'colcon_meta'
[0.376s] Level 1:colcon.colcon_core.package_identification:_identify(src/rb23_ros_driver) by extensions ['ros']
[0.376s] Level 1:colcon.colcon_core.package_identification:_identify(src/rb23_ros_driver) by extension 'ros'
[0.376s] DEBUG:colcon.colcon_core.package_identification:Package 'src/rb23_ros_driver' with type 'ros.ament_python' and name 'rb23_ros_driver'
[0.376s] Level 1:colcon.colcon_core.package_identification:_identify(src/rb23_video_viewer) by extensions ['ignore', 'ignore_ament_install']
[0.377s] Level 1:colcon.colcon_core.package_identification:_identify(src/rb23_video_viewer) by extension 'ignore'
[0.377s] Level 1:colcon.colcon_core.package_identification:_identify(src/rb23_video_viewer) by extension 'ignore_ament_install'
[0.377s] Level 1:colcon.colcon_core.package_identification:_identify(src/rb23_video_viewer) by extensions ['colcon_pkg']
[0.377s] Level 1:colcon.colcon_core.package_identification:_identify(src/rb23_video_viewer) by extension 'colcon_pkg'
[0.377s] Level 1:colcon.colcon_core.package_identification:_identify(src/rb23_video_viewer) by extensions ['colcon_meta']
[0.377s] Level 1:colcon.colcon_core.package_identification:_identify(src/rb23_video_viewer) by extension 'colcon_meta'
[0.377s] Level 1:colcon.colcon_core.package_identification:_identify(src/rb23_video_viewer) by extensions ['ros']
[0.377s] Level 1:colcon.colcon_core.package_identification:_identify(src/rb23_video_viewer) by extension 'ros'
[0.378s] DEBUG:colcon.colcon_core.package_identification:Package 'src/rb23_video_viewer' with type 'ros.ament_python' and name 'rb23_video_viewer'
[0.378s] Level 1:colcon.colcon_core.package_discovery:discover_packages(recursive) using defaults
[0.378s] Level 1:colcon.colcon_core.package_discovery:discover_packages(ignore) discover
[0.378s] Level 1:colcon.colcon_core.package_discovery:discover_packages(ignore) using defaults
[0.378s] Level 1:colcon.colcon_core.package_discovery:discover_packages(path) discover
[0.378s] Level 1:colcon.colcon_core.package_discovery:discover_packages(path) using defaults
[0.399s] Level 1:colcon.colcon_core.package_discovery:discover_packages(prefix_path) check parameters
[0.399s] Level 1:colcon.colcon_core.package_discovery:discover_packages(prefix_path) discover
[0.400s] WARNING:colcon.colcon_ros.prefix_path.ament:The path '/home/denis/DENIS/RollerBot23/guardros_ws/install/rb23_bringup' in the environment variable AMENT_PREFIX_PATH doesn't exist
[0.400s] WARNING:colcon.colcon_ros.prefix_path.ament:The path '/home/denis/DENIS/RollerBot23/guardros_ws/install/rb23_ros_driver' in the environment variable AMENT_PREFIX_PATH doesn't exist
[0.400s] WARNING:colcon.colcon_ros.prefix_path.ament:The path '/home/denis/DENIS/RollerBot23/guardros_ws/install/rb23_keyboard_teleop' in the environment variable AMENT_PREFIX_PATH doesn't exist
[0.401s] WARNING:colcon.colcon_ros.prefix_path.ament:The path '/home/denis/DENIS/RollerBot23/guardros_ws/install/guardros_msgs' in the environment variable AMENT_PREFIX_PATH doesn't exist
[0.401s] WARNING:colcon.colcon_ros.prefix_path.ament:The path '/home/denis/DENIS/RollerBot23/guardros_ws/install/guardros' in the environment variable AMENT_PREFIX_PATH doesn't exist
[0.401s] WARNING:colcon.colcon_ros.prefix_path.catkin:The path '/home/denis/DENIS/RollerBot23/guardros_ws/install/guardros_msgs' in the environment variable CMAKE_PREFIX_PATH doesn't exist
[0.401s] DEBUG:colcon.colcon_installed_package_information.package_discovery:Found 0 installed packages in /home/denis/DENIS/RollerBot23/guardros_ws/install
[0.403s] DEBUG:colcon.colcon_installed_package_information.package_discovery:Found 315 installed packages in /opt/ros/humble
[0.416s] Level 1:colcon.colcon_core.package_discovery:discover_packages(prefix_path) using defaults
[0.473s] Level 5:colcon.colcon_core.verb:set package 'guardros_msgs' build argument 'cmake_args' from command line to 'None'
[0.473s] Level 5:colcon.colcon_core.verb:set package 'guardros_msgs' build argument 'cmake_target' from command line to 'None'
[0.473s] Level 5:colcon.colcon_core.verb:set package 'guardros_msgs' build argument 'cmake_target_skip_unavailable' from command line to 'False'
[0.473s] Level 5:colcon.colcon_core.verb:set package 'guardros_msgs' build argument 'cmake_clean_cache' from command line to 'False'
[0.473s] Level 5:colcon.colcon_core.verb:set package 'guardros_msgs' build argument 'cmake_clean_first' from command line to 'False'
[0.473s] Level 5:colcon.colcon_core.verb:set package 'guardros_msgs' build argument 'cmake_force_configure' from command line to 'False'
[0.473s] Level 5:colcon.colcon_core.verb:set package 'guardros_msgs' build argument 'ament_cmake_args' from command line to 'None'
[0.473s] Level 5:colcon.colcon_core.verb:set package 'guardros_msgs' build argument 'catkin_cmake_args' from command line to 'None'
[0.473s] Level 5:colcon.colcon_core.verb:set package 'guardros_msgs' build argument 'catkin_skip_building_tests' from command line to 'False'
[0.473s] DEBUG:colcon.colcon_core.verb:Building package 'guardros_msgs' with the following arguments: {'ament_cmake_args': None, 'build_base': '/home/denis/DENIS/RollerBot23/guardros_ws/build/guardros_msgs', 'catkin_cmake_args': None, 'catkin_skip_building_tests': False, 'cmake_args': None, 'cmake_clean_cache': False, 'cmake_clean_first': False, 'cmake_force_configure': False, 'cmake_target': None, 'cmake_target_skip_unavailable': False, 'install_base': '/home/denis/DENIS/RollerBot23/guardros_ws/install/guardros_msgs', 'merge_install': False, 'path': '/home/denis/DENIS/RollerBot23/guardros_ws/src/guardros_msgs', 'symlink_install': True, 'test_result_base': None}
[0.474s] Level 5:colcon.colcon_core.verb:set package 'rb23_keyboard_teleop' build argument 'cmake_args' from command line to 'None'
[0.474s] Level 5:colcon.colcon_core.verb:set package 'rb23_keyboard_teleop' build argument 'cmake_target' from command line to 'None'
[0.474s] Level 5:colcon.colcon_core.verb:set package 'rb23_keyboard_teleop' build argument 'cmake_target_skip_unavailable' from command line to 'False'
[0.474s] Level 5:colcon.colcon_core.verb:set package 'rb23_keyboard_teleop' build argument 'cmake_clean_cache' from command line to 'False'
[0.474s] Level 5:colcon.colcon_core.verb:set package 'rb23_keyboard_teleop' build argument 'cmake_clean_first' from command line to 'False'
[0.474s] Level 5:colcon.colcon_core.verb:set package 'rb23_keyboard_teleop' build argument 'cmake_force_configure' from command line to 'False'
[0.474s] Level 5:colcon.colcon_core.verb:set package 'rb23_keyboard_teleop' build argument 'ament_cmake_args' from command line to 'None'
[0.474s] Level 5:colcon.colcon_core.verb:set package 'rb23_keyboard_teleop' build argument 'catkin_cmake_args' from command line to 'None'
[0.474s] Level 5:colcon.colcon_core.verb:set package 'rb23_keyboard_teleop' build argument 'catkin_skip_building_tests' from command line to 'False'
[0.474s] DEBUG:colcon.colcon_core.verb:Building package 'rb23_keyboard_teleop' with the following arguments: {'ament_cmake_args': None, 'build_base': '/home/denis/DENIS/RollerBot23/guardros_ws/build/rb23_keyboard_teleop', 'catkin_cmake_args': None, 'catkin_skip_building_tests': False, 'cmake_args': None, 'cmake_clean_cache': False, 'cmake_clean_first': False, 'cmake_force_configure': False, 'cmake_target': None, 'cmake_target_skip_unavailable': False, 'install_base': '/home/denis/DENIS/RollerBot23/guardros_ws/install/rb23_keyboard_teleop', 'merge_install': False, 'path': '/home/denis/DENIS/RollerBot23/guardros_ws/src/rb23_keyboard_teleop', 'symlink_install': True, 'test_result_base': None}
[0.475s] Level 5:colcon.colcon_core.verb:set package 'rb23_ros_driver' build argument 'cmake_args' from command line to 'None'
[0.475s] Level 5:colcon.colcon_core.verb:set package 'rb23_ros_driver' build argument 'cmake_target' from command line to 'None'
[0.475s] Level 5:colcon.colcon_core.verb:set package 'rb23_ros_driver' build argument 'cmake_target_skip_unavailable' from command line to 'False'
[0.475s] Level 5:colcon.colcon_core.verb:set package 'rb23_ros_driver' build argument 'cmake_clean_cache' from command line to 'False'
[0.475s] Level 5:colcon.colcon_core.verb:set package 'rb23_ros_driver' build argument 'cmake_clean_first' from command line to 'False'
[0.475s] Level 5:colcon.colcon_core.verb:set package 'rb23_ros_driver' build argument 'cmake_force_configure' from command line to 'False'
[0.475s] Level 5:colcon.colcon_core.verb:set package 'rb23_ros_driver' build argument 'ament_cmake_args' from command line to 'None'
[0.475s] Level 5:colcon.colcon_core.verb:set package 'rb23_ros_driver' build argument 'catkin_cmake_args' from command line to 'None'
[0.475s] Level 5:colcon.colcon_core.verb:set package 'rb23_ros_driver' build argument 'catkin_skip_building_tests' from command line to 'False'
[0.475s] DEBUG:colcon.colcon_core.verb:Building package 'rb23_ros_driver' with the following arguments: {'ament_cmake_args': None, 'build_base': '/home/denis/DENIS/RollerBot23/guardros_ws/build/rb23_ros_driver', 'catkin_cmake_args': None, 'catkin_skip_building_tests': False, 'cmake_args': None, 'cmake_clean_cache': False, 'cmake_clean_first': False, 'cmake_force_configure': False, 'cmake_target': None, 'cmake_target_skip_unavailable': False, 'install_base': '/home/denis/DENIS/RollerBot23/guardros_ws/install/rb23_ros_driver', 'merge_install': False, 'path': '/home/denis/DENIS/RollerBot23/guardros_ws/src/rb23_ros_driver', 'symlink_install': True, 'test_result_base': None}
[0.475s] Level 5:colcon.colcon_core.verb:set package 'rb23_video_viewer' build argument 'cmake_args' from command line to 'None'
[0.475s] Level 5:colcon.colcon_core.verb:set package 'rb23_video_viewer' build argument 'cmake_target' from command line to 'None'
[0.475s] Level 5:colcon.colcon_core.verb:set package 'rb23_video_viewer' build argument 'cmake_target_skip_unavailable' from command line to 'False'
[0.475s] Level 5:colcon.colcon_core.verb:set package 'rb23_video_viewer' build argument 'cmake_clean_cache' from command line to 'False'
[0.475s] Level 5:colcon.colcon_core.verb:set package 'rb23_video_viewer' build argument 'cmake_clean_first' from command line to 'False'
[0.475s] Level 5:colcon.colcon_core.verb:set package 'rb23_video_viewer' build argument 'cmake_force_configure' from command line to 'False'
[0.475s] Level 5:colcon.colcon_core.verb:set package 'rb23_video_viewer' build argument 'ament_cmake_args' from command line to 'None'
[0.476s] Level 5:colcon.colcon_core.verb:set package 'rb23_video_viewer' build argument 'catkin_cmake_args' from command line to 'None'
[0.476s] Level 5:colcon.colcon_core.verb:set package 'rb23_video_viewer' build argument 'catkin_skip_building_tests' from command line to 'False'
[0.476s] DEBUG:colcon.colcon_core.verb:Building package 'rb23_video_viewer' with the following arguments: {'ament_cmake_args': None, 'build_base': '/home/denis/DENIS/RollerBot23/guardros_ws/build/rb23_video_viewer', 'catkin_cmake_args': None, 'catkin_skip_building_tests': False, 'cmake_args': None, 'cmake_clean_cache': False, 'cmake_clean_first': False, 'cmake_force_configure': False, 'cmake_target': None, 'cmake_target_skip_unavailable': False, 'install_base': '/home/denis/DENIS/RollerBot23/guardros_ws/install/rb23_video_viewer', 'merge_install': False, 'path': '/home/denis/DENIS/RollerBot23/guardros_ws/src/rb23_video_viewer', 'symlink_install': True, 'test_result_base': None}
[0.476s] INFO:colcon.colcon_core.executor:Executing jobs using 'parallel' executor
[0.477s] DEBUG:colcon.colcon_parallel_executor.executor.parallel:run_until_complete
[0.478s] INFO:colcon.colcon_ros.task.ament_cmake.build:Building ROS package in '/home/denis/DENIS/RollerBot23/guardros_ws/src/guardros_msgs' with build type 'ament_cmake'
[0.478s] INFO:colcon.colcon_cmake.task.cmake.build:Building CMake package in '/home/denis/DENIS/RollerBot23/guardros_ws/src/guardros_msgs'
[0.480s] INFO:colcon.colcon_core.plugin_system:Skipping extension 'colcon_core.shell.bat': Not used on non-Windows systems
[0.480s] INFO:colcon.colcon_core.shell:Skip shell extension 'powershell' for command environment: Not usable outside of PowerShell
[0.480s] DEBUG:colcon.colcon_core.shell:Skip shell extension 'dsv' for command environment
[0.484s] INFO:colcon.colcon_ros.task.ament_python.build:Building ROS package in '/home/denis/DENIS/RollerBot23/guardros_ws/src/rb23_keyboard_teleop' with build type 'ament_python'
[0.484s] Level 1:colcon.colcon_core.shell:create_environment_hook('rb23_keyboard_teleop', 'ament_prefix_path')
[0.485s] INFO:colcon.colcon_core.shell:Creating environment hook '/home/denis/DENIS/RollerBot23/guardros_ws/install/rb23_keyboard_teleop/share/rb23_keyboard_teleop/hook/ament_prefix_path.ps1'
[0.486s] INFO:colcon.colcon_core.shell:Creating environment descriptor '/home/denis/DENIS/RollerBot23/guardros_ws/install/rb23_keyboard_teleop/share/rb23_keyboard_teleop/hook/ament_prefix_path.dsv'
[0.486s] INFO:colcon.colcon_core.shell:Creating environment hook '/home/denis/DENIS/RollerBot23/guardros_ws/install/rb23_keyboard_teleop/share/rb23_keyboard_teleop/hook/ament_prefix_path.sh'
[0.487s] INFO:colcon.colcon_core.shell:Skip shell extension 'powershell' for command environment: Not usable outside of PowerShell
[0.487s] DEBUG:colcon.colcon_core.shell:Skip shell extension 'dsv' for command environment
[0.490s] INFO:colcon.colcon_ros.task.ament_python.build:Building ROS package in '/home/denis/DENIS/RollerBot23/guardros_ws/src/rb23_ros_driver' with build type 'ament_python'
[0.490s] Level 1:colcon.colcon_core.shell:create_environment_hook('rb23_ros_driver', 'ament_prefix_path')
[0.490s] INFO:colcon.colcon_core.shell:Creating environment hook '/home/denis/DENIS/RollerBot23/guardros_ws/install/rb23_ros_driver/share/rb23_ros_driver/hook/ament_prefix_path.ps1'
[0.491s] INFO:colcon.colcon_core.shell:Creating environment descriptor '/home/denis/DENIS/RollerBot23/guardros_ws/install/rb23_ros_driver/share/rb23_ros_driver/hook/ament_prefix_path.dsv'
[0.491s] INFO:colcon.colcon_core.shell:Creating environment hook '/home/denis/DENIS/RollerBot23/guardros_ws/install/rb23_ros_driver/share/rb23_ros_driver/hook/ament_prefix_path.sh'
[0.492s] INFO:colcon.colcon_core.shell:Skip shell extension 'powershell' for command environment: Not usable outside of PowerShell
[0.492s] DEBUG:colcon.colcon_core.shell:Skip shell extension 'dsv' for command environment
[0.496s] INFO:colcon.colcon_ros.task.ament_python.build:Building ROS package in '/home/denis/DENIS/RollerBot23/guardros_ws/src/rb23_video_viewer' with build type 'ament_python'
[0.496s] Level 1:colcon.colcon_core.shell:create_environment_hook('rb23_video_viewer', 'ament_prefix_path')
[0.496s] INFO:colcon.colcon_core.shell:Creating environment hook '/home/denis/DENIS/RollerBot23/guardros_ws/install/rb23_video_viewer/share/rb23_video_viewer/hook/ament_prefix_path.ps1'
[0.497s] INFO:colcon.colcon_core.shell:Creating environment descriptor '/home/denis/DENIS/RollerBot23/guardros_ws/install/rb23_video_viewer/share/rb23_video_viewer/hook/ament_prefix_path.dsv'
[0.497s] INFO:colcon.colcon_core.shell:Creating environment hook '/home/denis/DENIS/RollerBot23/guardros_ws/install/rb23_video_viewer/share/rb23_video_viewer/hook/ament_prefix_path.sh'
[0.498s] INFO:colcon.colcon_core.shell:Skip shell extension 'powershell' for command environment: Not usable outside of PowerShell
[0.498s] DEBUG:colcon.colcon_core.shell:Skip shell extension 'dsv' for command environment
[0.506s] DEBUG:colcon.colcon_core.event_handler.log_command:Invoking command in '/home/denis/DENIS/RollerBot23/guardros_ws/build/guardros_msgs': CMAKE_PREFIX_PATH=${CMAKE_PREFIX_PATH}:/home/denis/DENIS/RollerBot23/guardros_ws/install/rb23_bringup:/home/denis/DENIS/RollerBot23/guardros_ws/install/rb23_ros_driver:/home/denis/DENIS/RollerBot23/guardros_ws/install/rb23_keyboard_teleop:/home/denis/DENIS/RollerBot23/guardros_ws/install/guardros:/opt/ros/humble /usr/bin/cmake /home/denis/DENIS/RollerBot23/guardros_ws/src/guardros_msgs -DAMENT_CMAKE_SYMLINK_INSTALL=1 -DCMAKE_INSTALL_PREFIX=/home/denis/DENIS/RollerBot23/guardros_ws/install/guardros_msgs
[0.803s] INFO:colcon.colcon_core.task.python.build:Building Python package in '/home/denis/DENIS/RollerBot23/guardros_ws/src/rb23_keyboard_teleop'
[0.804s] INFO:colcon.colcon_core.shell:Skip shell extension 'powershell' for command environment: Not usable outside of PowerShell
[0.804s] DEBUG:colcon.colcon_core.shell:Skip shell extension 'dsv' for command environment
[1.078s] INFO:colcon.colcon_core.task.python.build:Building Python package in '/home/denis/DENIS/RollerBot23/guardros_ws/src/rb23_ros_driver'
[1.079s] INFO:colcon.colcon_core.shell:Skip shell extension 'powershell' for command environment: Not usable outside of PowerShell
[1.079s] DEBUG:colcon.colcon_core.shell:Skip shell extension 'dsv' for command environment
[1.360s] INFO:colcon.colcon_core.task.python.build:Building Python package in '/home/denis/DENIS/RollerBot23/guardros_ws/src/rb23_video_viewer'
[1.360s] INFO:colcon.colcon_core.shell:Skip shell extension 'powershell' for command environment: Not usable outside of PowerShell
[1.360s] DEBUG:colcon.colcon_core.shell:Skip shell extension 'dsv' for command environment
[1.755s] DEBUG:colcon.colcon_core.event_handler.log_command:Invoking command in '/home/denis/DENIS/RollerBot23/guardros_ws/build/rb23_keyboard_teleop': PYTHONPATH=/home/denis/DENIS/RollerBot23/guardros_ws/build/rb23_keyboard_teleop/prefix_override:/usr/lib/python3/dist-packages/colcon_core/task/python/colcon_distutils_commands:/home/denis/DENIS/RollerBot23/guardros_ws/install/rb23_keyboard_teleop/lib/python3.10/site-packages:${PYTHONPATH} /usr/bin/python3 -W ignore:setup.py install is deprecated -W ignore:easy_install command is deprecated setup.py develop --editable --build-directory /home/denis/DENIS/RollerBot23/guardros_ws/build/rb23_keyboard_teleop/build --no-deps symlink_data
[1.759s] DEBUG:colcon.colcon_core.event_handler.log_command:Invoking command in '/home/denis/DENIS/RollerBot23/guardros_ws/build/rb23_video_viewer': PYTHONPATH=/home/denis/DENIS/RollerBot23/guardros_ws/build/rb23_video_viewer/prefix_override:/usr/lib/python3/dist-packages/colcon_core/task/python/colcon_distutils_commands:/home/denis/DENIS/RollerBot23/guardros_ws/install/rb23_video_viewer/lib/python3.10/site-packages:${PYTHONPATH} /usr/bin/python3 -W ignore:setup.py install is deprecated -W ignore:easy_install command is deprecated setup.py develop --editable --build-directory /home/denis/DENIS/RollerBot23/guardros_ws/build/rb23_video_viewer/build --no-deps symlink_data
[1.769s] DEBUG:colcon.colcon_core.event_handler.log_command:Invoking command in '/home/denis/DENIS/RollerBot23/guardros_ws/build/rb23_ros_driver': PYTHONPATH=/home/denis/DENIS/RollerBot23/guardros_ws/build/rb23_ros_driver/prefix_override:/usr/lib/python3/dist-packages/colcon_core/task/python/colcon_distutils_commands:/home/denis/DENIS/RollerBot23/guardros_ws/install/rb23_ros_driver/lib/python3.10/site-packages:${PYTHONPATH} /usr/bin/python3 -W ignore:setup.py install is deprecated -W ignore:easy_install command is deprecated setup.py develop --editable --build-directory /home/denis/DENIS/RollerBot23/guardros_ws/build/rb23_ros_driver/build --no-deps symlink_data
[2.197s] DEBUG:colcon.colcon_core.event_handler.log_command:Invoked command in '/home/denis/DENIS/RollerBot23/guardros_ws/build/guardros_msgs' returned '0': CMAKE_PREFIX_PATH=${CMAKE_PREFIX_PATH}:/home/denis/DENIS/RollerBot23/guardros_ws/install/rb23_bringup:/home/denis/DENIS/RollerBot23/guardros_ws/install/rb23_ros_driver:/home/denis/DENIS/RollerBot23/guardros_ws/install/rb23_keyboard_teleop:/home/denis/DENIS/RollerBot23/guardros_ws/install/guardros:/opt/ros/humble /usr/bin/cmake /home/denis/DENIS/RollerBot23/guardros_ws/src/guardros_msgs -DAMENT_CMAKE_SYMLINK_INSTALL=1 -DCMAKE_INSTALL_PREFIX=/home/denis/DENIS/RollerBot23/guardros_ws/install/guardros_msgs
[2.198s] DEBUG:colcon.colcon_core.event_handler.log_command:Invoking command in '/home/denis/DENIS/RollerBot23/guardros_ws/build/guardros_msgs': CMAKE_PREFIX_PATH=${CMAKE_PREFIX_PATH}:/home/denis/DENIS/RollerBot23/guardros_ws/install/rb23_bringup:/home/denis/DENIS/RollerBot23/guardros_ws/install/rb23_ros_driver:/home/denis/DENIS/RollerBot23/guardros_ws/install/rb23_keyboard_teleop:/home/denis/DENIS/RollerBot23/guardros_ws/install/guardros:/opt/ros/humble /usr/bin/cmake --build /home/denis/DENIS/RollerBot23/guardros_ws/build/guardros_msgs -- -j8 -l8
[2.336s] Level 1:colcon.colcon_core.shell:create_environment_hook('rb23_video_viewer', 'pythonpath_develop')
[2.337s] INFO:colcon.colcon_core.shell:Creating environment hook '/home/denis/DENIS/RollerBot23/guardros_ws/build/rb23_video_viewer/share/rb23_video_viewer/hook/pythonpath_develop.ps1'
[2.338s] DEBUG:colcon.colcon_core.event_handler.log_command:Invoked command in '/home/denis/DENIS/RollerBot23/guardros_ws/build/rb23_video_viewer' returned '0': PYTHONPATH=/home/denis/DENIS/RollerBot23/guardros_ws/build/rb23_video_viewer/prefix_override:/usr/lib/python3/dist-packages/colcon_core/task/python/colcon_distutils_commands:/home/denis/DENIS/RollerBot23/guardros_ws/install/rb23_video_viewer/lib/python3.10/site-packages:${PYTHONPATH} /usr/bin/python3 -W ignore:setup.py install is deprecated -W ignore:easy_install command is deprecated setup.py develop --editable --build-directory /home/denis/DENIS/RollerBot23/guardros_ws/build/rb23_video_viewer/build --no-deps symlink_data
[2.338s] INFO:colcon.colcon_core.shell:Creating environment descriptor '/home/denis/DENIS/RollerBot23/guardros_ws/build/rb23_video_viewer/share/rb23_video_viewer/hook/pythonpath_develop.dsv'
[2.339s] INFO:colcon.colcon_core.shell:Creating environment hook '/home/denis/DENIS/RollerBot23/guardros_ws/build/rb23_video_viewer/share/rb23_video_viewer/hook/pythonpath_develop.sh'
[2.344s] Level 1:colcon.colcon_core.environment:checking '/home/denis/DENIS/RollerBot23/guardros_ws/install/rb23_video_viewer' for CMake module files
[2.344s] Level 1:colcon.colcon_core.environment:checking '/home/denis/DENIS/RollerBot23/guardros_ws/install/rb23_video_viewer' for CMake config files
[2.345s] Level 1:colcon.colcon_core.environment:checking '/home/denis/DENIS/RollerBot23/guardros_ws/install/rb23_video_viewer/lib'
[2.346s] Level 1:colcon.colcon_core.environment:checking '/home/denis/DENIS/RollerBot23/guardros_ws/install/rb23_video_viewer/bin'
[2.346s] Level 1:colcon.colcon_core.environment:checking '/home/denis/DENIS/RollerBot23/guardros_ws/install/rb23_video_viewer/lib/pkgconfig/rb23_video_viewer.pc'
[2.346s] Level 1:colcon.colcon_core.environment:checking '/home/denis/DENIS/RollerBot23/guardros_ws/install/rb23_video_viewer/lib/python3.10/site-packages'
[2.346s] Level 1:colcon.colcon_core.shell:create_environment_hook('rb23_video_viewer', 'pythonpath')
[2.347s] INFO:colcon.colcon_core.shell:Creating environment hook '/home/denis/DENIS/RollerBot23/guardros_ws/install/rb23_video_viewer/share/rb23_video_viewer/hook/pythonpath.ps1'
[2.348s] INFO:colcon.colcon_core.shell:Creating environment descriptor '/home/denis/DENIS/RollerBot23/guardros_ws/install/rb23_video_viewer/share/rb23_video_viewer/hook/pythonpath.dsv'
[2.348s] INFO:colcon.colcon_core.shell:Creating environment hook '/home/denis/DENIS/RollerBot23/guardros_ws/install/rb23_video_viewer/share/rb23_video_viewer/hook/pythonpath.sh'
[2.349s] Level 1:colcon.colcon_core.environment:checking '/home/denis/DENIS/RollerBot23/guardros_ws/install/rb23_video_viewer/bin'
[2.349s] Level 1:colcon.colcon_core.environment:create_environment_scripts_only(rb23_video_viewer)
[2.350s] INFO:colcon.colcon_core.shell:Creating package script '/home/denis/DENIS/RollerBot23/guardros_ws/install/rb23_video_viewer/share/rb23_video_viewer/package.ps1'
[2.351s] INFO:colcon.colcon_core.shell:Creating package descriptor '/home/denis/DENIS/RollerBot23/guardros_ws/install/rb23_video_viewer/share/rb23_video_viewer/package.dsv'
[2.352s] INFO:colcon.colcon_core.shell:Creating package script '/home/denis/DENIS/RollerBot23/guardros_ws/install/rb23_video_viewer/share/rb23_video_viewer/package.sh'
[2.354s] INFO:colcon.colcon_core.shell:Creating package script '/home/denis/DENIS/RollerBot23/guardros_ws/install/rb23_video_viewer/share/rb23_video_viewer/package.bash'
[2.355s] INFO:colcon.colcon_core.shell:Creating package script '/home/denis/DENIS/RollerBot23/guardros_ws/install/rb23_video_viewer/share/rb23_video_viewer/package.zsh'
[2.356s] Level 1:colcon.colcon_core.environment:create_file_with_runtime_dependencies(/home/denis/DENIS/RollerBot23/guardros_ws/install/rb23_video_viewer/share/colcon-core/packages/rb23_video_viewer)
[2.357s] Level 1:colcon.colcon_core.shell:create_environment_hook('rb23_keyboard_teleop', 'pythonpath_develop')
[2.357s] INFO:colcon.colcon_core.shell:Creating environment hook '/home/denis/DENIS/RollerBot23/guardros_ws/build/rb23_keyboard_teleop/share/rb23_keyboard_teleop/hook/pythonpath_develop.ps1'
[2.358s] INFO:colcon.colcon_core.shell:Creating environment descriptor '/home/denis/DENIS/RollerBot23/guardros_ws/build/rb23_keyboard_teleop/share/rb23_keyboard_teleop/hook/pythonpath_develop.dsv'
[2.358s] DEBUG:colcon.colcon_core.event_handler.log_command:Invoked command in '/home/denis/DENIS/RollerBot23/guardros_ws/build/rb23_keyboard_teleop' returned '0': PYTHONPATH=/home/denis/DENIS/RollerBot23/guardros_ws/build/rb23_keyboard_teleop/prefix_override:/usr/lib/python3/dist-packages/colcon_core/task/python/colcon_distutils_commands:/home/denis/DENIS/RollerBot23/guardros_ws/install/rb23_keyboard_teleop/lib/python3.10/site-packages:${PYTHONPATH} /usr/bin/python3 -W ignore:setup.py install is deprecated -W ignore:easy_install command is deprecated setup.py develop --editable --build-directory /home/denis/DENIS/RollerBot23/guardros_ws/build/rb23_keyboard_teleop/build --no-deps symlink_data
[2.359s] INFO:colcon.colcon_core.shell:Creating environment hook '/home/denis/DENIS/RollerBot23/guardros_ws/build/rb23_keyboard_teleop/share/rb23_keyboard_teleop/hook/pythonpath_develop.sh'
[2.360s] Level 1:colcon.colcon_core.environment:checking '/home/denis/DENIS/RollerBot23/guardros_ws/install/rb23_keyboard_teleop' for CMake module files
[2.360s] Level 1:colcon.colcon_core.environment:checking '/home/denis/DENIS/RollerBot23/guardros_ws/install/rb23_keyboard_teleop' for CMake config files
[2.361s] Level 1:colcon.colcon_core.environment:checking '/home/denis/DENIS/RollerBot23/guardros_ws/install/rb23_keyboard_teleop/lib'
[2.361s] Level 1:colcon.colcon_core.environment:checking '/home/denis/DENIS/RollerBot23/guardros_ws/install/rb23_keyboard_teleop/bin'
[2.361s] Level 1:colcon.colcon_core.environment:checking '/home/denis/DENIS/RollerBot23/guardros_ws/install/rb23_keyboard_teleop/lib/pkgconfig/rb23_keyboard_teleop.pc'
[2.362s] Level 1:colcon.colcon_core.environment:checking '/home/denis/DENIS/RollerBot23/guardros_ws/install/rb23_keyboard_teleop/lib/python3.10/site-packages'
[2.362s] Level 1:colcon.colcon_core.shell:create_environment_hook('rb23_keyboard_teleop', 'pythonpath')
[2.362s] INFO:colcon.colcon_core.shell:Creating environment hook '/home/denis/DENIS/RollerBot23/guardros_ws/install/rb23_keyboard_teleop/share/rb23_keyboard_teleop/hook/pythonpath.ps1'
[2.363s] INFO:colcon.colcon_core.shell:Creating environment descriptor '/home/denis/DENIS/RollerBot23/guardros_ws/install/rb23_keyboard_teleop/share/rb23_keyboard_teleop/hook/pythonpath.dsv'
[2.363s] INFO:colcon.colcon_core.shell:Creating environment hook '/home/denis/DENIS/RollerBot23/guardros_ws/install/rb23_keyboard_teleop/share/rb23_keyboard_teleop/hook/pythonpath.sh'
[2.364s] Level 1:colcon.colcon_core.environment:checking '/home/denis/DENIS/RollerBot23/guardros_ws/install/rb23_keyboard_teleop/bin'
[2.364s] Level 1:colcon.colcon_core.environment:create_environment_scripts_only(rb23_keyboard_teleop)
[2.365s] INFO:colcon.colcon_core.shell:Creating package script '/home/denis/DENIS/RollerBot23/guardros_ws/install/rb23_keyboard_teleop/share/rb23_keyboard_teleop/package.ps1'
[2.366s] INFO:colcon.colcon_core.shell:Creating package descriptor '/home/denis/DENIS/RollerBot23/guardros_ws/install/rb23_keyboard_teleop/share/rb23_keyboard_teleop/package.dsv'
[2.367s] INFO:colcon.colcon_core.shell:Creating package script '/home/denis/DENIS/RollerBot23/guardros_ws/install/rb23_keyboard_teleop/share/rb23_keyboard_teleop/package.sh'
[2.367s] INFO:colcon.colcon_core.shell:Creating package script '/home/denis/DENIS/RollerBot23/guardros_ws/install/rb23_keyboard_teleop/share/rb23_keyboard_teleop/package.bash'
[2.368s] INFO:colcon.colcon_core.shell:Creating package script '/home/denis/DENIS/RollerBot23/guardros_ws/install/rb23_keyboard_teleop/share/rb23_keyboard_teleop/package.zsh'
[2.368s] Level 1:colcon.colcon_core.environment:create_file_with_runtime_dependencies(/home/denis/DENIS/RollerBot23/guardros_ws/install/rb23_keyboard_teleop/share/colcon-core/packages/rb23_keyboard_teleop)
[2.370s] Level 1:colcon.colcon_core.shell:create_environment_hook('rb23_ros_driver', 'pythonpath_develop')
[2.372s] INFO:colcon.colcon_core.shell:Creating environment hook '/home/denis/DENIS/RollerBot23/guardros_ws/build/rb23_ros_driver/share/rb23_ros_driver/hook/pythonpath_develop.ps1'
[2.374s] INFO:colcon.colcon_core.shell:Creating environment descriptor '/home/denis/DENIS/RollerBot23/guardros_ws/build/rb23_ros_driver/share/rb23_ros_driver/hook/pythonpath_develop.dsv'
[2.374s] INFO:colcon.colcon_core.shell:Creating environment hook '/home/denis/DENIS/RollerBot23/guardros_ws/build/rb23_ros_driver/share/rb23_ros_driver/hook/pythonpath_develop.sh'
[2.372s] DEBUG:colcon.colcon_core.event_handler.log_command:Invoked command in '/home/denis/DENIS/RollerBot23/guardros_ws/build/rb23_ros_driver' returned '0': PYTHONPATH=/home/denis/DENIS/RollerBot23/guardros_ws/build/rb23_ros_driver/prefix_override:/usr/lib/python3/dist-packages/colcon_core/task/python/colcon_distutils_commands:/home/denis/DENIS/RollerBot23/guardros_ws/install/rb23_ros_driver/lib/python3.10/site-packages:${PYTHONPATH} /usr/bin/python3 -W ignore:setup.py install is deprecated -W ignore:easy_install command is deprecated setup.py develop --editable --build-directory /home/denis/DENIS/RollerBot23/guardros_ws/build/rb23_ros_driver/build --no-deps symlink_data
[2.379s] Level 1:colcon.colcon_core.environment:checking '/home/denis/DENIS/RollerBot23/guardros_ws/install/rb23_ros_driver' for CMake module files
[2.380s] Level 1:colcon.colcon_core.environment:checking '/home/denis/DENIS/RollerBot23/guardros_ws/install/rb23_ros_driver' for CMake config files
[2.380s] Level 1:colcon.colcon_core.environment:checking '/home/denis/DENIS/RollerBot23/guardros_ws/install/rb23_ros_driver/lib'
[2.380s] Level 1:colcon.colcon_core.environment:checking '/home/denis/DENIS/RollerBot23/guardros_ws/install/rb23_ros_driver/bin'
[2.380s] Level 1:colcon.colcon_core.environment:checking '/home/denis/DENIS/RollerBot23/guardros_ws/install/rb23_ros_driver/lib/pkgconfig/rb23_ros_driver.pc'
[2.381s] Level 1:colcon.colcon_core.environment:checking '/home/denis/DENIS/RollerBot23/guardros_ws/install/rb23_ros_driver/lib/python3.10/site-packages'
[2.381s] Level 1:colcon.colcon_core.shell:create_environment_hook('rb23_ros_driver', 'pythonpath')
[2.381s] INFO:colcon.colcon_core.shell:Creating environment hook '/home/denis/DENIS/RollerBot23/guardros_ws/install/rb23_ros_driver/share/rb23_ros_driver/hook/pythonpath.ps1'
[2.382s] INFO:colcon.colcon_core.shell:Creating environment descriptor '/home/denis/DENIS/RollerBot23/guardros_ws/install/rb23_ros_driver/share/rb23_ros_driver/hook/pythonpath.dsv'
[2.383s] INFO:colcon.colcon_core.shell:Creating environment hook '/home/denis/DENIS/RollerBot23/guardros_ws/install/rb23_ros_driver/share/rb23_ros_driver/hook/pythonpath.sh'
[2.384s] Level 1:colcon.colcon_core.environment:checking '/home/denis/DENIS/RollerBot23/guardros_ws/install/rb23_ros_driver/bin'
[2.384s] Level 1:colcon.colcon_core.environment:create_environment_scripts_only(rb23_ros_driver)
[2.385s] INFO:colcon.colcon_core.shell:Creating package script '/home/denis/DENIS/RollerBot23/guardros_ws/install/rb23_ros_driver/share/rb23_ros_driver/package.ps1'
[2.388s] INFO:colcon.colcon_core.shell:Creating package descriptor '/home/denis/DENIS/RollerBot23/guardros_ws/install/rb23_ros_driver/share/rb23_ros_driver/package.dsv'
[2.389s] INFO:colcon.colcon_core.shell:Creating package script '/home/denis/DENIS/RollerBot23/guardros_ws/install/rb23_ros_driver/share/rb23_ros_driver/package.sh'
[2.390s] INFO:colcon.colcon_core.shell:Creating package script '/home/denis/DENIS/RollerBot23/guardros_ws/install/rb23_ros_driver/share/rb23_ros_driver/package.bash'
[2.390s] INFO:colcon.colcon_core.shell:Creating package script '/home/denis/DENIS/RollerBot23/guardros_ws/install/rb23_ros_driver/share/rb23_ros_driver/package.zsh'
[2.391s] Level 1:colcon.colcon_core.environment:create_file_with_runtime_dependencies(/home/denis/DENIS/RollerBot23/guardros_ws/install/rb23_ros_driver/share/colcon-core/packages/rb23_ros_driver)
[7.170s] DEBUG:colcon.colcon_core.event_handler.log_command:Invoked command in '/home/denis/DENIS/RollerBot23/guardros_ws/build/guardros_msgs' returned '0': CMAKE_PREFIX_PATH=${CMAKE_PREFIX_PATH}:/home/denis/DENIS/RollerBot23/guardros_ws/install/rb23_bringup:/home/denis/DENIS/RollerBot23/guardros_ws/install/rb23_ros_driver:/home/denis/DENIS/RollerBot23/guardros_ws/install/rb23_keyboard_teleop:/home/denis/DENIS/RollerBot23/guardros_ws/install/guardros:/opt/ros/humble /usr/bin/cmake --build /home/denis/DENIS/RollerBot23/guardros_ws/build/guardros_msgs -- -j8 -l8
[7.179s] DEBUG:colcon.colcon_core.event_handler.log_command:Invoking command in '/home/denis/DENIS/RollerBot23/guardros_ws/build/guardros_msgs': CMAKE_PREFIX_PATH=${CMAKE_PREFIX_PATH}:/home/denis/DENIS/RollerBot23/guardros_ws/install/rb23_bringup:/home/denis/DENIS/RollerBot23/guardros_ws/install/rb23_ros_driver:/home/denis/DENIS/RollerBot23/guardros_ws/install/rb23_keyboard_teleop:/home/denis/DENIS/RollerBot23/guardros_ws/install/guardros:/opt/ros/humble /usr/bin/cmake --install /home/denis/DENIS/RollerBot23/guardros_ws/build/guardros_msgs
[8.340s] Level 1:colcon.colcon_core.environment:create_environment_scripts_only(guardros_msgs)
[8.340s] Level 1:colcon.colcon_core.environment:checking '/home/denis/DENIS/RollerBot23/guardros_ws/install/guardros_msgs' for CMake module files
[8.341s] DEBUG:colcon.colcon_core.event_handler.log_command:Invoked command in '/home/denis/DENIS/RollerBot23/guardros_ws/build/guardros_msgs' returned '0': CMAKE_PREFIX_PATH=${CMAKE_PREFIX_PATH}:/home/denis/DENIS/RollerBot23/guardros_ws/install/rb23_bringup:/home/denis/DENIS/RollerBot23/guardros_ws/install/rb23_ros_driver:/home/denis/DENIS/RollerBot23/guardros_ws/install/rb23_keyboard_teleop:/home/denis/DENIS/RollerBot23/guardros_ws/install/guardros:/opt/ros/humble /usr/bin/cmake --install /home/denis/DENIS/RollerBot23/guardros_ws/build/guardros_msgs
[8.341s] Level 1:colcon.colcon_core.environment:checking '/home/denis/DENIS/RollerBot23/guardros_ws/install/guardros_msgs' for CMake config files
[8.342s] Level 1:colcon.colcon_core.shell:create_environment_hook('guardros_msgs', 'cmake_prefix_path')
[8.342s] INFO:colcon.colcon_core.shell:Creating environment hook '/home/denis/DENIS/RollerBot23/guardros_ws/install/guardros_msgs/share/guardros_msgs/hook/cmake_prefix_path.ps1'
[8.343s] INFO:colcon.colcon_core.shell:Creating environment descriptor '/home/denis/DENIS/RollerBot23/guardros_ws/install/guardros_msgs/share/guardros_msgs/hook/cmake_prefix_path.dsv'
[8.343s] INFO:colcon.colcon_core.shell:Creating environment hook '/home/denis/DENIS/RollerBot23/guardros_ws/install/guardros_msgs/share/guardros_msgs/hook/cmake_prefix_path.sh'
[8.344s] Level 1:colcon.colcon_core.environment:checking '/home/denis/DENIS/RollerBot23/guardros_ws/install/guardros_msgs/lib'
[8.344s] Level 1:colcon.colcon_core.shell:create_environment_hook('guardros_msgs', 'ld_library_path_lib')
[8.344s] INFO:colcon.colcon_core.shell:Creating environment hook '/home/denis/DENIS/RollerBot23/guardros_ws/install/guardros_msgs/share/guardros_msgs/hook/ld_library_path_lib.ps1'
[8.344s] INFO:colcon.colcon_core.shell:Creating environment descriptor '/home/denis/DENIS/RollerBot23/guardros_ws/install/guardros_msgs/share/guardros_msgs/hook/ld_library_path_lib.dsv'
[8.345s] INFO:colcon.colcon_core.shell:Creating environment hook '/home/denis/DENIS/RollerBot23/guardros_ws/install/guardros_msgs/share/guardros_msgs/hook/ld_library_path_lib.sh'
[8.345s] Level 1:colcon.colcon_core.environment:checking '/home/denis/DENIS/RollerBot23/guardros_ws/install/guardros_msgs/bin'
[8.345s] Level 1:colcon.colcon_core.environment:checking '/home/denis/DENIS/RollerBot23/guardros_ws/install/guardros_msgs/lib/pkgconfig/guardros_msgs.pc'
[8.345s] Level 1:colcon.colcon_core.environment:checking '/home/denis/DENIS/RollerBot23/guardros_ws/install/guardros_msgs/lib/python3.10/site-packages'
[8.345s] Level 1:colcon.colcon_core.environment:checking '/home/denis/DENIS/RollerBot23/guardros_ws/install/guardros_msgs/bin'
[8.346s] INFO:colcon.colcon_core.shell:Creating package script '/home/denis/DENIS/RollerBot23/guardros_ws/install/guardros_msgs/share/guardros_msgs/package.ps1'
[8.346s] INFO:colcon.colcon_core.shell:Creating package descriptor '/home/denis/DENIS/RollerBot23/guardros_ws/install/guardros_msgs/share/guardros_msgs/package.dsv'
[8.347s] INFO:colcon.colcon_core.shell:Creating package script '/home/denis/DENIS/RollerBot23/guardros_ws/install/guardros_msgs/share/guardros_msgs/package.sh'
[8.347s] INFO:colcon.colcon_core.shell:Creating package script '/home/denis/DENIS/RollerBot23/guardros_ws/install/guardros_msgs/share/guardros_msgs/package.bash'
[8.347s] INFO:colcon.colcon_core.shell:Creating package script '/home/denis/DENIS/RollerBot23/guardros_ws/install/guardros_msgs/share/guardros_msgs/package.zsh'
[8.348s] Level 1:colcon.colcon_core.environment:create_file_with_runtime_dependencies(/home/denis/DENIS/RollerBot23/guardros_ws/install/guardros_msgs/share/colcon-core/packages/guardros_msgs)
[8.348s] Level 1:colcon.colcon_core.environment:create_environment_scripts_only(guardros_msgs)
[8.348s] Level 1:colcon.colcon_core.environment:checking '/home/denis/DENIS/RollerBot23/guardros_ws/install/guardros_msgs' for CMake module files
[8.349s] Level 1:colcon.colcon_core.environment:checking '/home/denis/DENIS/RollerBot23/guardros_ws/install/guardros_msgs' for CMake config files
[8.350s] Level 1:colcon.colcon_core.shell:create_environment_hook('guardros_msgs', 'cmake_prefix_path')
[8.350s] INFO:colcon.colcon_core.shell:Creating environment hook '/home/denis/DENIS/RollerBot23/guardros_ws/install/guardros_msgs/share/guardros_msgs/hook/cmake_prefix_path.ps1'
[8.351s] INFO:colcon.colcon_core.shell:Creating environment descriptor '/home/denis/DENIS/RollerBot23/guardros_ws/install/guardros_msgs/share/guardros_msgs/hook/cmake_prefix_path.dsv'
[8.351s] INFO:colcon.colcon_core.shell:Creating environment hook '/home/denis/DENIS/RollerBot23/guardros_ws/install/guardros_msgs/share/guardros_msgs/hook/cmake_prefix_path.sh'
[8.351s] Level 1:colcon.colcon_core.environment:checking '/home/denis/DENIS/RollerBot23/guardros_ws/install/guardros_msgs/lib'
[8.351s] Level 1:colcon.colcon_core.shell:create_environment_hook('guardros_msgs', 'ld_library_path_lib')
[8.352s] INFO:colcon.colcon_core.shell:Creating environment hook '/home/denis/DENIS/RollerBot23/guardros_ws/install/guardros_msgs/share/guardros_msgs/hook/ld_library_path_lib.ps1'
[8.352s] INFO:colcon.colcon_core.shell:Creating environment descriptor '/home/denis/DENIS/RollerBot23/guardros_ws/install/guardros_msgs/share/guardros_msgs/hook/ld_library_path_lib.dsv'
[8.352s] INFO:colcon.colcon_core.shell:Creating environment hook '/home/denis/DENIS/RollerBot23/guardros_ws/install/guardros_msgs/share/guardros_msgs/hook/ld_library_path_lib.sh'
[8.353s] Level 1:colcon.colcon_core.environment:checking '/home/denis/DENIS/RollerBot23/guardros_ws/install/guardros_msgs/bin'
[8.353s] Level 1:colcon.colcon_core.environment:checking '/home/denis/DENIS/RollerBot23/guardros_ws/install/guardros_msgs/lib/pkgconfig/guardros_msgs.pc'
[8.353s] Level 1:colcon.colcon_core.environment:checking '/home/denis/DENIS/RollerBot23/guardros_ws/install/guardros_msgs/lib/python3.10/site-packages'
[8.353s] Level 1:colcon.colcon_core.environment:checking '/home/denis/DENIS/RollerBot23/guardros_ws/install/guardros_msgs/bin'
[8.353s] INFO:colcon.colcon_core.shell:Creating package script '/home/denis/DENIS/RollerBot23/guardros_ws/install/guardros_msgs/share/guardros_msgs/package.ps1'
[8.354s] INFO:colcon.colcon_core.shell:Creating package descriptor '/home/denis/DENIS/RollerBot23/guardros_ws/install/guardros_msgs/share/guardros_msgs/package.dsv'
[8.354s] INFO:colcon.colcon_core.shell:Creating package script '/home/denis/DENIS/RollerBot23/guardros_ws/install/guardros_msgs/share/guardros_msgs/package.sh'
[8.377s] INFO:colcon.colcon_core.shell:Creating package script '/home/denis/DENIS/RollerBot23/guardros_ws/install/guardros_msgs/share/guardros_msgs/package.bash'
[8.377s] INFO:colcon.colcon_core.shell:Creating package script '/home/denis/DENIS/RollerBot23/guardros_ws/install/guardros_msgs/share/guardros_msgs/package.zsh'
[8.378s] Level 1:colcon.colcon_core.environment:create_file_with_runtime_dependencies(/home/denis/DENIS/RollerBot23/guardros_ws/install/guardros_msgs/share/colcon-core/packages/guardros_msgs)
[8.378s] DEBUG:colcon.colcon_parallel_executor.executor.parallel:closing loop
[8.378s] DEBUG:colcon.colcon_parallel_executor.executor.parallel:loop closed
[8.378s] DEBUG:colcon.colcon_parallel_executor.executor.parallel:run_until_complete finished with '0'
[8.378s] DEBUG:colcon.colcon_core.event_reactor:joining thread
[8.383s] INFO:colcon.colcon_core.plugin_system:Skipping extension 'colcon_notification.desktop_notification.terminal_notifier': Not used on non-Darwin systems
[8.383s] INFO:colcon.colcon_core.plugin_system:Skipping extension 'colcon_notification.desktop_notification.win32': Not used on non-Windows systems
[8.384s] INFO:colcon.colcon_notification.desktop_notification:Sending desktop notification using 'notify2'
[8.398s] DEBUG:colcon.colcon_core.event_reactor:joined thread
[8.398s] INFO:colcon.colcon_core.shell:Creating prefix script '/home/denis/DENIS/RollerBot23/guardros_ws/install/local_setup.ps1'
[8.400s] INFO:colcon.colcon_core.shell:Creating prefix util module '/home/denis/DENIS/RollerBot23/guardros_ws/install/_local_setup_util_ps1.py'
[8.402s] INFO:colcon.colcon_core.shell:Creating prefix chain script '/home/denis/DENIS/RollerBot23/guardros_ws/install/setup.ps1'
[8.403s] INFO:colcon.colcon_core.shell:Creating prefix script '/home/denis/DENIS/RollerBot23/guardros_ws/install/local_setup.sh'
[8.404s] INFO:colcon.colcon_core.shell:Creating prefix util module '/home/denis/DENIS/RollerBot23/guardros_ws/install/_local_setup_util_sh.py'
[8.404s] INFO:colcon.colcon_core.shell:Creating prefix chain script '/home/denis/DENIS/RollerBot23/guardros_ws/install/setup.sh'
[8.406s] INFO:colcon.colcon_core.shell:Creating prefix script '/home/denis/DENIS/RollerBot23/guardros_ws/install/local_setup.bash'
[8.406s] INFO:colcon.colcon_core.shell:Creating prefix chain script '/home/denis/DENIS/RollerBot23/guardros_ws/install/setup.bash'
[8.407s] INFO:colcon.colcon_core.shell:Creating prefix script '/home/denis/DENIS/RollerBot23/guardros_ws/install/local_setup.zsh'
[8.407s] INFO:colcon.colcon_core.shell:Creating prefix chain script '/home/denis/DENIS/RollerBot23/guardros_ws/install/setup.zsh'
