[0.691s] Invoking command in '/home/denis/DENIS/RollerBot23/guardros_ws/build/rb23_telemetry_viewer': AMENT_PREFIX_PATH=/home/denis/DENIS/RollerBot23/guardros_ws/install/guardros_msgs:${AMENT_PREFIX_PATH} CMAKE_PREFIX_PATH=/home/denis/DENIS/RollerBot23/guardros_ws/install/guardros_msgs LD_LIBRARY_PATH=/home/denis/DENIS/RollerBot23/guardros_ws/install/guardros_msgs/lib:${LD_LIBRARY_PATH} PYTHONPATH=/home/denis/DENIS/RollerBot23/guardros_ws/build/rb23_telemetry_viewer/prefix_override:/usr/lib/python3/dist-packages/colcon_core/task/python/colcon_distutils_commands:/home/denis/DENIS/RollerBot23/guardros_ws/install/rb23_telemetry_viewer/lib/python3.10/site-packages:/home/denis/DENIS/RollerBot23/guardros_ws/install/guardros_msgs/local/lib/python3.10/dist-packages:${PYTHONPATH} /usr/bin/python3 -W ignore:setup.py install is deprecated -W ignore:easy_install command is deprecated setup.py develop --uninstall --editable --build-directory /home/denis/DENIS/RollerBot23/guardros_ws/build/rb23_telemetry_viewer/build
[0.997s] running develop
[1.176s] Removing /home/denis/DENIS/RollerBot23/guardros_ws/install/rb23_telemetry_viewer/lib/python3.10/site-packages/rb23-telemetry-viewer.egg-link (link to .)
[1.200s] Invoked command in '/home/denis/DENIS/RollerBot23/guardros_ws/build/rb23_telemetry_viewer' returned '0': AMENT_PREFIX_PATH=/home/denis/DENIS/RollerBot23/guardros_ws/install/guardros_msgs:${AMENT_PREFIX_PATH} CMAKE_PREFIX_PATH=/home/denis/DENIS/RollerBot23/guardros_ws/install/guardros_msgs LD_LIBRARY_PATH=/home/denis/DENIS/RollerBot23/guardros_ws/install/guardros_msgs/lib:${LD_LIBRARY_PATH} PYTHONPATH=/home/denis/DENIS/RollerBot23/guardros_ws/build/rb23_telemetry_viewer/prefix_override:/usr/lib/python3/dist-packages/colcon_core/task/python/colcon_distutils_commands:/home/denis/DENIS/RollerBot23/guardros_ws/install/rb23_telemetry_viewer/lib/python3.10/site-packages:/home/denis/DENIS/RollerBot23/guardros_ws/install/guardros_msgs/local/lib/python3.10/dist-packages:${PYTHONPATH} /usr/bin/python3 -W ignore:setup.py install is deprecated -W ignore:easy_install command is deprecated setup.py develop --uninstall --editable --build-directory /home/denis/DENIS/RollerBot23/guardros_ws/build/rb23_telemetry_viewer/build
[1.202s] Invoking command in '/home/denis/DENIS/RollerBot23/guardros_ws/src/rb23_telemetry_viewer': AMENT_PREFIX_PATH=/home/denis/DENIS/RollerBot23/guardros_ws/install/guardros_msgs:${AMENT_PREFIX_PATH} CMAKE_PREFIX_PATH=/home/denis/DENIS/RollerBot23/guardros_ws/install/guardros_msgs LD_LIBRARY_PATH=/home/denis/DENIS/RollerBot23/guardros_ws/install/guardros_msgs/lib:${LD_LIBRARY_PATH} PYTHONPATH=/home/denis/DENIS/RollerBot23/guardros_ws/build/rb23_telemetry_viewer/prefix_override:/usr/lib/python3/dist-packages/colcon_core/task/python/colcon_distutils_commands:/home/denis/DENIS/RollerBot23/guardros_ws/install/rb23_telemetry_viewer/lib/python3.10/site-packages:/home/denis/DENIS/RollerBot23/guardros_ws/install/guardros_msgs/local/lib/python3.10/dist-packages:${PYTHONPATH} /usr/bin/python3 -W ignore:setup.py install is deprecated -W ignore:easy_install command is deprecated setup.py egg_info --egg-base ../../build/rb23_telemetry_viewer build --build-base /home/denis/DENIS/RollerBot23/guardros_ws/build/rb23_telemetry_viewer/build install --record /home/denis/DENIS/RollerBot23/guardros_ws/build/rb23_telemetry_viewer/install.log --single-version-externally-managed install_data --force
[1.451s] running egg_info
[1.451s] writing ../../build/rb23_telemetry_viewer/rb23_telemetry_viewer.egg-info/PKG-INFO
[1.452s] writing dependency_links to ../../build/rb23_telemetry_viewer/rb23_telemetry_viewer.egg-info/dependency_links.txt
[1.452s] writing entry points to ../../build/rb23_telemetry_viewer/rb23_telemetry_viewer.egg-info/entry_points.txt
[1.452s] writing requirements to ../../build/rb23_telemetry_viewer/rb23_telemetry_viewer.egg-info/requires.txt
[1.452s] writing top-level names to ../../build/rb23_telemetry_viewer/rb23_telemetry_viewer.egg-info/top_level.txt
[1.454s] reading manifest file '../../build/rb23_telemetry_viewer/rb23_telemetry_viewer.egg-info/SOURCES.txt'
[1.455s] writing manifest file '../../build/rb23_telemetry_viewer/rb23_telemetry_viewer.egg-info/SOURCES.txt'
[1.455s] running build
[1.455s] running build_py
[1.455s] creating /home/denis/DENIS/RollerBot23/guardros_ws/build/rb23_telemetry_viewer/build
[1.455s] creating /home/denis/DENIS/RollerBot23/guardros_ws/build/rb23_telemetry_viewer/build/lib
[1.455s] creating /home/denis/DENIS/RollerBot23/guardros_ws/build/rb23_telemetry_viewer/build/lib/rb23_telemetry_viewer
[1.455s] copying rb23_telemetry_viewer/rb23_telemetry_viewer_node.py -> /home/denis/DENIS/RollerBot23/guardros_ws/build/rb23_telemetry_viewer/build/lib/rb23_telemetry_viewer
[1.455s] copying rb23_telemetry_viewer/__init__.py -> /home/denis/DENIS/RollerBot23/guardros_ws/build/rb23_telemetry_viewer/build/lib/rb23_telemetry_viewer
[1.455s] running install
[1.455s] running install_lib
[1.456s] creating /home/denis/DENIS/RollerBot23/guardros_ws/install/rb23_telemetry_viewer/lib/python3.10/site-packages/rb23_telemetry_viewer
[1.456s] copying /home/denis/DENIS/RollerBot23/guardros_ws/build/rb23_telemetry_viewer/build/lib/rb23_telemetry_viewer/rb23_telemetry_viewer_node.py -> /home/denis/DENIS/RollerBot23/guardros_ws/install/rb23_telemetry_viewer/lib/python3.10/site-packages/rb23_telemetry_viewer
[1.456s] copying /home/denis/DENIS/RollerBot23/guardros_ws/build/rb23_telemetry_viewer/build/lib/rb23_telemetry_viewer/__init__.py -> /home/denis/DENIS/RollerBot23/guardros_ws/install/rb23_telemetry_viewer/lib/python3.10/site-packages/rb23_telemetry_viewer
[1.457s] byte-compiling /home/denis/DENIS/RollerBot23/guardros_ws/install/rb23_telemetry_viewer/lib/python3.10/site-packages/rb23_telemetry_viewer/rb23_telemetry_viewer_node.py to rb23_telemetry_viewer_node.cpython-310.pyc
[1.459s] byte-compiling /home/denis/DENIS/RollerBot23/guardros_ws/install/rb23_telemetry_viewer/lib/python3.10/site-packages/rb23_telemetry_viewer/__init__.py to __init__.cpython-310.pyc
[1.459s] running install_data
[1.460s] copying resource/rb23_telemetry_viewer -> /home/denis/DENIS/RollerBot23/guardros_ws/install/rb23_telemetry_viewer/share/ament_index/resource_index/packages
[1.460s] copying package.xml -> /home/denis/DENIS/RollerBot23/guardros_ws/install/rb23_telemetry_viewer/share/rb23_telemetry_viewer
[1.460s] running install_egg_info
[1.461s] Copying ../../build/rb23_telemetry_viewer/rb23_telemetry_viewer.egg-info to /home/denis/DENIS/RollerBot23/guardros_ws/install/rb23_telemetry_viewer/lib/python3.10/site-packages/rb23_telemetry_viewer-0.0.1-py3.10.egg-info
[1.462s] running install_scripts
[1.483s] Installing rb23_telemetry_viewer_node script to /home/denis/DENIS/RollerBot23/guardros_ws/install/rb23_telemetry_viewer/lib/rb23_telemetry_viewer
[1.483s] writing list of installed files to '/home/denis/DENIS/RollerBot23/guardros_ws/build/rb23_telemetry_viewer/install.log'
[1.505s] Invoked command in '/home/denis/DENIS/RollerBot23/guardros_ws/src/rb23_telemetry_viewer' returned '0': AMENT_PREFIX_PATH=/home/denis/DENIS/RollerBot23/guardros_ws/install/guardros_msgs:${AMENT_PREFIX_PATH} CMAKE_PREFIX_PATH=/home/denis/DENIS/RollerBot23/guardros_ws/install/guardros_msgs LD_LIBRARY_PATH=/home/denis/DENIS/RollerBot23/guardros_ws/install/guardros_msgs/lib:${LD_LIBRARY_PATH} PYTHONPATH=/home/denis/DENIS/RollerBot23/guardros_ws/build/rb23_telemetry_viewer/prefix_override:/usr/lib/python3/dist-packages/colcon_core/task/python/colcon_distutils_commands:/home/denis/DENIS/RollerBot23/guardros_ws/install/rb23_telemetry_viewer/lib/python3.10/site-packages:/home/denis/DENIS/RollerBot23/guardros_ws/install/guardros_msgs/local/lib/python3.10/dist-packages:${PYTHONPATH} /usr/bin/python3 -W ignore:setup.py install is deprecated -W ignore:easy_install command is deprecated setup.py egg_info --egg-base ../../build/rb23_telemetry_viewer build --build-base /home/denis/DENIS/RollerBot23/guardros_ws/build/rb23_telemetry_viewer/build install --record /home/denis/DENIS/RollerBot23/guardros_ws/build/rb23_telemetry_viewer/install.log --single-version-externally-managed install_data --force
