[1.933s] Invoking command in '/home/denis/DENIS/RollerBot23/guardros_ws/src/rb23_keyboard_teleop': PYTHONPATH=/home/denis/DENIS/RollerBot23/guardros_ws/build/rb23_keyboard_teleop/prefix_override:/usr/lib/python3/dist-packages/colcon_core/task/python/colcon_distutils_commands:/home/denis/DENIS/RollerBot23/guardros_ws/install/rb23_keyboard_teleop/lib/python3.10/site-packages:${PYTHONPATH} /usr/bin/python3 -W ignore:setup.py install is deprecated -W ignore:easy_install command is deprecated setup.py egg_info --egg-base ../../build/rb23_keyboard_teleop build --build-base /home/denis/DENIS/RollerBot23/guardros_ws/build/rb23_keyboard_teleop/build install --record /home/denis/DENIS/RollerBot23/guardros_ws/build/rb23_keyboard_teleop/install.log --single-version-externally-managed install_data
[2.288s] running egg_info
[2.289s] writing ../../build/rb23_keyboard_teleop/rb23_keyboard_teleop.egg-info/PKG-INFO
[2.289s] writing dependency_links to ../../build/rb23_keyboard_teleop/rb23_keyboard_teleop.egg-info/dependency_links.txt
[2.290s] writing entry points to ../../build/rb23_keyboard_teleop/rb23_keyboard_teleop.egg-info/entry_points.txt
[2.290s] writing requirements to ../../build/rb23_keyboard_teleop/rb23_keyboard_teleop.egg-info/requires.txt
[2.290s] writing top-level names to ../../build/rb23_keyboard_teleop/rb23_keyboard_teleop.egg-info/top_level.txt
[2.293s] reading manifest file '../../build/rb23_keyboard_teleop/rb23_keyboard_teleop.egg-info/SOURCES.txt'
[2.295s] writing manifest file '../../build/rb23_keyboard_teleop/rb23_keyboard_teleop.egg-info/SOURCES.txt'
[2.295s] running build
[2.295s] running build_py
[2.295s] running install
[2.296s] running install_lib
[2.298s] running install_data
[2.298s] running install_egg_info
[2.302s] removing '/home/denis/DENIS/RollerBot23/guardros_ws/install/rb23_keyboard_teleop/lib/python3.10/site-packages/rb23_keyboard_teleop-0.0.0-py3.10.egg-info' (and everything under it)
[2.302s] Copying ../../build/rb23_keyboard_teleop/rb23_keyboard_teleop.egg-info to /home/denis/DENIS/RollerBot23/guardros_ws/install/rb23_keyboard_teleop/lib/python3.10/site-packages/rb23_keyboard_teleop-0.0.0-py3.10.egg-info
[2.305s] running install_scripts
[2.353s] Installing keyboard_teleop_node script to /home/denis/DENIS/RollerBot23/guardros_ws/install/rb23_keyboard_teleop/lib/rb23_keyboard_teleop
[2.354s] writing list of installed files to '/home/denis/DENIS/RollerBot23/guardros_ws/build/rb23_keyboard_teleop/install.log'
[2.405s] Invoked command in '/home/denis/DENIS/RollerBot23/guardros_ws/src/rb23_keyboard_teleop' returned '0': PYTHONPATH=/home/denis/DENIS/RollerBot23/guardros_ws/build/rb23_keyboard_teleop/prefix_override:/usr/lib/python3/dist-packages/colcon_core/task/python/colcon_distutils_commands:/home/denis/DENIS/RollerBot23/guardros_ws/install/rb23_keyboard_teleop/lib/python3.10/site-packages:${PYTHONPATH} /usr/bin/python3 -W ignore:setup.py install is deprecated -W ignore:easy_install command is deprecated setup.py egg_info --egg-base ../../build/rb23_keyboard_teleop build --build-base /home/denis/DENIS/RollerBot23/guardros_ws/build/rb23_keyboard_teleop/build install --record /home/denis/DENIS/RollerBot23/guardros_ws/build/rb23_keyboard_teleop/install.log --single-version-externally-managed install_data
