[1.404s] Invoking command in '/home/denis/DENIS/RollerBot23/guardros_ws/build/rb23_telemetry_viewer': AMENT_PREFIX_PATH=/home/denis/DENIS/RollerBot23/guardros_ws/install/guardros_msgs:${AMENT_PREFIX_PATH} CMAKE_PREFIX_PATH=/home/denis/DENIS/RollerBot23/guardros_ws/install/guardros_msgs LD_LIBRARY_PATH=/home/denis/DENIS/RollerBot23/guardros_ws/install/guardros_msgs/lib:${LD_LIBRARY_PATH} PYTHONPATH=/home/denis/DENIS/RollerBot23/guardros_ws/build/rb23_telemetry_viewer/prefix_override:/usr/lib/python3/dist-packages/colcon_core/task/python/colcon_distutils_commands:/home/denis/DENIS/RollerBot23/guardros_ws/install/rb23_telemetry_viewer/lib/python3.10/site-packages:/home/denis/DENIS/RollerBot23/guardros_ws/install/guardros_msgs/local/lib/python3.10/dist-packages:${PYTHONPATH} /usr/bin/python3 -W ignore:setup.py install is deprecated -W ignore:easy_install command is deprecated setup.py develop --uninstall --editable --build-directory /home/denis/DENIS/RollerBot23/guardros_ws/build/rb23_telemetry_viewer/build
[1.732s] running develop
[1.928s] Removing /home/denis/DENIS/RollerBot23/guardros_ws/install/rb23_telemetry_viewer/lib/python3.10/site-packages/rb23-telemetry-viewer.egg-link (link to .)
[1.959s] Invoked command in '/home/denis/DENIS/RollerBot23/guardros_ws/build/rb23_telemetry_viewer' returned '0': AMENT_PREFIX_PATH=/home/denis/DENIS/RollerBot23/guardros_ws/install/guardros_msgs:${AMENT_PREFIX_PATH} CMAKE_PREFIX_PATH=/home/denis/DENIS/RollerBot23/guardros_ws/install/guardros_msgs LD_LIBRARY_PATH=/home/denis/DENIS/RollerBot23/guardros_ws/install/guardros_msgs/lib:${LD_LIBRARY_PATH} PYTHONPATH=/home/denis/DENIS/RollerBot23/guardros_ws/build/rb23_telemetry_viewer/prefix_override:/usr/lib/python3/dist-packages/colcon_core/task/python/colcon_distutils_commands:/home/denis/DENIS/RollerBot23/guardros_ws/install/rb23_telemetry_viewer/lib/python3.10/site-packages:/home/denis/DENIS/RollerBot23/guardros_ws/install/guardros_msgs/local/lib/python3.10/dist-packages:${PYTHONPATH} /usr/bin/python3 -W ignore:setup.py install is deprecated -W ignore:easy_install command is deprecated setup.py develop --uninstall --editable --build-directory /home/denis/DENIS/RollerBot23/guardros_ws/build/rb23_telemetry_viewer/build
[1.961s] Invoking command in '/home/denis/DENIS/RollerBot23/guardros_ws/src/rb23_telemetry_viewer': AMENT_PREFIX_PATH=/home/denis/DENIS/RollerBot23/guardros_ws/install/guardros_msgs:${AMENT_PREFIX_PATH} CMAKE_PREFIX_PATH=/home/denis/DENIS/RollerBot23/guardros_ws/install/guardros_msgs LD_LIBRARY_PATH=/home/denis/DENIS/RollerBot23/guardros_ws/install/guardros_msgs/lib:${LD_LIBRARY_PATH} PYTHONPATH=/home/denis/DENIS/RollerBot23/guardros_ws/build/rb23_telemetry_viewer/prefix_override:/usr/lib/python3/dist-packages/colcon_core/task/python/colcon_distutils_commands:/home/denis/DENIS/RollerBot23/guardros_ws/install/rb23_telemetry_viewer/lib/python3.10/site-packages:/home/denis/DENIS/RollerBot23/guardros_ws/install/guardros_msgs/local/lib/python3.10/dist-packages:${PYTHONPATH} /usr/bin/python3 -W ignore:setup.py install is deprecated -W ignore:easy_install command is deprecated setup.py egg_info --egg-base ../../build/rb23_telemetry_viewer build --build-base /home/denis/DENIS/RollerBot23/guardros_ws/build/rb23_telemetry_viewer/build install --record /home/denis/DENIS/RollerBot23/guardros_ws/build/rb23_telemetry_viewer/install.log --single-version-externally-managed install_data --force
[2.222s] running egg_info
[2.223s] writing ../../build/rb23_telemetry_viewer/rb23_telemetry_viewer.egg-info/PKG-INFO
[2.223s] writing dependency_links to ../../build/rb23_telemetry_viewer/rb23_telemetry_viewer.egg-info/dependency_links.txt
[2.240s] writing entry points to ../../build/rb23_telemetry_viewer/rb23_telemetry_viewer.egg-info/entry_points.txt
[2.240s] writing requirements to ../../build/rb23_telemetry_viewer/rb23_telemetry_viewer.egg-info/requires.txt
[2.241s] writing top-level names to ../../build/rb23_telemetry_viewer/rb23_telemetry_viewer.egg-info/top_level.txt
[2.243s] reading manifest file '../../build/rb23_telemetry_viewer/rb23_telemetry_viewer.egg-info/SOURCES.txt'
[2.256s] writing manifest file '../../build/rb23_telemetry_viewer/rb23_telemetry_viewer.egg-info/SOURCES.txt'
[2.256s] running build
[2.256s] running build_py
[2.256s] copying rb23_telemetry_viewer/rb23_telemetry_viewer_node.py -> /home/denis/DENIS/RollerBot23/guardros_ws/build/rb23_telemetry_viewer/build/lib/rb23_telemetry_viewer
[2.256s] copying rb23_telemetry_viewer/rb23_telemetry_viewer_node_bkp.py -> /home/denis/DENIS/RollerBot23/guardros_ws/build/rb23_telemetry_viewer/build/lib/rb23_telemetry_viewer
[2.257s] running install
[2.257s] running install_lib
[2.258s] creating /home/denis/DENIS/RollerBot23/guardros_ws/install/rb23_telemetry_viewer/lib/python3.10/site-packages/rb23_telemetry_viewer
[2.258s] copying /home/denis/DENIS/RollerBot23/guardros_ws/build/rb23_telemetry_viewer/build/lib/rb23_telemetry_viewer/rb23_telemetry_viewer_node.py -> /home/denis/DENIS/RollerBot23/guardros_ws/install/rb23_telemetry_viewer/lib/python3.10/site-packages/rb23_telemetry_viewer
[2.258s] copying /home/denis/DENIS/RollerBot23/guardros_ws/build/rb23_telemetry_viewer/build/lib/rb23_telemetry_viewer/rb23_telemetry_viewer_node_bkp.py -> /home/denis/DENIS/RollerBot23/guardros_ws/install/rb23_telemetry_viewer/lib/python3.10/site-packages/rb23_telemetry_viewer
[2.258s] copying /home/denis/DENIS/RollerBot23/guardros_ws/build/rb23_telemetry_viewer/build/lib/rb23_telemetry_viewer/__init__.py -> /home/denis/DENIS/RollerBot23/guardros_ws/install/rb23_telemetry_viewer/lib/python3.10/site-packages/rb23_telemetry_viewer
[2.259s] byte-compiling /home/denis/DENIS/RollerBot23/guardros_ws/install/rb23_telemetry_viewer/lib/python3.10/site-packages/rb23_telemetry_viewer/rb23_telemetry_viewer_node.py to rb23_telemetry_viewer_node.cpython-310.pyc
[2.262s] byte-compiling /home/denis/DENIS/RollerBot23/guardros_ws/install/rb23_telemetry_viewer/lib/python3.10/site-packages/rb23_telemetry_viewer/rb23_telemetry_viewer_node_bkp.py to rb23_telemetry_viewer_node_bkp.cpython-310.pyc
[2.264s] byte-compiling /home/denis/DENIS/RollerBot23/guardros_ws/install/rb23_telemetry_viewer/lib/python3.10/site-packages/rb23_telemetry_viewer/__init__.py to __init__.cpython-310.pyc
[2.264s] running install_data
[2.264s] copying resource/rb23_telemetry_viewer -> /home/denis/DENIS/RollerBot23/guardros_ws/install/rb23_telemetry_viewer/share/ament_index/resource_index/packages
[2.264s] copying package.xml -> /home/denis/DENIS/RollerBot23/guardros_ws/install/rb23_telemetry_viewer/share/rb23_telemetry_viewer
[2.264s] running install_egg_info
[2.266s] Copying ../../build/rb23_telemetry_viewer/rb23_telemetry_viewer.egg-info to /home/denis/DENIS/RollerBot23/guardros_ws/install/rb23_telemetry_viewer/lib/python3.10/site-packages/rb23_telemetry_viewer-0.0.1-py3.10.egg-info
[2.267s] running install_scripts
[2.288s] Installing rb23_telemetry_viewer_node script to /home/denis/DENIS/RollerBot23/guardros_ws/install/rb23_telemetry_viewer/lib/rb23_telemetry_viewer
[2.289s] writing list of installed files to '/home/denis/DENIS/RollerBot23/guardros_ws/build/rb23_telemetry_viewer/install.log'
[2.324s] Invoked command in '/home/denis/DENIS/RollerBot23/guardros_ws/src/rb23_telemetry_viewer' returned '0': AMENT_PREFIX_PATH=/home/denis/DENIS/RollerBot23/guardros_ws/install/guardros_msgs:${AMENT_PREFIX_PATH} CMAKE_PREFIX_PATH=/home/denis/DENIS/RollerBot23/guardros_ws/install/guardros_msgs LD_LIBRARY_PATH=/home/denis/DENIS/RollerBot23/guardros_ws/install/guardros_msgs/lib:${LD_LIBRARY_PATH} PYTHONPATH=/home/denis/DENIS/RollerBot23/guardros_ws/build/rb23_telemetry_viewer/prefix_override:/usr/lib/python3/dist-packages/colcon_core/task/python/colcon_distutils_commands:/home/denis/DENIS/RollerBot23/guardros_ws/install/rb23_telemetry_viewer/lib/python3.10/site-packages:/home/denis/DENIS/RollerBot23/guardros_ws/install/guardros_msgs/local/lib/python3.10/dist-packages:${PYTHONPATH} /usr/bin/python3 -W ignore:setup.py install is deprecated -W ignore:easy_install command is deprecated setup.py egg_info --egg-base ../../build/rb23_telemetry_viewer build --build-base /home/denis/DENIS/RollerBot23/guardros_ws/build/rb23_telemetry_viewer/build install --record /home/denis/DENIS/RollerBot23/guardros_ws/build/rb23_telemetry_viewer/install.log --single-version-externally-managed install_data --force
