[1.351s] Invoking command in '/home/denis/DENIS/RollerBot23/guardros_ws/build/rb23_video_viewer': PYTHONPATH=/home/denis/DENIS/RollerBot23/guardros_ws/build/rb23_video_viewer/prefix_override:/usr/lib/python3/dist-packages/colcon_core/task/python/colcon_distutils_commands:/home/denis/DENIS/RollerBot23/guardros_ws/install/rb23_video_viewer/lib/python3.10/site-packages:${PYTHONPATH} /usr/bin/python3 -W ignore:setup.py install is deprecated -W ignore:easy_install command is deprecated setup.py develop --uninstall --editable --build-directory /home/denis/DENIS/RollerBot23/guardros_ws/build/rb23_video_viewer/build
[1.821s] running develop
[2.085s] Removing /home/denis/DENIS/RollerBot23/guardros_ws/install/rb23_video_viewer/lib/python3.10/site-packages/rb23-video-viewer.egg-link (link to .)
[2.722s] Invoked command in '/home/denis/DENIS/RollerBot23/guardros_ws/build/rb23_video_viewer' returned '0': PYTHONPATH=/home/denis/DENIS/RollerBot23/guardros_ws/build/rb23_video_viewer/prefix_override:/usr/lib/python3/dist-packages/colcon_core/task/python/colcon_distutils_commands:/home/denis/DENIS/RollerBot23/guardros_ws/install/rb23_video_viewer/lib/python3.10/site-packages:${PYTHONPATH} /usr/bin/python3 -W ignore:setup.py install is deprecated -W ignore:easy_install command is deprecated setup.py develop --uninstall --editable --build-directory /home/denis/DENIS/RollerBot23/guardros_ws/build/rb23_video_viewer/build
[2.723s] Invoking command in '/home/denis/DENIS/RollerBot23/guardros_ws/src/rb23_video_viewer': PYTHONPATH=/home/denis/DENIS/RollerBot23/guardros_ws/build/rb23_video_viewer/prefix_override:/usr/lib/python3/dist-packages/colcon_core/task/python/colcon_distutils_commands:/home/denis/DENIS/RollerBot23/guardros_ws/install/rb23_video_viewer/lib/python3.10/site-packages:${PYTHONPATH} /usr/bin/python3 -W ignore:setup.py install is deprecated -W ignore:easy_install command is deprecated setup.py egg_info --egg-base ../../build/rb23_video_viewer build --build-base /home/denis/DENIS/RollerBot23/guardros_ws/build/rb23_video_viewer/build install --record /home/denis/DENIS/RollerBot23/guardros_ws/build/rb23_video_viewer/install.log --single-version-externally-managed install_data --force
[3.063s] running egg_info
[3.063s] writing ../../build/rb23_video_viewer/rb23_video_viewer.egg-info/PKG-INFO
[3.063s] writing dependency_links to ../../build/rb23_video_viewer/rb23_video_viewer.egg-info/dependency_links.txt
[3.064s] writing entry points to ../../build/rb23_video_viewer/rb23_video_viewer.egg-info/entry_points.txt
[3.064s] writing requirements to ../../build/rb23_video_viewer/rb23_video_viewer.egg-info/requires.txt
[3.064s] writing top-level names to ../../build/rb23_video_viewer/rb23_video_viewer.egg-info/top_level.txt
[3.064s] reading manifest file '../../build/rb23_video_viewer/rb23_video_viewer.egg-info/SOURCES.txt'
[3.064s] writing manifest file '../../build/rb23_video_viewer/rb23_video_viewer.egg-info/SOURCES.txt'
[3.064s] running build
[3.064s] running build_py
[3.064s] copying rb23_video_viewer/rb23_video_viewer_node_bkp.py -> /home/denis/DENIS/RollerBot23/guardros_ws/build/rb23_video_viewer/build/lib/rb23_video_viewer
[3.064s] copying rb23_video_viewer/rb23_video_viewer_node.py -> /home/denis/DENIS/RollerBot23/guardros_ws/build/rb23_video_viewer/build/lib/rb23_video_viewer
[3.064s] running install
[3.065s] running install_lib
[3.065s] creating /home/denis/DENIS/RollerBot23/guardros_ws/install/rb23_video_viewer/lib/python3.10/site-packages/rb23_video_viewer
[3.065s] copying /home/denis/DENIS/RollerBot23/guardros_ws/build/rb23_video_viewer/build/lib/rb23_video_viewer/__init__.py -> /home/denis/DENIS/RollerBot23/guardros_ws/install/rb23_video_viewer/lib/python3.10/site-packages/rb23_video_viewer
[3.065s] copying /home/denis/DENIS/RollerBot23/guardros_ws/build/rb23_video_viewer/build/lib/rb23_video_viewer/rb23_video_viewer_node_bkp.py -> /home/denis/DENIS/RollerBot23/guardros_ws/install/rb23_video_viewer/lib/python3.10/site-packages/rb23_video_viewer
[3.065s] copying /home/denis/DENIS/RollerBot23/guardros_ws/build/rb23_video_viewer/build/lib/rb23_video_viewer/rb23_video_viewer_node.py -> /home/denis/DENIS/RollerBot23/guardros_ws/install/rb23_video_viewer/lib/python3.10/site-packages/rb23_video_viewer
[3.065s] byte-compiling /home/denis/DENIS/RollerBot23/guardros_ws/install/rb23_video_viewer/lib/python3.10/site-packages/rb23_video_viewer/__init__.py to __init__.cpython-310.pyc
[3.065s] byte-compiling /home/denis/DENIS/RollerBot23/guardros_ws/install/rb23_video_viewer/lib/python3.10/site-packages/rb23_video_viewer/rb23_video_viewer_node_bkp.py to rb23_video_viewer_node_bkp.cpython-310.pyc
[3.065s] byte-compiling /home/denis/DENIS/RollerBot23/guardros_ws/install/rb23_video_viewer/lib/python3.10/site-packages/rb23_video_viewer/rb23_video_viewer_node.py to rb23_video_viewer_node.cpython-310.pyc
[3.065s] running install_data
[3.065s] copying resource/rb23_video_viewer -> /home/denis/DENIS/RollerBot23/guardros_ws/install/rb23_video_viewer/share/ament_index/resource_index/packages
[3.065s] copying package.xml -> /home/denis/DENIS/RollerBot23/guardros_ws/install/rb23_video_viewer/share/rb23_video_viewer
[3.065s] running install_egg_info
[3.065s] Copying ../../build/rb23_video_viewer/rb23_video_viewer.egg-info to /home/denis/DENIS/RollerBot23/guardros_ws/install/rb23_video_viewer/lib/python3.10/site-packages/rb23_video_viewer-0.0.0-py3.10.egg-info
[3.065s] running install_scripts
[3.066s] Installing rb23_video_viewer_node script to /home/denis/DENIS/RollerBot23/guardros_ws/install/rb23_video_viewer/lib/rb23_video_viewer
[3.066s] writing list of installed files to '/home/denis/DENIS/RollerBot23/guardros_ws/build/rb23_video_viewer/install.log'
[3.098s] Invoked command in '/home/denis/DENIS/RollerBot23/guardros_ws/src/rb23_video_viewer' returned '0': PYTHONPATH=/home/denis/DENIS/RollerBot23/guardros_ws/build/rb23_video_viewer/prefix_override:/usr/lib/python3/dist-packages/colcon_core/task/python/colcon_distutils_commands:/home/denis/DENIS/RollerBot23/guardros_ws/install/rb23_video_viewer/lib/python3.10/site-packages:${PYTHONPATH} /usr/bin/python3 -W ignore:setup.py install is deprecated -W ignore:easy_install command is deprecated setup.py egg_info --egg-base ../../build/rb23_video_viewer build --build-base /home/denis/DENIS/RollerBot23/guardros_ws/build/rb23_video_viewer/build install --record /home/denis/DENIS/RollerBot23/guardros_ws/build/rb23_video_viewer/install.log --single-version-externally-managed install_data --force
