[0.697s] Invoking command in '/home/denis/DENIS/RollerBot23/guardros_ws/build/rb23_telemetry_viewer': AMENT_PREFIX_PATH=/home/denis/DENIS/RollerBot23/guardros_ws/install/guardros_msgs:${AMENT_PREFIX_PATH} CMAKE_PREFIX_PATH=/home/denis/DENIS/RollerBot23/guardros_ws/install/guardros_msgs LD_LIBRARY_PATH=/home/denis/DENIS/RollerBot23/guardros_ws/install/guardros_msgs/lib:${LD_LIBRARY_PATH} PYTHONPATH=/home/denis/DENIS/RollerBot23/guardros_ws/build/rb23_telemetry_viewer/prefix_override:/usr/lib/python3/dist-packages/colcon_core/task/python/colcon_distutils_commands:/home/denis/DENIS/RollerBot23/guardros_ws/install/rb23_telemetry_viewer/lib/python3.10/site-packages:/home/denis/DENIS/RollerBot23/guardros_ws/install/guardros_msgs/local/lib/python3.10/dist-packages:${PYTHONPATH} /usr/bin/python3 -W ignore:setup.py install is deprecated -W ignore:easy_install command is deprecated setup.py develop --editable --build-directory /home/denis/DENIS/RollerBot23/guardros_ws/build/rb23_telemetry_viewer/build --no-deps symlink_data
[1.001s] running develop
[1.177s] running egg_info
[1.178s] creating rb23_telemetry_viewer.egg-info
[1.178s] writing rb23_telemetry_viewer.egg-info/PKG-INFO
[1.178s] writing dependency_links to rb23_telemetry_viewer.egg-info/dependency_links.txt
[1.178s] writing entry points to rb23_telemetry_viewer.egg-info/entry_points.txt
[1.178s] writing requirements to rb23_telemetry_viewer.egg-info/requires.txt
[1.178s] writing top-level names to rb23_telemetry_viewer.egg-info/top_level.txt
[1.178s] writing manifest file 'rb23_telemetry_viewer.egg-info/SOURCES.txt'
[1.180s] reading manifest file 'rb23_telemetry_viewer.egg-info/SOURCES.txt'
[1.180s] writing manifest file 'rb23_telemetry_viewer.egg-info/SOURCES.txt'
[1.182s] running build_ext
[1.182s] Creating /home/denis/DENIS/RollerBot23/guardros_ws/install/rb23_telemetry_viewer/lib/python3.10/site-packages/rb23-telemetry-viewer.egg-link (link to .)
[1.182s] Installing rb23_telemetry_viewer_node script to /home/denis/DENIS/RollerBot23/guardros_ws/install/rb23_telemetry_viewer/lib/rb23_telemetry_viewer
[1.183s] 
[1.183s] Installed /home/denis/DENIS/RollerBot23/guardros_ws/build/rb23_telemetry_viewer
[1.183s] running symlink_data
[1.183s] creating /home/denis/DENIS/RollerBot23/guardros_ws/install/rb23_telemetry_viewer/share/ament_index
[1.183s] creating /home/denis/DENIS/RollerBot23/guardros_ws/install/rb23_telemetry_viewer/share/ament_index/resource_index
[1.183s] creating /home/denis/DENIS/RollerBot23/guardros_ws/install/rb23_telemetry_viewer/share/ament_index/resource_index/packages
[1.183s] symbolically linking /home/denis/DENIS/RollerBot23/guardros_ws/build/rb23_telemetry_viewer/resource/rb23_telemetry_viewer -> /home/denis/DENIS/RollerBot23/guardros_ws/install/rb23_telemetry_viewer/share/ament_index/resource_index/packages
[1.183s] symbolically linking /home/denis/DENIS/RollerBot23/guardros_ws/build/rb23_telemetry_viewer/package.xml -> /home/denis/DENIS/RollerBot23/guardros_ws/install/rb23_telemetry_viewer/share/rb23_telemetry_viewer
[1.207s] Invoked command in '/home/denis/DENIS/RollerBot23/guardros_ws/build/rb23_telemetry_viewer' returned '0': AMENT_PREFIX_PATH=/home/denis/DENIS/RollerBot23/guardros_ws/install/guardros_msgs:${AMENT_PREFIX_PATH} CMAKE_PREFIX_PATH=/home/denis/DENIS/RollerBot23/guardros_ws/install/guardros_msgs LD_LIBRARY_PATH=/home/denis/DENIS/RollerBot23/guardros_ws/install/guardros_msgs/lib:${LD_LIBRARY_PATH} PYTHONPATH=/home/denis/DENIS/RollerBot23/guardros_ws/build/rb23_telemetry_viewer/prefix_override:/usr/lib/python3/dist-packages/colcon_core/task/python/colcon_distutils_commands:/home/denis/DENIS/RollerBot23/guardros_ws/install/rb23_telemetry_viewer/lib/python3.10/site-packages:/home/denis/DENIS/RollerBot23/guardros_ws/install/guardros_msgs/local/lib/python3.10/dist-packages:${PYTHONPATH} /usr/bin/python3 -W ignore:setup.py install is deprecated -W ignore:easy_install command is deprecated setup.py develop --editable --build-directory /home/denis/DENIS/RollerBot23/guardros_ws/build/rb23_telemetry_viewer/build --no-deps symlink_data
