[1.764s] Invoking command in '/home/denis/DENIS/RollerBot23/guardros_ws/src/rb23_ros_driver': PYTHONPATH=/home/denis/DENIS/RollerBot23/guardros_ws/build/rb23_ros_driver/prefix_override:/usr/lib/python3/dist-packages/colcon_core/task/python/colcon_distutils_commands:/home/denis/DENIS/RollerBot23/guardros_ws/install/rb23_ros_driver/lib/python3.10/site-packages:${PYTHONPATH} /usr/bin/python3 -W ignore:setup.py install is deprecated -W ignore:easy_install command is deprecated setup.py egg_info --egg-base ../../build/rb23_ros_driver build --build-base /home/denis/DENIS/RollerBot23/guardros_ws/build/rb23_ros_driver/build install --record /home/denis/DENIS/RollerBot23/guardros_ws/build/rb23_ros_driver/install.log --single-version-externally-managed install_data
[2.019s] running egg_info
[2.020s] writing ../../build/rb23_ros_driver/rb23_ros_driver.egg-info/PKG-INFO
[2.021s] writing dependency_links to ../../build/rb23_ros_driver/rb23_ros_driver.egg-info/dependency_links.txt
[2.022s] writing entry points to ../../build/rb23_ros_driver/rb23_ros_driver.egg-info/entry_points.txt
[2.022s] writing requirements to ../../build/rb23_ros_driver/rb23_ros_driver.egg-info/requires.txt
[2.022s] writing top-level names to ../../build/rb23_ros_driver/rb23_ros_driver.egg-info/top_level.txt
[2.023s] reading manifest file '../../build/rb23_ros_driver/rb23_ros_driver.egg-info/SOURCES.txt'
[2.023s] adding license file 'LICENSE'
[2.024s] writing manifest file '../../build/rb23_ros_driver/rb23_ros_driver.egg-info/SOURCES.txt'
[2.024s] running build
[2.025s] running build_py
[2.025s] running install
[2.025s] running install_lib
[2.026s] running install_data
[2.028s] running install_egg_info
[2.031s] removing '/home/denis/DENIS/RollerBot23/guardros_ws/install/rb23_ros_driver/lib/python3.10/site-packages/rb23_ros_driver-0.0.0-py3.10.egg-info' (and everything under it)
[2.031s] Copying ../../build/rb23_ros_driver/rb23_ros_driver.egg-info to /home/denis/DENIS/RollerBot23/guardros_ws/install/rb23_ros_driver/lib/python3.10/site-packages/rb23_ros_driver-0.0.0-py3.10.egg-info
[2.031s] running install_scripts
[2.053s] Installing rb23_driver_node script to /home/denis/DENIS/RollerBot23/guardros_ws/install/rb23_ros_driver/lib/rb23_ros_driver
[2.053s] writing list of installed files to '/home/denis/DENIS/RollerBot23/guardros_ws/build/rb23_ros_driver/install.log'
[2.084s] Invoked command in '/home/denis/DENIS/RollerBot23/guardros_ws/src/rb23_ros_driver' returned '0': PYTHONPATH=/home/denis/DENIS/RollerBot23/guardros_ws/build/rb23_ros_driver/prefix_override:/usr/lib/python3/dist-packages/colcon_core/task/python/colcon_distutils_commands:/home/denis/DENIS/RollerBot23/guardros_ws/install/rb23_ros_driver/lib/python3.10/site-packages:${PYTHONPATH} /usr/bin/python3 -W ignore:setup.py install is deprecated -W ignore:easy_install command is deprecated setup.py egg_info --egg-base ../../build/rb23_ros_driver build --build-base /home/denis/DENIS/RollerBot23/guardros_ws/build/rb23_ros_driver/build install --record /home/denis/DENIS/RollerBot23/guardros_ws/build/rb23_ros_driver/install.log --single-version-externally-managed install_data
