running develop
Removing /home/denis/DENIS/RollerBot23/guardros_ws/install/rb23_ros_driver/lib/python3.10/site-packages/rb23-ros-driver.egg-link (link to .)
running egg_info
writing ../../build/rb23_ros_driver/rb23_ros_driver.egg-info/PKG-INFO
writing dependency_links to ../../build/rb23_ros_driver/rb23_ros_driver.egg-info/dependency_links.txt
writing entry points to ../../build/rb23_ros_driver/rb23_ros_driver.egg-info/entry_points.txt
writing requirements to ../../build/rb23_ros_driver/rb23_ros_driver.egg-info/requires.txt
writing top-level names to ../../build/rb23_ros_driver/rb23_ros_driver.egg-info/top_level.txt
reading manifest file '../../build/rb23_ros_driver/rb23_ros_driver.egg-info/SOURCES.txt'
adding license file 'LICENSE'
writing manifest file '../../build/rb23_ros_driver/rb23_ros_driver.egg-info/SOURCES.txt'
running build
running build_py
creating /home/denis/DENIS/RollerBot23/guardros_ws/build/rb23_ros_driver/build
creating /home/denis/DENIS/RollerBot23/guardros_ws/build/rb23_ros_driver/build/lib
creating /home/denis/DENIS/RollerBot23/guardros_ws/build/rb23_ros_driver/build/lib/rb23_ros_driver
copying rb23_ros_driver/rb23_driver_node.py -> /home/denis/DENIS/RollerBot23/guardros_ws/build/rb23_ros_driver/build/lib/rb23_ros_driver
copying rb23_ros_driver/__init__.py -> /home/denis/DENIS/RollerBot23/guardros_ws/build/rb23_ros_driver/build/lib/rb23_ros_driver
copying rb23_ros_driver/rb23_driver_node_bkp.py -> /home/denis/DENIS/RollerBot23/guardros_ws/build/rb23_ros_driver/build/lib/rb23_ros_driver
running install
running install_lib
creating /home/denis/DENIS/RollerBot23/guardros_ws/install/rb23_ros_driver/lib/python3.10/site-packages/rb23_ros_driver
copying /home/denis/DENIS/RollerBot23/guardros_ws/build/rb23_ros_driver/build/lib/rb23_ros_driver/rb23_driver_node.py -> /home/denis/DENIS/RollerBot23/guardros_ws/install/rb23_ros_driver/lib/python3.10/site-packages/rb23_ros_driver
copying /home/denis/DENIS/RollerBot23/guardros_ws/build/rb23_ros_driver/build/lib/rb23_ros_driver/__init__.py -> /home/denis/DENIS/RollerBot23/guardros_ws/install/rb23_ros_driver/lib/python3.10/site-packages/rb23_ros_driver
copying /home/denis/DENIS/RollerBot23/guardros_ws/build/rb23_ros_driver/build/lib/rb23_ros_driver/rb23_driver_node_bkp.py -> /home/denis/DENIS/RollerBot23/guardros_ws/install/rb23_ros_driver/lib/python3.10/site-packages/rb23_ros_driver
byte-compiling /home/denis/DENIS/RollerBot23/guardros_ws/install/rb23_ros_driver/lib/python3.10/site-packages/rb23_ros_driver/rb23_driver_node.py to rb23_driver_node.cpython-310.pyc
byte-compiling /home/denis/DENIS/RollerBot23/guardros_ws/install/rb23_ros_driver/lib/python3.10/site-packages/rb23_ros_driver/__init__.py to __init__.cpython-310.pyc
byte-compiling /home/denis/DENIS/RollerBot23/guardros_ws/install/rb23_ros_driver/lib/python3.10/site-packages/rb23_ros_driver/rb23_driver_node_bkp.py to rb23_driver_node_bkp.cpython-310.pyc
running install_data
copying resource/rb23_ros_driver -> /home/denis/DENIS/RollerBot23/guardros_ws/install/rb23_ros_driver/share/ament_index/resource_index/packages
copying package.xml -> /home/denis/DENIS/RollerBot23/guardros_ws/install/rb23_ros_driver/share/rb23_ros_driver
running install_egg_info
Copying ../../build/rb23_ros_driver/rb23_ros_driver.egg-info to /home/denis/DENIS/RollerBot23/guardros_ws/install/rb23_ros_driver/lib/python3.10/site-packages/rb23_ros_driver-0.0.0-py3.10.egg-info
running install_scripts
Installing rb23_driver_node script to /home/denis/DENIS/RollerBot23/guardros_ws/install/rb23_ros_driver/lib/rb23_ros_driver
writing list of installed files to '/home/denis/DENIS/RollerBot23/guardros_ws/build/rb23_ros_driver/install.log'
