[1.325s] Invoking command in '/home/denis/DENIS/RollerBot23/guardros_ws/build/rb23_ros_driver': PYTHONPATH=/home/denis/DENIS/RollerBot23/guardros_ws/build/rb23_ros_driver/prefix_override:/usr/lib/python3/dist-packages/colcon_core/task/python/colcon_distutils_commands:/home/denis/DENIS/RollerBot23/guardros_ws/install/rb23_ros_driver/lib/python3.10/site-packages:${PYTHONPATH} /usr/bin/python3 -W ignore:setup.py install is deprecated -W ignore:easy_install command is deprecated setup.py develop --uninstall --editable --build-directory /home/denis/DENIS/RollerBot23/guardros_ws/build/rb23_ros_driver/build
[1.664s] running develop
[1.885s] Removing /home/denis/DENIS/RollerBot23/guardros_ws/install/rb23_ros_driver/lib/python3.10/site-packages/rb23-ros-driver.egg-link (link to .)
[1.931s] Invoked command in '/home/denis/DENIS/RollerBot23/guardros_ws/build/rb23_ros_driver' returned '0': PYTHONPATH=/home/denis/DENIS/RollerBot23/guardros_ws/build/rb23_ros_driver/prefix_override:/usr/lib/python3/dist-packages/colcon_core/task/python/colcon_distutils_commands:/home/denis/DENIS/RollerBot23/guardros_ws/install/rb23_ros_driver/lib/python3.10/site-packages:${PYTHONPATH} /usr/bin/python3 -W ignore:setup.py install is deprecated -W ignore:easy_install command is deprecated setup.py develop --uninstall --editable --build-directory /home/denis/DENIS/RollerBot23/guardros_ws/build/rb23_ros_driver/build
[1.932s] Invoking command in '/home/denis/DENIS/RollerBot23/guardros_ws/src/rb23_ros_driver': PYTHONPATH=/home/denis/DENIS/RollerBot23/guardros_ws/build/rb23_ros_driver/prefix_override:/usr/lib/python3/dist-packages/colcon_core/task/python/colcon_distutils_commands:/home/denis/DENIS/RollerBot23/guardros_ws/install/rb23_ros_driver/lib/python3.10/site-packages:${PYTHONPATH} /usr/bin/python3 -W ignore:setup.py install is deprecated -W ignore:easy_install command is deprecated setup.py egg_info --egg-base ../../build/rb23_ros_driver build --build-base /home/denis/DENIS/RollerBot23/guardros_ws/build/rb23_ros_driver/build install --record /home/denis/DENIS/RollerBot23/guardros_ws/build/rb23_ros_driver/install.log --single-version-externally-managed install_data --force
[2.332s] running egg_info
[2.337s] writing ../../build/rb23_ros_driver/rb23_ros_driver.egg-info/PKG-INFO
[2.337s] writing dependency_links to ../../build/rb23_ros_driver/rb23_ros_driver.egg-info/dependency_links.txt
[2.337s] writing entry points to ../../build/rb23_ros_driver/rb23_ros_driver.egg-info/entry_points.txt
[2.337s] writing requirements to ../../build/rb23_ros_driver/rb23_ros_driver.egg-info/requires.txt
[2.338s] writing top-level names to ../../build/rb23_ros_driver/rb23_ros_driver.egg-info/top_level.txt
[2.338s] reading manifest file '../../build/rb23_ros_driver/rb23_ros_driver.egg-info/SOURCES.txt'
[2.338s] adding license file 'LICENSE'
[2.339s] writing manifest file '../../build/rb23_ros_driver/rb23_ros_driver.egg-info/SOURCES.txt'
[2.356s] running build
[2.356s] running build_py
[2.357s] creating /home/denis/DENIS/RollerBot23/guardros_ws/build/rb23_ros_driver/build
[2.357s] creating /home/denis/DENIS/RollerBot23/guardros_ws/build/rb23_ros_driver/build/lib
[2.357s] creating /home/denis/DENIS/RollerBot23/guardros_ws/build/rb23_ros_driver/build/lib/rb23_ros_driver
[2.357s] copying rb23_ros_driver/rb23_driver_node.py -> /home/denis/DENIS/RollerBot23/guardros_ws/build/rb23_ros_driver/build/lib/rb23_ros_driver
[2.359s] copying rb23_ros_driver/__init__.py -> /home/denis/DENIS/RollerBot23/guardros_ws/build/rb23_ros_driver/build/lib/rb23_ros_driver
[2.360s] copying rb23_ros_driver/rb23_driver_node_bkp.py -> /home/denis/DENIS/RollerBot23/guardros_ws/build/rb23_ros_driver/build/lib/rb23_ros_driver
[2.360s] running install
[2.360s] running install_lib
[2.360s] creating /home/denis/DENIS/RollerBot23/guardros_ws/install/rb23_ros_driver/lib/python3.10/site-packages/rb23_ros_driver
[2.360s] copying /home/denis/DENIS/RollerBot23/guardros_ws/build/rb23_ros_driver/build/lib/rb23_ros_driver/rb23_driver_node.py -> /home/denis/DENIS/RollerBot23/guardros_ws/install/rb23_ros_driver/lib/python3.10/site-packages/rb23_ros_driver
[2.360s] copying /home/denis/DENIS/RollerBot23/guardros_ws/build/rb23_ros_driver/build/lib/rb23_ros_driver/__init__.py -> /home/denis/DENIS/RollerBot23/guardros_ws/install/rb23_ros_driver/lib/python3.10/site-packages/rb23_ros_driver
[2.361s] copying /home/denis/DENIS/RollerBot23/guardros_ws/build/rb23_ros_driver/build/lib/rb23_ros_driver/rb23_driver_node_bkp.py -> /home/denis/DENIS/RollerBot23/guardros_ws/install/rb23_ros_driver/lib/python3.10/site-packages/rb23_ros_driver
[2.361s] byte-compiling /home/denis/DENIS/RollerBot23/guardros_ws/install/rb23_ros_driver/lib/python3.10/site-packages/rb23_ros_driver/rb23_driver_node.py to rb23_driver_node.cpython-310.pyc
[2.372s] byte-compiling /home/denis/DENIS/RollerBot23/guardros_ws/install/rb23_ros_driver/lib/python3.10/site-packages/rb23_ros_driver/__init__.py to __init__.cpython-310.pyc
[2.373s] byte-compiling /home/denis/DENIS/RollerBot23/guardros_ws/install/rb23_ros_driver/lib/python3.10/site-packages/rb23_ros_driver/rb23_driver_node_bkp.py to rb23_driver_node_bkp.cpython-310.pyc
[2.375s] running install_data
[2.375s] copying resource/rb23_ros_driver -> /home/denis/DENIS/RollerBot23/guardros_ws/install/rb23_ros_driver/share/ament_index/resource_index/packages
[2.376s] copying package.xml -> /home/denis/DENIS/RollerBot23/guardros_ws/install/rb23_ros_driver/share/rb23_ros_driver
[2.376s] running install_egg_info
[2.380s] Copying ../../build/rb23_ros_driver/rb23_ros_driver.egg-info to /home/denis/DENIS/RollerBot23/guardros_ws/install/rb23_ros_driver/lib/python3.10/site-packages/rb23_ros_driver-0.0.0-py3.10.egg-info
[2.380s] running install_scripts
[2.415s] Installing rb23_driver_node script to /home/denis/DENIS/RollerBot23/guardros_ws/install/rb23_ros_driver/lib/rb23_ros_driver
[2.416s] writing list of installed files to '/home/denis/DENIS/RollerBot23/guardros_ws/build/rb23_ros_driver/install.log'
[2.464s] Invoked command in '/home/denis/DENIS/RollerBot23/guardros_ws/src/rb23_ros_driver' returned '0': PYTHONPATH=/home/denis/DENIS/RollerBot23/guardros_ws/build/rb23_ros_driver/prefix_override:/usr/lib/python3/dist-packages/colcon_core/task/python/colcon_distutils_commands:/home/denis/DENIS/RollerBot23/guardros_ws/install/rb23_ros_driver/lib/python3.10/site-packages:${PYTHONPATH} /usr/bin/python3 -W ignore:setup.py install is deprecated -W ignore:easy_install command is deprecated setup.py egg_info --egg-base ../../build/rb23_ros_driver build --build-base /home/denis/DENIS/RollerBot23/guardros_ws/build/rb23_ros_driver/build install --record /home/denis/DENIS/RollerBot23/guardros_ws/build/rb23_ros_driver/install.log --single-version-externally-managed install_data --force
