[1.924s] Invoking command in '/home/denis/DENIS/RollerBot23/guardros_ws/src/rb23_video_viewer': PYTHONPATH=/home/denis/DENIS/RollerBot23/guardros_ws/build/rb23_video_viewer/prefix_override:/usr/lib/python3/dist-packages/colcon_core/task/python/colcon_distutils_commands:/home/denis/DENIS/RollerBot23/guardros_ws/install/rb23_video_viewer/lib/python3.10/site-packages:${PYTHONPATH} /usr/bin/python3 -W ignore:setup.py install is deprecated -W ignore:easy_install command is deprecated setup.py egg_info --egg-base ../../build/rb23_video_viewer build --build-base /home/denis/DENIS/RollerBot23/guardros_ws/build/rb23_video_viewer/build install --record /home/denis/DENIS/RollerBot23/guardros_ws/build/rb23_video_viewer/install.log --single-version-externally-managed install_data
[2.302s] running egg_info
[2.303s] writing ../../build/rb23_video_viewer/rb23_video_viewer.egg-info/PKG-INFO
[2.304s] writing dependency_links to ../../build/rb23_video_viewer/rb23_video_viewer.egg-info/dependency_links.txt
[2.304s] writing entry points to ../../build/rb23_video_viewer/rb23_video_viewer.egg-info/entry_points.txt
[2.304s] writing requirements to ../../build/rb23_video_viewer/rb23_video_viewer.egg-info/requires.txt
[2.305s] writing top-level names to ../../build/rb23_video_viewer/rb23_video_viewer.egg-info/top_level.txt
[2.310s] reading manifest file '../../build/rb23_video_viewer/rb23_video_viewer.egg-info/SOURCES.txt'
[2.311s] writing manifest file '../../build/rb23_video_viewer/rb23_video_viewer.egg-info/SOURCES.txt'
[2.312s] running build
[2.312s] running build_py
[2.312s] running install
[2.315s] running install_lib
[2.315s] running install_data
[2.315s] running install_egg_info
[2.317s] removing '/home/denis/DENIS/RollerBot23/guardros_ws/install/rb23_video_viewer/lib/python3.10/site-packages/rb23_video_viewer-0.0.0-py3.10.egg-info' (and everything under it)
[2.317s] Copying ../../build/rb23_video_viewer/rb23_video_viewer.egg-info to /home/denis/DENIS/RollerBot23/guardros_ws/install/rb23_video_viewer/lib/python3.10/site-packages/rb23_video_viewer-0.0.0-py3.10.egg-info
[2.318s] running install_scripts
[2.349s] Installing rb23_video_viewer_node script to /home/denis/DENIS/RollerBot23/guardros_ws/install/rb23_video_viewer/lib/rb23_video_viewer
[2.349s] writing list of installed files to '/home/denis/DENIS/RollerBot23/guardros_ws/build/rb23_video_viewer/install.log'
[2.398s] Invoked command in '/home/denis/DENIS/RollerBot23/guardros_ws/src/rb23_video_viewer' returned '0': PYTHONPATH=/home/denis/DENIS/RollerBot23/guardros_ws/build/rb23_video_viewer/prefix_override:/usr/lib/python3/dist-packages/colcon_core/task/python/colcon_distutils_commands:/home/denis/DENIS/RollerBot23/guardros_ws/install/rb23_video_viewer/lib/python3.10/site-packages:${PYTHONPATH} /usr/bin/python3 -W ignore:setup.py install is deprecated -W ignore:easy_install command is deprecated setup.py egg_info --egg-base ../../build/rb23_video_viewer build --build-base /home/denis/DENIS/RollerBot23/guardros_ws/build/rb23_video_viewer/build install --record /home/denis/DENIS/RollerBot23/guardros_ws/build/rb23_video_viewer/install.log --single-version-externally-managed install_data
