[1.307s] Invoking command in '/home/denis/DENIS/RollerBot23/guardros_ws/build/rb23_video_viewer': PYTHONPATH=/home/denis/DENIS/RollerBot23/guardros_ws/build/rb23_video_viewer/prefix_override:/usr/lib/python3/dist-packages/colcon_core/task/python/colcon_distutils_commands:/home/denis/DENIS/RollerBot23/guardros_ws/install/rb23_video_viewer/lib/python3.10/site-packages:${PYTHONPATH} /usr/bin/python3 -W ignore:setup.py install is deprecated -W ignore:easy_install command is deprecated setup.py develop --uninstall --editable --build-directory /home/denis/DENIS/RollerBot23/guardros_ws/build/rb23_video_viewer/build
[1.665s] running develop
[1.869s] Removing /home/denis/DENIS/RollerBot23/guardros_ws/install/rb23_video_viewer/lib/python3.10/site-packages/rb23-video-viewer.egg-link (link to .)
[1.911s] Invoked command in '/home/denis/DENIS/RollerBot23/guardros_ws/build/rb23_video_viewer' returned '0': PYTHONPATH=/home/denis/DENIS/RollerBot23/guardros_ws/build/rb23_video_viewer/prefix_override:/usr/lib/python3/dist-packages/colcon_core/task/python/colcon_distutils_commands:/home/denis/DENIS/RollerBot23/guardros_ws/install/rb23_video_viewer/lib/python3.10/site-packages:${PYTHONPATH} /usr/bin/python3 -W ignore:setup.py install is deprecated -W ignore:easy_install command is deprecated setup.py develop --uninstall --editable --build-directory /home/denis/DENIS/RollerBot23/guardros_ws/build/rb23_video_viewer/build
[1.914s] Invoking command in '/home/denis/DENIS/RollerBot23/guardros_ws/src/rb23_video_viewer': PYTHONPATH=/home/denis/DENIS/RollerBot23/guardros_ws/build/rb23_video_viewer/prefix_override:/usr/lib/python3/dist-packages/colcon_core/task/python/colcon_distutils_commands:/home/denis/DENIS/RollerBot23/guardros_ws/install/rb23_video_viewer/lib/python3.10/site-packages:${PYTHONPATH} /usr/bin/python3 -W ignore:setup.py install is deprecated -W ignore:easy_install command is deprecated setup.py egg_info --egg-base ../../build/rb23_video_viewer build --build-base /home/denis/DENIS/RollerBot23/guardros_ws/build/rb23_video_viewer/build install --record /home/denis/DENIS/RollerBot23/guardros_ws/build/rb23_video_viewer/install.log --single-version-externally-managed install_data --force
[2.329s] running egg_info
[2.330s] writing ../../build/rb23_video_viewer/rb23_video_viewer.egg-info/PKG-INFO
[2.330s] writing dependency_links to ../../build/rb23_video_viewer/rb23_video_viewer.egg-info/dependency_links.txt
[2.330s] writing entry points to ../../build/rb23_video_viewer/rb23_video_viewer.egg-info/entry_points.txt
[2.349s] writing requirements to ../../build/rb23_video_viewer/rb23_video_viewer.egg-info/requires.txt
[2.349s] writing top-level names to ../../build/rb23_video_viewer/rb23_video_viewer.egg-info/top_level.txt
[2.349s] reading manifest file '../../build/rb23_video_viewer/rb23_video_viewer.egg-info/SOURCES.txt'
[2.357s] writing manifest file '../../build/rb23_video_viewer/rb23_video_viewer.egg-info/SOURCES.txt'
[2.357s] running build
[2.357s] running build_py
[2.357s] creating /home/denis/DENIS/RollerBot23/guardros_ws/build/rb23_video_viewer/build
[2.357s] creating /home/denis/DENIS/RollerBot23/guardros_ws/build/rb23_video_viewer/build/lib
[2.357s] creating /home/denis/DENIS/RollerBot23/guardros_ws/build/rb23_video_viewer/build/lib/rb23_video_viewer
[2.357s] copying rb23_video_viewer/__init__.py -> /home/denis/DENIS/RollerBot23/guardros_ws/build/rb23_video_viewer/build/lib/rb23_video_viewer
[2.358s] copying rb23_video_viewer/rb23_video_viewer_node.py -> /home/denis/DENIS/RollerBot23/guardros_ws/build/rb23_video_viewer/build/lib/rb23_video_viewer
[2.358s] running install
[2.358s] running install_lib
[2.361s] creating /home/denis/DENIS/RollerBot23/guardros_ws/install/rb23_video_viewer/lib/python3.10/site-packages/rb23_video_viewer
[2.361s] copying /home/denis/DENIS/RollerBot23/guardros_ws/build/rb23_video_viewer/build/lib/rb23_video_viewer/__init__.py -> /home/denis/DENIS/RollerBot23/guardros_ws/install/rb23_video_viewer/lib/python3.10/site-packages/rb23_video_viewer
[2.361s] copying /home/denis/DENIS/RollerBot23/guardros_ws/build/rb23_video_viewer/build/lib/rb23_video_viewer/rb23_video_viewer_node.py -> /home/denis/DENIS/RollerBot23/guardros_ws/install/rb23_video_viewer/lib/python3.10/site-packages/rb23_video_viewer
[2.362s] byte-compiling /home/denis/DENIS/RollerBot23/guardros_ws/install/rb23_video_viewer/lib/python3.10/site-packages/rb23_video_viewer/__init__.py to __init__.cpython-310.pyc
[2.365s] byte-compiling /home/denis/DENIS/RollerBot23/guardros_ws/install/rb23_video_viewer/lib/python3.10/site-packages/rb23_video_viewer/rb23_video_viewer_node.py to rb23_video_viewer_node.cpython-310.pyc
[2.366s] running install_data
[2.366s] copying resource/rb23_video_viewer -> /home/denis/DENIS/RollerBot23/guardros_ws/install/rb23_video_viewer/share/ament_index/resource_index/packages
[2.367s] copying package.xml -> /home/denis/DENIS/RollerBot23/guardros_ws/install/rb23_video_viewer/share/rb23_video_viewer
[2.367s] running install_egg_info
[2.373s] Copying ../../build/rb23_video_viewer/rb23_video_viewer.egg-info to /home/denis/DENIS/RollerBot23/guardros_ws/install/rb23_video_viewer/lib/python3.10/site-packages/rb23_video_viewer-0.0.0-py3.10.egg-info
[2.373s] running install_scripts
[2.407s] Installing rb23_video_viewer_node script to /home/denis/DENIS/RollerBot23/guardros_ws/install/rb23_video_viewer/lib/rb23_video_viewer
[2.407s] writing list of installed files to '/home/denis/DENIS/RollerBot23/guardros_ws/build/rb23_video_viewer/install.log'
[2.467s] Invoked command in '/home/denis/DENIS/RollerBot23/guardros_ws/src/rb23_video_viewer' returned '0': PYTHONPATH=/home/denis/DENIS/RollerBot23/guardros_ws/build/rb23_video_viewer/prefix_override:/usr/lib/python3/dist-packages/colcon_core/task/python/colcon_distutils_commands:/home/denis/DENIS/RollerBot23/guardros_ws/install/rb23_video_viewer/lib/python3.10/site-packages:${PYTHONPATH} /usr/bin/python3 -W ignore:setup.py install is deprecated -W ignore:easy_install command is deprecated setup.py egg_info --egg-base ../../build/rb23_video_viewer build --build-base /home/denis/DENIS/RollerBot23/guardros_ws/build/rb23_video_viewer/build install --record /home/denis/DENIS/RollerBot23/guardros_ws/build/rb23_video_viewer/install.log --single-version-externally-managed install_data --force
